**********************
Windows PowerShell transcript start
Start time: 20260925181554
Username: DESKTOP-CKIIVNP\Joshu
RunAs User: DESKTOP-CKIIVNP\Joshu
Configuration Name: 
Machine: DESKTOP-CKIIVNP (Microsoft Windows NT 10.0.19045.0)
Host Application: powershell.exe -NoLogo -NoProfile -ExecutionPolicy Bypass -File C:\Users\Joshu\OneDrive\Desktop\MYLES_CANONICAL_CLEANUP_V0_5_3\MYLES_CANONICAL_CLEANUP_V0_5_3\PATCH.ps1
Process ID: 13392
PSVersion: 5.1.19041.6456
PSEdition: Desktop
PSCompatibleVersions: 1.0, 2.0, 3.0, 4.0, 5.0, 5.1.19041.6456
BuildVersion: 10.0.19041.6456
CLRVersion: 4.0.30319.42000
WSManStackVersion: 3.0
PSRemotingProtocolVersion: 2.3
SerializationVersion: 1.1.0.1
**********************

=======================================================================
 MYLES v0.5.3 - ONE CANONICAL DASHBOARD + HARD GITHUB LOCK
=======================================================================
Restores the dark Owner Console, retires duplicate dashboards, hard-blocks continuous GitHub mutation, and keeps live state on the tower bridge.
Run log: C:\Users\Joshu\AppData\Local\MylesAI\logs\canonical_cleanup_v0_5_3_20260925_181554.log

=== Stopping old workers that could still publish ===
PASS: legacy workers/scheduled publishers stopped where present.

=== Backing up runtime + canonical dashboard ===
PASS: backup created at C:\Users\Joshu\AppData\Local\MylesAI\backups\canonical_cleanup_v0_5_3_20260925_181554

=== Installing hard runtime repository policy ===
C:\Users\Joshu\AppData\Local\MylesAI\myles_core.py
C:\Users\Joshu\AppData\Local\MylesAI\job_worker.py
PASS: first-person owner voice guard present
PASS: continuous-job dashboard/GitHub policy injected at job creation
PASS: worker hard-blocks remote GitHub mutation for continuous jobs
PASS: legacy dashboard repositories are denied mutation targets
PASS: myles_core.py + job_worker.py compile

=== Restoring the one canonical dark Owner Console ===

usage: git [-v | --version] [-h | --help] [-C <path>] [-c <name>=<value>]
           [--exec-path[=<path>]] [--html-path] [--man-path] [--info-path]
           [-p | --paginate | -P | --no-pager] [--no-replace-objects] [--no-lazy-fetch]
           [--no-optional-locks] [--no-advice] [--bare] [--git-dir=<path>]
           [--work-tree=<path>] [--namespace=<name>] [--config-env=<name>=<envvar>]
           <command> [<args>]

These are common Git commands used in various situations:

start a working area (see also: git help tutorial)
   clone      Clone a repository into a new directory
   init       Create an empty Git repository or reinitialize an existing one

work on the current change (see also: git help everyday)
   add        Add file contents to the index
   mv         Move or rename a file, a directory, or a symlink
   restore    Restore working tree files
   rm         Remove files from the working tree and from the index

examine the history and state (see also: git help revisions)
   bisect     Use binary search to find the commit that introduced a bug
   diff       Show changes between commits, commit and working tree, etc
   grep       Print lines matching a pattern
   log        Show commit logs
   show       Show various types of objects
   status     Show the working tree status

grow, mark and tweak your common history
   backfill   Download missing objects in a partial clone
   branch     List, create, or delete branches
   commit     Record changes to the repository
   history    EXPERIMENTAL: Rewrite history
   merge      Join two or more development histories together
   rebase     Reapply commits on top of another base tip
   reset      Set `HEAD` or the index to a known state
   switch     Switch branches
   tag        Create, list, delete or verify tags

collaborate (see also: git help workflows)
   fetch      Download objects and refs from another repository
   pull       Fetch from and integrate with another repository or a local branch
   push       Update remote refs along with associated objects

'git help -a' and 'git help -g' list available subcommands and some
concept guides. See 'git help <command>' or 'git help <concept>'
to read about a specific subcommand or concept.
See 'git help git' for an overview of the system.
PS>TerminatingError(): "git  failed with exit code 1"

=======================================================================
 MYLES v0.5.3 STOPPED
=======================================================================
git  failed with exit code 1
At C:\Users\Joshu\OneDrive\Desktop\MYLES_CANONICAL_CLEANUP_V0_5_3\MYLES_CANONICAL_CLEANUP_V0_5_3\PATCH.ps1:20 char:9
+         throw "git $($Args -join ' ') failed with exit code $LASTEXIT ...
+         ~~~~~~~~~~~~~~~~~~~~~~~~~~~~~~~~~~~~~~~~~~~~~~~~~~~~~~~~~~~~~
**********************
Windows PowerShell transcript end
End time: 20260925181556
**********************
