**********************
Windows PowerShell transcript start
Start time: 20260925182732
Username: DESKTOP-CKIIVNP\Joshu
RunAs User: DESKTOP-CKIIVNP\Joshu
Configuration Name: 
Machine: DESKTOP-CKIIVNP (Microsoft Windows NT 10.0.19045.0)
Host Application: powershell.exe -NoLogo -NoProfile -ExecutionPolicy Bypass -File C:\Users\Joshu\OneDrive\Desktop\MYLES_CANONICAL_FINALIZER_V0_5_5\MYLES_CANONICAL_FINALIZER_V0_5_5\PATCH.ps1
Process ID: 8492
PSVersion: 5.1.19041.6456
PSEdition: Desktop
PSCompatibleVersions: 1.0, 2.0, 3.0, 4.0, 5.0, 5.1.19041.6456
BuildVersion: 10.0.19041.6456
CLRVersion: 4.0.30319.42000
WSManStackVersion: 3.0
PSRemotingProtocolVersion: 2.3
SerializationVersion: 1.1.0.1
**********************

=======================================================================
 MYLES v0.5.5 - CANONICAL CLEANUP FINALIZER
=======================================================================
Finishes legacy-repo retirement, loads the already-installed runtime policy, and verifies one production dashboard.
Run log: C:\Users\Joshu\AppData\Local\MylesAI\logs\canonical_finalizer_v0_5_5_20260925_182732.log

=== Verifying canonical dashboard is already restored ===
PASS: canonical dark dashboard is present and remote main is reachable.

=== Verifying hard runtime repository guards ===
PASS: continuous remote-GitHub lock + duplicate-project hard block are installed.

=== Retiring every legacy Myles dashboard/status repository ===
Processing Myles-ControlCenter...
PS>TerminatingError(): "git commit -m Retire duplicate Myles repository; redirect to canonical Control Center failed with exit code 1: error: pathspec 'duplicate' did not match any file(s) known to git
error: pathspec 'Myles' did not match any file(s) known to git
error: pathspec 'repository;' did not match any file(s) known to git
error: pathspec 'redirect' did not match any file(s) known to git
error: pathspec 'to' did not match any file(s) known to git
error: pathspec 'canonical' did not match any file(s) known to git
error: pathspec 'Control' did not match any file(s) known to git
error: pathspec 'Center' did not match any file(s) known to git"
WARNING: Myles-ControlCenter: git commit -m Retire duplicate Myles repository; redirect to canonical Control Center failed with exit code 1: error: pathspec 'duplicate' did not match any file(s) known to git
error: pathspec 'Myles' did not match any file(s) known to git
error: pathspec 'repository;' did not match any file(s) known to git
error: pathspec 'redirect' did not match any file(s) known to git
error: pathspec 'to' did not match any file(s) known to git
error: pathspec 'canonical' did not match any file(s) known to git
error: pathspec 'Control' did not match any file(s) known to git
error: pathspec 'Center' did not match any file(s) known to git
Processing MylesLiveStatus...
PS>TerminatingError(): "git commit -m Retire duplicate Myles repository; redirect to canonical Control Center failed with exit code 1: error: pathspec 'duplicate' did not match any file(s) known to git
error: pathspec 'Myles' did not match any file(s) known to git
error: pathspec 'repository;' did not match any file(s) known to git
error: pathspec 'redirect' did not match any file(s) known to git
error: pathspec 'to' did not match any file(s) known to git
error: pathspec 'canonical' did not match any file(s) known to git
error: pathspec 'Control' did not match any file(s) known to git
error: pathspec 'Center' did not match any file(s) known to git"
WARNING: MylesLiveStatus: git commit -m Retire duplicate Myles repository; redirect to canonical Control Center failed with exit code 1: error: pathspec 'duplicate' did not match any file(s) known to git
error: pathspec 'Myles' did not match any file(s) known to git
error: pathspec 'repository;' did not match any file(s) known to git
error: pathspec 'redirect' did not match any file(s) known to git
error: pathspec 'to' did not match any file(s) known to git
error: pathspec 'canonical' did not match any file(s) known to git
error: pathspec 'Control' did not match any file(s) known to git
error: pathspec 'Center' did not match any file(s) known to git
Processing M83-dashboard...
PS>TerminatingError(): "git commit -m Retire duplicate Myles repository; redirect to canonical Control Center failed with exit code 1: error: pathspec 'duplicate' did not match any file(s) known to git
error: pathspec 'Myles' did not match any file(s) known to git
error: pathspec 'repository;' did not match any file(s) known to git
error: pathspec 'redirect' did not match any file(s) known to git
error: pathspec 'to' did not match any file(s) known to git
error: pathspec 'canonical' did not match any file(s) known to git
error: pathspec 'Control' did not match any file(s) known to git
error: pathspec 'Center' did not match any file(s) known to git"
WARNING: M83-dashboard: git commit -m Retire duplicate Myles repository; redirect to canonical Control Center failed with exit code 1: error: pathspec 'duplicate' did not match any file(s) known to git
error: pathspec 'Myles' did not match any file(s) known to git
error: pathspec 'repository;' did not match any file(s) known to git
error: pathspec 'redirect' did not match any file(s) known to git
error: pathspec 'to' did not match any file(s) known to git
error: pathspec 'canonical' did not match any file(s) known to git
error: pathspec 'Control' did not match any file(s) known to git
error: pathspec 'Center' did not match any file(s) known to git
Processing my-dashboard...
PS>TerminatingError(): "git commit -m Retire duplicate Myles repository; redirect to canonical Control Center failed with exit code 1: error: pathspec 'duplicate' did not match any file(s) known to git
error: pathspec 'Myles' did not match any file(s) known to git
error: pathspec 'repository;' did not match any file(s) known to git
error: pathspec 'redirect' did not match any file(s) known to git
error: pathspec 'to' did not match any file(s) known to git
error: pathspec 'canonical' did not match any file(s) known to git
error: pathspec 'Control' did not match any file(s) known to git
error: pathspec 'Center' did not match any file(s) known to git"
WARNING: my-dashboard: git commit -m Retire duplicate Myles repository; redirect to canonical Control Center failed with exit code 1: error: pathspec 'duplicate' did not match any file(s) known to git
error: pathspec 'Myles' did not match any file(s) known to git
error: pathspec 'repository;' did not match any file(s) known to git
error: pathspec 'redirect' did not match any file(s) known to git
error: pathspec 'to' did not match any file(s) known to git
error: pathspec 'canonical' did not match any file(s) known to git
error: pathspec 'Control' did not match any file(s) known to git
error: pathspec 'Center' did not match any file(s) known to git
Processing progress-dashboard...
PS>TerminatingError(): "git commit -m Retire duplicate Myles repository; redirect to canonical Control Center failed with exit code 1: error: pathspec 'duplicate' did not match any file(s) known to git
error: pathspec 'Myles' did not match any file(s) known to git
error: pathspec 'repository;' did not match any file(s) known to git
error: pathspec 'redirect' did not match any file(s) known to git
error: pathspec 'to' did not match any file(s) known to git
error: pathspec 'canonical' did not match any file(s) known to git
error: pathspec 'Control' did not match any file(s) known to git
error: pathspec 'Center' did not match any file(s) known to git"
WARNING: progress-dashboard: git commit -m Retire duplicate Myles repository; redirect to canonical Control Center failed with exit code 1: error: pathspec 'duplicate' did not match any file(s) known to git
error: pathspec 'Myles' did not match any file(s) known to git
error: pathspec 'repository;' did not match any file(s) known to git
error: pathspec 'redirect' did not match any file(s) known to git
error: pathspec 'to' did not match any file(s) known to git
error: pathspec 'canonical' did not match any file(s) known to git
error: pathspec 'Control' did not match any file(s) known to git
error: pathspec 'Center' did not match any file(s) known to git
Processing myles-dashboard...
PS>TerminatingError(): "git commit -m Retire duplicate Myles repository; redirect to canonical Control Center failed with exit code 1: error: pathspec 'duplicate' did not match any file(s) known to git
error: pathspec 'Myles' did not match any file(s) known to git
error: pathspec 'repository;' did not match any file(s) known to git
error: pathspec 'redirect' did not match any file(s) known to git
error: pathspec 'to' did not match any file(s) known to git
error: pathspec 'canonical' did not match any file(s) known to git
error: pathspec 'Control' did not match any file(s) known to git
error: pathspec 'Center' did not match any file(s) known to git"
WARNING: myles-dashboard: git commit -m Retire duplicate Myles repository; redirect to canonical Control Center failed with exit code 1: error: pathspec 'duplicate' did not match any file(s) known to git
error: pathspec 'Myles' did not match any file(s) known to git
error: pathspec 'repository;' did not match any file(s) known to git
error: pathspec 'redirect' did not match any file(s) known to git
error: pathspec 'to' did not match any file(s) known to git
error: pathspec 'canonical' did not match any file(s) known to git
error: pathspec 'Control' did not match any file(s) known to git
error: pathspec 'Center' did not match any file(s) known to git
Processing Myles-AI-Dashboard...
PS>TerminatingError(): "git commit -m Retire duplicate Myles repository; redirect to canonical Control Center failed with exit code 1: error: pathspec 'duplicate' did not match any file(s) known to git
error: pathspec 'Myles' did not match any file(s) known to git
error: pathspec 'repository;' did not match any file(s) known to git
error: pathspec 'redirect' did not match any file(s) known to git
error: pathspec 'to' did not match any file(s) known to git
error: pathspec 'canonical' did not match any file(s) known to git
error: pathspec 'Control' did not match any file(s) known to git
error: pathspec 'Center' did not match any file(s) known to git"
WARNING: Myles-AI-Dashboard: git commit -m Retire duplicate Myles repository; redirect to canonical Control Center failed with exit code 1: error: pathspec 'duplicate' did not match any file(s) known to git
error: pathspec 'Myles' did not match any file(s) known to git
error: pathspec 'repository;' did not match any file(s) known to git
error: pathspec 'redirect' did not match any file(s) known to git
error: pathspec 'to' did not match any file(s) known to git
error: pathspec 'canonical' did not match any file(s) known to git
error: pathspec 'Control' did not match any file(s) known to git
error: pathspec 'Center' did not match any file(s) known to git
Processing Myles-Ecosystem...
PS>TerminatingError(): "git commit -m Retire duplicate Myles repository; redirect to canonical Control Center failed with exit code 1: error: pathspec 'duplicate' did not match any file(s) known to git
error: pathspec 'Myles' did not match any file(s) known to git
error: pathspec 'repository;' did not match any file(s) known to git
error: pathspec 'redirect' did not match any file(s) known to git
error: pathspec 'to' did not match any file(s) known to git
error: pathspec 'canonical' did not match any file(s) known to git
error: pathspec 'Control' did not match any file(s) known to git
error: pathspec 'Center' did not match any file(s) known to git"
WARNING: Myles-Ecosystem: git commit -m Retire duplicate Myles repository; redirect to canonical Control Center failed with exit code 1: error: pathspec 'duplicate' did not match any file(s) known to git
error: pathspec 'Myles' did not match any file(s) known to git
error: pathspec 'repository;' did not match any file(s) known to git
error: pathspec 'redirect' did not match any file(s) known to git
error: pathspec 'to' did not match any file(s) known to git
error: pathspec 'canonical' did not match any file(s) known to git
error: pathspec 'Control' did not match any file(s) known to git
error: pathspec 'Center' did not match any file(s) known to git

=== Restarting Myles so the v0.5.4 repository policy is live ===
NOTICE: Myles core is healthy. No standalone job_worker.py process was visible after 5 seconds; core-managed worker scheduling may be in-process/on-demand.

=== Verifying the public production dashboard ===
PASS: public production dashboard is the dark canonical Control Center.

=======================================================================
 MYLES v0.5.5: CLEANUP FINALIZED
=======================================================================
Production UI:        JoshuaDuskin/MylesDashboard
Quant source:          JoshuaDuskin/trading-dashboard
Live state:            authenticated tower bridge
Continuous GitHub:     HARD-BLOCKED
Duplicate repo create: HARD-BLOCKED
Legacy redirects:      0/8
Myles runtime:          restarted + healthy
Quant / GMX:            untouched
Phone bridge:           untouched
PineTree:               untouched
Run log:                C:\Users\Joshu\AppData\Local\MylesAI\logs\canonical_finalizer_v0_5_5_20260925_182732.log

Legacy repositories that could not be rewritten with the tower's current Git credentials:
 - Myles-ControlCenter: git commit -m Retire duplicate Myles repository; redirect to canonical Control Center failed with exit code 1: error: pathspec 'duplicate' did not match any file(s) known to git
error: pathspec 'Myles' did not match any file(s) known to git
error: pathspec 'repository;' did not match any file(s) known to git
error: pathspec 'redirect' did not match any file(s) known to git
error: pathspec 'to' did not match any file(s) known to git
error: pathspec 'canonical' did not match any file(s) known to git
error: pathspec 'Control' did not match any file(s) known to git
error: pathspec 'Center' did not match any file(s) known to git
 - MylesLiveStatus: git commit -m Retire duplicate Myles repository; redirect to canonical Control Center failed with exit code 1: error: pathspec 'duplicate' did not match any file(s) known to git
error: pathspec 'Myles' did not match any file(s) known to git
error: pathspec 'repository;' did not match any file(s) known to git
error: pathspec 'redirect' did not match any file(s) known to git
error: pathspec 'to' did not match any file(s) known to git
error: pathspec 'canonical' did not match any file(s) known to git
error: pathspec 'Control' did not match any file(s) known to git
error: pathspec 'Center' did not match any file(s) known to git
 - M83-dashboard: git commit -m Retire duplicate Myles repository; redirect to canonical Control Center failed with exit code 1: error: pathspec 'duplicate' did not match any file(s) known to git
error: pathspec 'Myles' did not match any file(s) known to git
error: pathspec 'repository;' did not match any file(s) known to git
error: pathspec 'redirect' did not match any file(s) known to git
error: pathspec 'to' did not match any file(s) known to git
error: pathspec 'canonical' did not match any file(s) known to git
error: pathspec 'Control' did not match any file(s) known to git
error: pathspec 'Center' did not match any file(s) known to git
 - my-dashboard: git commit -m Retire duplicate Myles repository; redirect to canonical Control Center failed with exit code 1: error: pathspec 'duplicate' did not match any file(s) known to git
error: pathspec 'Myles' did not match any file(s) known to git
error: pathspec 'repository;' did not match any file(s) known to git
error: pathspec 'redirect' did not match any file(s) known to git
error: pathspec 'to' did not match any file(s) known to git
error: pathspec 'canonical' did not match any file(s) known to git
error: pathspec 'Control' did not match any file(s) known to git
error: pathspec 'Center' did not match any file(s) known to git
 - progress-dashboard: git commit -m Retire duplicate Myles repository; redirect to canonical Control Center failed with exit code 1: error: pathspec 'duplicate' did not match any file(s) known to git
error: pathspec 'Myles' did not match any file(s) known to git
error: pathspec 'repository;' did not match any file(s) known to git
error: pathspec 'redirect' did not match any file(s) known to git
error: pathspec 'to' did not match any file(s) known to git
error: pathspec 'canonical' did not match any file(s) known to git
error: pathspec 'Control' did not match any file(s) known to git
error: pathspec 'Center' did not match any file(s) known to git
 - myles-dashboard: git commit -m Retire duplicate Myles repository; redirect to canonical Control Center failed with exit code 1: error: pathspec 'duplicate' did not match any file(s) known to git
error: pathspec 'Myles' did not match any file(s) known to git
error: pathspec 'repository;' did not match any file(s) known to git
error: pathspec 'redirect' did not match any file(s) known to git
error: pathspec 'to' did not match any file(s) known to git
error: pathspec 'canonical' did not match any file(s) known to git
error: pathspec 'Control' did not match any file(s) known to git
error: pathspec 'Center' did not match any file(s) known to git
 - Myles-AI-Dashboard: git commit -m Retire duplicate Myles repository; redirect to canonical Control Center failed with exit code 1: error: pathspec 'duplicate' did not match any file(s) known to git
error: pathspec 'Myles' did not match any file(s) known to git
error: pathspec 'repository;' did not match any file(s) known to git
error: pathspec 'redirect' did not match any file(s) known to git
error: pathspec 'to' did not match any file(s) known to git
error: pathspec 'canonical' did not match any file(s) known to git
error: pathspec 'Control' did not match any file(s) known to git
error: pathspec 'Center' did not match any file(s) known to git
 - Myles-Ecosystem: git commit -m Retire duplicate Myles repository; redirect to canonical Control Center failed with exit code 1: error: pathspec 'duplicate' did not match any file(s) known to git
error: pathspec 'Myles' did not match any file(s) known to git
error: pathspec 'repository;' did not match any file(s) known to git
error: pathspec 'redirect' did not match any file(s) known to git
error: pathspec 'to' did not match any file(s) known to git
error: pathspec 'canonical' did not match any file(s) known to git
error: pathspec 'Control' did not match any file(s) known to git
error: pathspec 'Center' did not match any file(s) known to git
These failures do NOT weaken the runtime hard block or canonical production dashboard.

NOTE: GitHub repository ARCHIVING is not required for safety and is intentionally not attempted here because GitHub CLI is not authenticated.
**********************
Windows PowerShell transcript end
End time: 20260925182832
**********************
