
=======================================================================
 MYLES CLASSIC CONSOLE + RUNTIME FIX v0.6.9
=======================================================================
Restores the prior one-window Myles console behavior and removes blank/duplicate startup windows.
Log: C:\Users\Joshu\AppData\Local\MylesAI\logs\classic_console_runtime_fix_v069_20260925_232426.log

=======================================================================
 1. Back up and remove duplicate launchers
=======================================================================
PASS: duplicate Myles startup entries removed; legacy tasks removed: none active

=======================================================================
 2. Install one hidden runtime supervisor + one classic visible console
=======================================================================
PASS: hidden supervisor = MylesRuntimeStackV069.vbs
PASS: visible startup console = MylesClassicConsole.cmd
PASS: desktop shortcut restored = C:\Users\Joshu\OneDrive\Desktop\Myles Console.lnk

=======================================================================
 3. Keep Myles + Quant + GMX alive
=======================================================================
PASS: Myles v9.7.0 healthy / PID 13244
PASS: Quant v0.6.2 / running / mode paper
PASS: GMX v0.6.2 / armed=False / auto=False
PASS: local dashboard bridge healthy

=======================================================================
 4. Open the restored Myles console
=======================================================================
PASS: one classic Myles console launched
PASS: hidden runtime components will not open extra CMD/PowerShell windows
PASS: closing the console does not stop Myles or Quant

=======================================================================
 FIX COMPLETE
=======================================================================
Myles + Quant remain running in the background.
Live-money GMX execution remains DISARMED/OFF.
PineTree was not touched.
