==========================================================================
 MYLES UNIFIED RUNTIME REPAIR v0.7.5
==========================================================================
One click. No manual PowerShell. PineTree is never touched.
Run log: C:\Users\Joshu\AppData\Local\MylesAI\logs\clean_rebuild_v074_20260926_125143.log

==========================================================================
 1. Back up and retire duplicate launchers
==========================================================================
PASS: archived stale workspaces outside the live Myles folder
PASS: backed up current Myles state at C:\Users\Joshu\AppData\Local\MylesAI\backups\clean_rebuild_v074_20260926_125143
PASS: retired 0 Startup item(s), 1 Run/RunOnce value(s), 0 scheduled task(s), 15 old process(es)
PASS: archived 6 stale storage/launcher item(s) outside the live Myles folder

==========================================================================
 2. Restore the local Myles and trading services
==========================================================================
PASS: Myles v9.7.0 healthy / PID 13424
PASS: Quant v0.6.2 / running / paper
PASS: GMX v0.6.2 / armed=False / auto=False

==========================================================================
 3. Restore the authenticated bridge and public read gateway
==========================================================================
PASS: authenticated bridge healthy / 1.8
ERROR: [WinError 3] The system cannot find the path specified
