2026-09-26T13:52:01Z INF Thank you for trying Cloudflare Tunnel. Doing so, without a Cloudflare account, is a quick way to experiment and try it out. However, be aware that these account-less Tunnels have no uptime guarantee, are subject to the Cloudflare Online Services Terms of Use (https://www.cloudflare.com/website-terms/), and Cloudflare reserves the right to investigate your use of Tunnels for violations of such terms. If you intend to use Tunnels in production you should use a pre-created named tunnel by following: https://developers.cloudflare.com/cloudflare-one/connections/connect-apps
2026-09-26T13:52:01Z INF Requesting new quick Tunnel on trycloudflare.com...
2026-09-26T13:52:04Z INF +--------------------------------------------------------------------------------------------+
2026-09-26T13:52:04Z INF |  Your quick Tunnel has been created! Visit it at (it may take some time to be reachable):  |
2026-09-26T13:52:04Z INF |  https://sense-arrangement-claire-summary.trycloudflare.com                                |
2026-09-26T13:52:04Z INF +--------------------------------------------------------------------------------------------+
2026-09-26T13:52:04Z INF Cannot determine default configuration path. No file [config.yml config.yaml] in [~/.cloudflared ~/.cloudflare-warp ~/cloudflare-warp]
2026-09-26T13:52:04Z INF Version 2026.9.3 (Checksum f096265ec2fcbe9bb6e2d64268db167ced3fcbb83d894bdb9e2fcdb26f2ea7e2)
2026-09-26T13:52:04Z INF GOOS: windows, GOVersion: go1.26.8, GoArch: amd64
2026-09-26T13:52:04Z INF Settings: map[ha-connections:1 loglevel:info no-autoupdate:true p:http2 protocol:http2 url:http://127.0.0.1:8791]
2026-09-26T13:52:04Z INF cloudflared will not automatically update on Windows systems.
2026-09-26T13:52:04Z INF Generated Connector ID: 74284269-0f66-4a3a-8493-d32df4a05095
2026-09-26T13:52:04Z INF Initial protocol http2
2026-09-26T13:52:04Z INF ICMP proxy will use 192.168.4.45 as source for IPv4
2026-09-26T13:52:04Z INF ICMP proxy will use fd86:af15:9504:1:7ed7:57c3:60:d1a8 in zone Ethernet as source for IPv6
2026-09-26T13:52:04Z INF cloudflared does not support loading the system root certificate pool on Windows. Please use --origin-ca-pool <PATH> to specify the path to the certificate pool
2026-09-26T13:52:04Z INF ICMP proxy will use 192.168.4.45 as source for IPv4
2026-09-26T13:52:04Z INF Tunnel connection curve preferences: [X25519MLKEM768 CurveID(65074) CurveP256] connIndex=0 event=0 ip=198.41.200.73
2026-09-26T13:52:04Z INF ICMP proxy will use fd86:af15:9504:1:7ed7:57c3:60:d1a8 in zone Ethernet as source for IPv6
2026-09-26T13:52:04Z INF Starting metrics server on 127.0.0.1:20241/metrics
2026-09-26T13:52:04Z INF Registered tunnel connection connIndex=0 connection=80474e54-150c-4924-8970-ea327f834481 event=0 ip=198.41.200.73 location=mci03 protocol=http2
2026-09-26T13:52:10Z INF +--------------------------------------------------------------------------------------+
2026-09-26T13:52:10Z INF |                               CONNECTIVITY PRE-CHECKS                                |
2026-09-26T13:52:10Z INF +--------------------------------------------------------------------------------------+
2026-09-26T13:52:10Z INF |  COMPONENT         TARGET                     STATUS  DETAILS                        |
2026-09-26T13:52:10Z INF |  DNS Resolution    region1.v2.argotunnel.com  PASS    DNS Resolved successfully      |
2026-09-26T13:52:10Z INF |  DNS Resolution    region2.v2.argotunnel.com  PASS    DNS Resolved successfully      |
2026-09-26T13:52:10Z INF |  UDP Connectivity  region1.v2.argotunnel.com  PASS    QUIC connection successful     |
2026-09-26T13:52:10Z INF |  UDP Connectivity  region2.v2.argotunnel.com  PASS    QUIC connection successful     |
2026-09-26T13:52:10Z INF |  TCP Connectivity  region1.v2.argotunnel.com  PASS    HTTP/2 connection successful   |
2026-09-26T13:52:10Z INF |  TCP Connectivity  region2.v2.argotunnel.com  PASS    HTTP/2 connection successful   |
2026-09-26T13:52:10Z INF |  Cloudflare API    api.cloudflare.com:443     PASS    API is reachable               |
2026-09-26T13:52:10Z INF |                                                                                      |
2026-09-26T13:52:10Z INF |  SUMMARY: Environment is healthy. cloudflared will use 'http2' as primary protocol.  |
2026-09-26T13:52:10Z INF +--------------------------------------------------------------------------------------+
2026-09-26T13:52:10Z INF precheck component="DNS Resolution" details="DNS Resolved successfully" run_id=28c7a68b-e52b-428d-9523-6c373a4b5fac status=pass target=region1.v2.argotunnel.com
2026-09-26T13:52:10Z INF precheck component="DNS Resolution" details="DNS Resolved successfully" run_id=28c7a68b-e52b-428d-9523-6c373a4b5fac status=pass target=region2.v2.argotunnel.com
2026-09-26T13:52:10Z INF precheck component="UDP Connectivity" details="QUIC connection successful" run_id=28c7a68b-e52b-428d-9523-6c373a4b5fac status=pass target=region1.v2.argotunnel.com
2026-09-26T13:52:10Z INF precheck component="UDP Connectivity" details="QUIC connection successful" run_id=28c7a68b-e52b-428d-9523-6c373a4b5fac status=pass target=region2.v2.argotunnel.com
2026-09-26T13:52:10Z INF precheck component="TCP Connectivity" details="HTTP/2 connection successful" run_id=28c7a68b-e52b-428d-9523-6c373a4b5fac status=pass target=region1.v2.argotunnel.com
2026-09-26T13:52:10Z INF precheck component="TCP Connectivity" details="HTTP/2 connection successful" run_id=28c7a68b-e52b-428d-9523-6c373a4b5fac status=pass target=region2.v2.argotunnel.com
2026-09-26T13:52:10Z INF precheck component="Cloudflare API" details="API is reachable" run_id=28c7a68b-e52b-428d-9523-6c373a4b5fac status=pass target=api.cloudflare.com:443
2026-09-26T13:52:10Z INF precheck complete hard_fail=false run_id=28c7a68b-e52b-428d-9523-6c373a4b5fac suggested_protocol=http2
