2026-09-26T04:56:10Z INF Thank you for trying Cloudflare Tunnel. Doing so, without a Cloudflare account, is a quick way to experiment and try it out. However, be aware that these account-less Tunnels have no uptime guarantee, are subject to the Cloudflare Online Services Terms of Use (https://www.cloudflare.com/website-terms/), and Cloudflare reserves the right to investigate your use of Tunnels for violations of such terms. If you intend to use Tunnels in production you should use a pre-created named tunnel by following: https://developers.cloudflare.com/cloudflare-one/connections/connect-apps
2026-09-26T04:56:10Z INF Requesting new quick Tunnel on trycloudflare.com...
2026-09-26T04:56:14Z INF +--------------------------------------------------------------------------------------------+
2026-09-26T04:56:14Z INF |  Your quick Tunnel has been created! Visit it at (it may take some time to be reachable):  |
2026-09-26T04:56:14Z INF |  https://ranger-fortune-risks-sheets.trycloudflare.com                                     |
2026-09-26T04:56:14Z INF +--------------------------------------------------------------------------------------------+
2026-09-26T04:56:14Z INF Cannot determine default configuration path. No file [config.yml config.yaml] in [~/.cloudflared ~/.cloudflare-warp ~/cloudflare-warp]
2026-09-26T04:56:14Z INF Version 2026.9.3 (Checksum f096265ec2fcbe9bb6e2d64268db167ced3fcbb83d894bdb9e2fcdb26f2ea7e2)
2026-09-26T04:56:14Z INF GOOS: windows, GOVersion: go1.26.8, GoArch: amd64
2026-09-26T04:56:14Z INF Settings: map[ha-connections:1 loglevel:info no-autoupdate:true p:http2 protocol:http2 url:http://127.0.0.1:8791]
2026-09-26T04:56:14Z INF cloudflared will not automatically update on Windows systems.
2026-09-26T04:56:14Z INF Generated Connector ID: 8d3fd424-feae-423a-a08d-fcf0d614feae
2026-09-26T04:56:14Z INF Initial protocol http2
2026-09-26T04:56:14Z INF ICMP proxy will use 192.168.4.45 as source for IPv4
2026-09-26T04:56:14Z INF ICMP proxy will use fd86:af15:9504:1:7ed7:57c3:60:d1a8 in zone Ethernet as source for IPv6
2026-09-26T04:56:14Z INF cloudflared does not support loading the system root certificate pool on Windows. Please use --origin-ca-pool <PATH> to specify the path to the certificate pool
2026-09-26T04:56:14Z INF ICMP proxy will use 192.168.4.45 as source for IPv4
2026-09-26T04:56:14Z INF Tunnel connection curve preferences: [X25519MLKEM768 CurveID(65074) CurveP256] connIndex=0 event=0 ip=198.41.192.107
2026-09-26T04:56:14Z INF ICMP proxy will use fd86:af15:9504:1:7ed7:57c3:60:d1a8 in zone Ethernet as source for IPv6
2026-09-26T04:56:14Z INF Starting metrics server on 127.0.0.1:20241/metrics
2026-09-26T04:56:14Z INF Registered tunnel connection connIndex=0 connection=d95aefea-7d60-4019-9117-71d9ff5a44b4 event=0 ip=198.41.192.107 location=dfw07 protocol=http2
2026-09-26T04:56:20Z INF +--------------------------------------------------------------------------------------+
2026-09-26T04:56:20Z INF |                               CONNECTIVITY PRE-CHECKS                                |
2026-09-26T04:56:20Z INF +--------------------------------------------------------------------------------------+
2026-09-26T04:56:20Z INF |  COMPONENT         TARGET                     STATUS  DETAILS                        |
2026-09-26T04:56:20Z INF |  DNS Resolution    region1.v2.argotunnel.com  PASS    DNS Resolved successfully      |
2026-09-26T04:56:20Z INF |  DNS Resolution    region2.v2.argotunnel.com  PASS    DNS Resolved successfully      |
2026-09-26T04:56:20Z INF |  UDP Connectivity  region1.v2.argotunnel.com  PASS    QUIC connection successful     |
2026-09-26T04:56:20Z INF |  UDP Connectivity  region2.v2.argotunnel.com  PASS    QUIC connection successful     |
2026-09-26T04:56:20Z INF |  TCP Connectivity  region1.v2.argotunnel.com  PASS    HTTP/2 connection successful   |
2026-09-26T04:56:20Z INF |  TCP Connectivity  region2.v2.argotunnel.com  PASS    HTTP/2 connection successful   |
2026-09-26T04:56:20Z INF |  Cloudflare API    api.cloudflare.com:443     PASS    API is reachable               |
2026-09-26T04:56:20Z INF |                                                                                      |
2026-09-26T04:56:20Z INF |  SUMMARY: Environment is healthy. cloudflared will use 'http2' as primary protocol.  |
2026-09-26T04:56:20Z INF +--------------------------------------------------------------------------------------+
2026-09-26T04:56:20Z INF precheck component="DNS Resolution" details="DNS Resolved successfully" run_id=eaed5375-a127-43f3-8fac-ae996a6f907f status=pass target=region1.v2.argotunnel.com
2026-09-26T04:56:20Z INF precheck component="DNS Resolution" details="DNS Resolved successfully" run_id=eaed5375-a127-43f3-8fac-ae996a6f907f status=pass target=region2.v2.argotunnel.com
2026-09-26T04:56:20Z INF precheck component="UDP Connectivity" details="QUIC connection successful" run_id=eaed5375-a127-43f3-8fac-ae996a6f907f status=pass target=region1.v2.argotunnel.com
2026-09-26T04:56:20Z INF precheck component="UDP Connectivity" details="QUIC connection successful" run_id=eaed5375-a127-43f3-8fac-ae996a6f907f status=pass target=region2.v2.argotunnel.com
2026-09-26T04:56:20Z INF precheck component="TCP Connectivity" details="HTTP/2 connection successful" run_id=eaed5375-a127-43f3-8fac-ae996a6f907f status=pass target=region1.v2.argotunnel.com
2026-09-26T04:56:20Z INF precheck component="TCP Connectivity" details="HTTP/2 connection successful" run_id=eaed5375-a127-43f3-8fac-ae996a6f907f status=pass target=region2.v2.argotunnel.com
2026-09-26T04:56:20Z INF precheck component="Cloudflare API" details="API is reachable" run_id=eaed5375-a127-43f3-8fac-ae996a6f907f status=pass target=api.cloudflare.com:443
2026-09-26T04:56:20Z INF precheck complete hard_fail=false run_id=eaed5375-a127-43f3-8fac-ae996a6f907f suggested_protocol=http2
2026-09-26T04:56:32Z INF Thank you for trying Cloudflare Tunnel. Doing so, without a Cloudflare account, is a quick way to experiment and try it out. However, be aware that these account-less Tunnels have no uptime guarantee, are subject to the Cloudflare Online Services Terms of Use (https://www.cloudflare.com/website-terms/), and Cloudflare reserves the right to investigate your use of Tunnels for violations of such terms. If you intend to use Tunnels in production you should use a pre-created named tunnel by following: https://developers.cloudflare.com/cloudflare-one/connections/connect-apps
2026-09-26T04:56:32Z INF Requesting new quick Tunnel on trycloudflare.com...
2026-09-26T04:56:35Z INF +--------------------------------------------------------------------------------------------+
2026-09-26T04:56:35Z INF |  Your quick Tunnel has been created! Visit it at (it may take some time to be reachable):  |
2026-09-26T04:56:35Z INF |  https://newfoundland-productive-migration-contrast.trycloudflare.com                      |
2026-09-26T04:56:35Z INF +--------------------------------------------------------------------------------------------+
2026-09-26T04:56:35Z INF Cannot determine default configuration path. No file [config.yml config.yaml] in [~/.cloudflared ~/.cloudflare-warp ~/cloudflare-warp]
2026-09-26T04:56:35Z INF Version 2026.9.3 (Checksum f096265ec2fcbe9bb6e2d64268db167ced3fcbb83d894bdb9e2fcdb26f2ea7e2)
2026-09-26T04:56:35Z INF GOOS: windows, GOVersion: go1.26.8, GoArch: amd64
2026-09-26T04:56:35Z INF Settings: map[ha-connections:1 loglevel:info no-autoupdate:true p:http2 protocol:http2 url:http://127.0.0.1:8790]
2026-09-26T04:56:35Z INF cloudflared will not automatically update on Windows systems.
2026-09-26T04:56:35Z INF Generated Connector ID: 90d6dc8a-bb1f-4eaa-b874-018b7982f5f2
2026-09-26T04:56:35Z INF Initial protocol http2
2026-09-26T04:56:35Z INF ICMP proxy will use 192.168.4.45 as source for IPv4
2026-09-26T04:56:35Z INF ICMP proxy will use fd86:af15:9504:1:7ed7:57c3:60:d1a8 in zone Ethernet as source for IPv6
2026-09-26T04:56:35Z INF cloudflared does not support loading the system root certificate pool on Windows. Please use --origin-ca-pool <PATH> to specify the path to the certificate pool
2026-09-26T04:56:35Z INF ICMP proxy will use 192.168.4.45 as source for IPv4
2026-09-26T04:56:35Z INF Tunnel connection curve preferences: [X25519MLKEM768 CurveID(65074) CurveP256] connIndex=0 event=0 ip=198.41.192.37
2026-09-26T04:56:35Z INF ICMP proxy will use fd86:af15:9504:1:7ed7:57c3:60:d1a8 in zone Ethernet as source for IPv6
2026-09-26T04:56:35Z INF Starting metrics server on 127.0.0.1:20242/metrics
2026-09-26T04:56:35Z INF Registered tunnel connection connIndex=0 connection=4331963c-8525-49eb-8b27-69480afd9bf5 event=0 ip=198.41.192.37 location=dfw16 protocol=http2
2026-09-26T04:56:41Z INF +--------------------------------------------------------------------------------------+
2026-09-26T04:56:41Z INF |                               CONNECTIVITY PRE-CHECKS                                |
2026-09-26T04:56:41Z INF +--------------------------------------------------------------------------------------+
2026-09-26T04:56:41Z INF |  COMPONENT         TARGET                     STATUS  DETAILS                        |
2026-09-26T04:56:41Z INF |  DNS Resolution    region1.v2.argotunnel.com  PASS    DNS Resolved successfully      |
2026-09-26T04:56:41Z INF |  DNS Resolution    region2.v2.argotunnel.com  PASS    DNS Resolved successfully      |
2026-09-26T04:56:41Z INF |  UDP Connectivity  region1.v2.argotunnel.com  PASS    QUIC connection successful     |
2026-09-26T04:56:41Z INF |  UDP Connectivity  region2.v2.argotunnel.com  PASS    QUIC connection successful     |
2026-09-26T04:56:41Z INF |  TCP Connectivity  region1.v2.argotunnel.com  PASS    HTTP/2 connection successful   |
2026-09-26T04:56:41Z INF |  TCP Connectivity  region2.v2.argotunnel.com  PASS    HTTP/2 connection successful   |
2026-09-26T04:56:41Z INF |  Cloudflare API    api.cloudflare.com:443     PASS    API is reachable               |
2026-09-26T04:56:41Z INF |                                                                                      |
2026-09-26T04:56:41Z INF |  SUMMARY: Environment is healthy. cloudflared will use 'http2' as primary protocol.  |
2026-09-26T04:56:41Z INF +--------------------------------------------------------------------------------------+
2026-09-26T04:56:41Z INF precheck component="DNS Resolution" details="DNS Resolved successfully" run_id=dbd07bbb-498c-4942-8ed2-32069b24cae1 status=pass target=region1.v2.argotunnel.com
2026-09-26T04:56:41Z INF precheck component="DNS Resolution" details="DNS Resolved successfully" run_id=dbd07bbb-498c-4942-8ed2-32069b24cae1 status=pass target=region2.v2.argotunnel.com
2026-09-26T04:56:41Z INF precheck component="UDP Connectivity" details="QUIC connection successful" run_id=dbd07bbb-498c-4942-8ed2-32069b24cae1 status=pass target=region1.v2.argotunnel.com
2026-09-26T04:56:41Z INF precheck component="UDP Connectivity" details="QUIC connection successful" run_id=dbd07bbb-498c-4942-8ed2-32069b24cae1 status=pass target=region2.v2.argotunnel.com
2026-09-26T04:56:41Z INF precheck component="TCP Connectivity" details="HTTP/2 connection successful" run_id=dbd07bbb-498c-4942-8ed2-32069b24cae1 status=pass target=region1.v2.argotunnel.com
2026-09-26T04:56:41Z INF precheck component="TCP Connectivity" details="HTTP/2 connection successful" run_id=dbd07bbb-498c-4942-8ed2-32069b24cae1 status=pass target=region2.v2.argotunnel.com
2026-09-26T04:56:41Z INF precheck component="Cloudflare API" details="API is reachable" run_id=dbd07bbb-498c-4942-8ed2-32069b24cae1 status=pass target=api.cloudflare.com:443
2026-09-26T04:56:41Z INF precheck complete hard_fail=false run_id=dbd07bbb-498c-4942-8ed2-32069b24cae1 suggested_protocol=http2
2026-09-26T04:57:02Z INF Thank you for trying Cloudflare Tunnel. Doing so, without a Cloudflare account, is a quick way to experiment and try it out. However, be aware that these account-less Tunnels have no uptime guarantee, are subject to the Cloudflare Online Services Terms of Use (https://www.cloudflare.com/website-terms/), and Cloudflare reserves the right to investigate your use of Tunnels for violations of such terms. If you intend to use Tunnels in production you should use a pre-created named tunnel by following: https://developers.cloudflare.com/cloudflare-one/connections/connect-apps
2026-09-26T04:57:02Z INF Requesting new quick Tunnel on trycloudflare.com...
2026-09-26T04:57:05Z INF +--------------------------------------------------------------------------------------------+
2026-09-26T04:57:05Z INF |  Your quick Tunnel has been created! Visit it at (it may take some time to be reachable):  |
2026-09-26T04:57:05Z INF |  https://architects-biotechnology-disabilities-spotlight.trycloudflare.com                 |
2026-09-26T04:57:05Z INF +--------------------------------------------------------------------------------------------+
2026-09-26T04:57:05Z INF Cannot determine default configuration path. No file [config.yml config.yaml] in [~/.cloudflared ~/.cloudflare-warp ~/cloudflare-warp]
2026-09-26T04:57:05Z INF Version 2026.9.3 (Checksum f096265ec2fcbe9bb6e2d64268db167ced3fcbb83d894bdb9e2fcdb26f2ea7e2)
2026-09-26T04:57:05Z INF GOOS: windows, GOVersion: go1.26.8, GoArch: amd64
2026-09-26T04:57:05Z INF Settings: map[ha-connections:1 loglevel:info no-autoupdate:true p:http2 protocol:http2 url:http://127.0.0.1:8790]
2026-09-26T04:57:05Z INF cloudflared will not automatically update on Windows systems.
2026-09-26T04:57:05Z INF Generated Connector ID: f3d53eec-8dc0-440e-b979-82e2d7a41435
2026-09-26T04:57:05Z INF Initial protocol http2
2026-09-26T04:57:05Z INF ICMP proxy will use 192.168.4.45 as source for IPv4
2026-09-26T04:57:05Z INF ICMP proxy will use fd86:af15:9504:1:7ed7:57c3:60:d1a8 in zone Ethernet as source for IPv6
2026-09-26T04:57:05Z INF cloudflared does not support loading the system root certificate pool on Windows. Please use --origin-ca-pool <PATH> to specify the path to the certificate pool
2026-09-26T04:57:05Z INF ICMP proxy will use 192.168.4.45 as source for IPv4
2026-09-26T04:57:05Z INF Tunnel connection curve preferences: [X25519MLKEM768 CurveID(65074) CurveP256] connIndex=0 event=0 ip=198.41.200.233
2026-09-26T04:57:05Z INF ICMP proxy will use fd86:af15:9504:1:7ed7:57c3:60:d1a8 in zone Ethernet as source for IPv6
2026-09-26T04:57:05Z INF Starting metrics server on 127.0.0.1:20243/metrics
2026-09-26T04:57:06Z INF Registered tunnel connection connIndex=0 connection=2637c04f-7b84-41cb-8a71-509125cf82d3 event=0 ip=198.41.200.233 location=mci01 protocol=http2
2026-09-26T04:57:11Z INF +--------------------------------------------------------------------------------------+
2026-09-26T04:57:11Z INF |                               CONNECTIVITY PRE-CHECKS                                |
2026-09-26T04:57:11Z INF +--------------------------------------------------------------------------------------+
2026-09-26T04:57:11Z INF |  COMPONENT         TARGET                     STATUS  DETAILS                        |
2026-09-26T04:57:11Z INF |  DNS Resolution    region1.v2.argotunnel.com  PASS    DNS Resolved successfully      |
2026-09-26T04:57:11Z INF |  DNS Resolution    region2.v2.argotunnel.com  PASS    DNS Resolved successfully      |
2026-09-26T04:57:11Z INF |  UDP Connectivity  region1.v2.argotunnel.com  PASS    QUIC connection successful     |
2026-09-26T04:57:11Z INF |  UDP Connectivity  region2.v2.argotunnel.com  PASS    QUIC connection successful     |
2026-09-26T04:57:11Z INF |  TCP Connectivity  region1.v2.argotunnel.com  PASS    HTTP/2 connection successful   |
2026-09-26T04:57:11Z INF |  TCP Connectivity  region2.v2.argotunnel.com  PASS    HTTP/2 connection successful   |
2026-09-26T04:57:11Z INF |  Cloudflare API    api.cloudflare.com:443     PASS    API is reachable               |
2026-09-26T04:57:11Z INF |                                                                                      |
2026-09-26T04:57:11Z INF |  SUMMARY: Environment is healthy. cloudflared will use 'http2' as primary protocol.  |
2026-09-26T04:57:11Z INF +--------------------------------------------------------------------------------------+
2026-09-26T04:57:11Z INF precheck component="DNS Resolution" details="DNS Resolved successfully" run_id=02b7e42e-ea26-4bce-b1bf-c38794846e54 status=pass target=region1.v2.argotunnel.com
2026-09-26T04:57:11Z INF precheck component="DNS Resolution" details="DNS Resolved successfully" run_id=02b7e42e-ea26-4bce-b1bf-c38794846e54 status=pass target=region2.v2.argotunnel.com
2026-09-26T04:57:11Z INF precheck component="UDP Connectivity" details="QUIC connection successful" run_id=02b7e42e-ea26-4bce-b1bf-c38794846e54 status=pass target=region1.v2.argotunnel.com
2026-09-26T04:57:11Z INF precheck component="UDP Connectivity" details="QUIC connection successful" run_id=02b7e42e-ea26-4bce-b1bf-c38794846e54 status=pass target=region2.v2.argotunnel.com
2026-09-26T04:57:11Z INF precheck component="TCP Connectivity" details="HTTP/2 connection successful" run_id=02b7e42e-ea26-4bce-b1bf-c38794846e54 status=pass target=region1.v2.argotunnel.com
2026-09-26T04:57:11Z INF precheck component="TCP Connectivity" details="HTTP/2 connection successful" run_id=02b7e42e-ea26-4bce-b1bf-c38794846e54 status=pass target=region2.v2.argotunnel.com
2026-09-26T04:57:11Z INF precheck component="Cloudflare API" details="API is reachable" run_id=02b7e42e-ea26-4bce-b1bf-c38794846e54 status=pass target=api.cloudflare.com:443
2026-09-26T04:57:11Z INF precheck complete hard_fail=false run_id=02b7e42e-ea26-4bce-b1bf-c38794846e54 suggested_protocol=http2
2026-09-26T04:57:33Z INF Thank you for trying Cloudflare Tunnel. Doing so, without a Cloudflare account, is a quick way to experiment and try it out. However, be aware that these account-less Tunnels have no uptime guarantee, are subject to the Cloudflare Online Services Terms of Use (https://www.cloudflare.com/website-terms/), and Cloudflare reserves the right to investigate your use of Tunnels for violations of such terms. If you intend to use Tunnels in production you should use a pre-created named tunnel by following: https://developers.cloudflare.com/cloudflare-one/connections/connect-apps
2026-09-26T04:57:33Z INF Requesting new quick Tunnel on trycloudflare.com...
2026-09-26T04:57:36Z INF +--------------------------------------------------------------------------------------------+
2026-09-26T04:57:36Z INF |  Your quick Tunnel has been created! Visit it at (it may take some time to be reachable):  |
2026-09-26T04:57:36Z INF |  https://madonna-exemption-managing-wilderness.trycloudflare.com                           |
2026-09-26T04:57:36Z INF +--------------------------------------------------------------------------------------------+
2026-09-26T04:57:36Z INF Cannot determine default configuration path. No file [config.yml config.yaml] in [~/.cloudflared ~/.cloudflare-warp ~/cloudflare-warp]
2026-09-26T04:57:36Z INF Version 2026.9.3 (Checksum f096265ec2fcbe9bb6e2d64268db167ced3fcbb83d894bdb9e2fcdb26f2ea7e2)
2026-09-26T04:57:36Z INF GOOS: windows, GOVersion: go1.26.8, GoArch: amd64
2026-09-26T04:57:36Z INF Settings: map[ha-connections:1 loglevel:info no-autoupdate:true p:http2 protocol:http2 url:http://127.0.0.1:8790]
2026-09-26T04:57:36Z INF cloudflared will not automatically update on Windows systems.
2026-09-26T04:57:36Z INF Generated Connector ID: e181deda-b70d-44f9-ac0d-e747e44b0ee3
2026-09-26T04:57:36Z INF Initial protocol http2
2026-09-26T04:57:36Z INF ICMP proxy will use 192.168.4.45 as source for IPv4
2026-09-26T04:57:36Z INF ICMP proxy will use fd86:af15:9504:1:7ed7:57c3:60:d1a8 in zone Ethernet as source for IPv6
2026-09-26T04:57:36Z INF cloudflared does not support loading the system root certificate pool on Windows. Please use --origin-ca-pool <PATH> to specify the path to the certificate pool
2026-09-26T04:57:36Z INF ICMP proxy will use 192.168.4.45 as source for IPv4
2026-09-26T04:57:36Z INF Tunnel connection curve preferences: [X25519MLKEM768 CurveID(65074) CurveP256] connIndex=0 event=0 ip=198.41.200.43
2026-09-26T04:57:36Z INF ICMP proxy will use fd86:af15:9504:1:7ed7:57c3:60:d1a8 in zone Ethernet as source for IPv6
2026-09-26T04:57:36Z INF Starting metrics server on 127.0.0.1:20244/metrics
2026-09-26T04:57:37Z INF Registered tunnel connection connIndex=0 connection=1cd01f94-e287-44d2-b79a-52cbbbbf5626 event=0 ip=198.41.200.43 location=mci03 protocol=http2
2026-09-26T04:57:42Z INF +--------------------------------------------------------------------------------------+
2026-09-26T04:57:42Z INF |                               CONNECTIVITY PRE-CHECKS                                |
2026-09-26T04:57:42Z INF +--------------------------------------------------------------------------------------+
2026-09-26T04:57:42Z INF |  COMPONENT         TARGET                     STATUS  DETAILS                        |
2026-09-26T04:57:42Z INF |  DNS Resolution    region1.v2.argotunnel.com  PASS    DNS Resolved successfully      |
2026-09-26T04:57:42Z INF |  DNS Resolution    region2.v2.argotunnel.com  PASS    DNS Resolved successfully      |
2026-09-26T04:57:42Z INF |  UDP Connectivity  region1.v2.argotunnel.com  PASS    QUIC connection successful     |
2026-09-26T04:57:42Z INF |  UDP Connectivity  region2.v2.argotunnel.com  PASS    QUIC connection successful     |
2026-09-26T04:57:42Z INF |  TCP Connectivity  region1.v2.argotunnel.com  PASS    HTTP/2 connection successful   |
2026-09-26T04:57:42Z INF |  TCP Connectivity  region2.v2.argotunnel.com  PASS    HTTP/2 connection successful   |
2026-09-26T04:57:42Z INF |  Cloudflare API    api.cloudflare.com:443     PASS    API is reachable               |
2026-09-26T04:57:42Z INF |                                                                                      |
2026-09-26T04:57:42Z INF |  SUMMARY: Environment is healthy. cloudflared will use 'http2' as primary protocol.  |
2026-09-26T04:57:42Z INF +--------------------------------------------------------------------------------------+
2026-09-26T04:57:42Z INF precheck component="DNS Resolution" details="DNS Resolved successfully" run_id=883b413e-fbcb-459c-92cb-901d1b1d9a34 status=pass target=region1.v2.argotunnel.com
2026-09-26T04:57:42Z INF precheck component="DNS Resolution" details="DNS Resolved successfully" run_id=883b413e-fbcb-459c-92cb-901d1b1d9a34 status=pass target=region2.v2.argotunnel.com
2026-09-26T04:57:42Z INF precheck component="UDP Connectivity" details="QUIC connection successful" run_id=883b413e-fbcb-459c-92cb-901d1b1d9a34 status=pass target=region1.v2.argotunnel.com
2026-09-26T04:57:42Z INF precheck component="UDP Connectivity" details="QUIC connection successful" run_id=883b413e-fbcb-459c-92cb-901d1b1d9a34 status=pass target=region2.v2.argotunnel.com
2026-09-26T04:57:42Z INF precheck component="TCP Connectivity" details="HTTP/2 connection successful" run_id=883b413e-fbcb-459c-92cb-901d1b1d9a34 status=pass target=region1.v2.argotunnel.com
2026-09-26T04:57:42Z INF precheck component="TCP Connectivity" details="HTTP/2 connection successful" run_id=883b413e-fbcb-459c-92cb-901d1b1d9a34 status=pass target=region2.v2.argotunnel.com
2026-09-26T04:57:42Z INF precheck component="Cloudflare API" details="API is reachable" run_id=883b413e-fbcb-459c-92cb-901d1b1d9a34 status=pass target=api.cloudflare.com:443
2026-09-26T04:57:42Z INF precheck complete hard_fail=false run_id=883b413e-fbcb-459c-92cb-901d1b1d9a34 suggested_protocol=http2
2026-09-26T04:58:03Z INF Thank you for trying Cloudflare Tunnel. Doing so, without a Cloudflare account, is a quick way to experiment and try it out. However, be aware that these account-less Tunnels have no uptime guarantee, are subject to the Cloudflare Online Services Terms of Use (https://www.cloudflare.com/website-terms/), and Cloudflare reserves the right to investigate your use of Tunnels for violations of such terms. If you intend to use Tunnels in production you should use a pre-created named tunnel by following: https://developers.cloudflare.com/cloudflare-one/connections/connect-apps
2026-09-26T04:58:03Z INF Requesting new quick Tunnel on trycloudflare.com...
2026-09-26T04:58:07Z INF +--------------------------------------------------------------------------------------------+
2026-09-26T04:58:07Z INF |  Your quick Tunnel has been created! Visit it at (it may take some time to be reachable):  |
2026-09-26T04:58:07Z INF |  https://quite-intensive-pack-tobacco.trycloudflare.com                                    |
2026-09-26T04:58:07Z INF +--------------------------------------------------------------------------------------------+
2026-09-26T04:58:07Z INF Cannot determine default configuration path. No file [config.yml config.yaml] in [~/.cloudflared ~/.cloudflare-warp ~/cloudflare-warp]
2026-09-26T04:58:07Z INF Version 2026.9.3 (Checksum f096265ec2fcbe9bb6e2d64268db167ced3fcbb83d894bdb9e2fcdb26f2ea7e2)
2026-09-26T04:58:07Z INF GOOS: windows, GOVersion: go1.26.8, GoArch: amd64
2026-09-26T04:58:07Z INF Settings: map[ha-connections:1 loglevel:info no-autoupdate:true p:http2 protocol:http2 url:http://127.0.0.1:8790]
2026-09-26T04:58:07Z INF cloudflared will not automatically update on Windows systems.
2026-09-26T04:58:07Z INF Generated Connector ID: 5188e0a1-1088-471c-9765-e91eb50eae69
2026-09-26T04:58:07Z INF Initial protocol http2
2026-09-26T04:58:07Z INF ICMP proxy will use 192.168.4.45 as source for IPv4
2026-09-26T04:58:07Z INF ICMP proxy will use fd86:af15:9504:1:7ed7:57c3:60:d1a8 in zone Ethernet as source for IPv6
2026-09-26T04:58:07Z INF cloudflared does not support loading the system root certificate pool on Windows. Please use --origin-ca-pool <PATH> to specify the path to the certificate pool
2026-09-26T04:58:07Z INF ICMP proxy will use 192.168.4.45 as source for IPv4
2026-09-26T04:58:07Z INF Tunnel connection curve preferences: [X25519MLKEM768 CurveID(65074) CurveP256] connIndex=0 event=0 ip=198.41.200.43
2026-09-26T04:58:07Z INF ICMP proxy will use fd86:af15:9504:1:7ed7:57c3:60:d1a8 in zone Ethernet as source for IPv6
2026-09-26T04:58:07Z INF Starting metrics server on 127.0.0.1:20245/metrics
2026-09-26T04:58:08Z INF Registered tunnel connection connIndex=0 connection=5453a398-d011-48d3-b568-4a4307e906bc event=0 ip=198.41.200.43 location=mci01 protocol=http2
2026-09-26T04:58:13Z INF +--------------------------------------------------------------------------------------+
2026-09-26T04:58:13Z INF |                               CONNECTIVITY PRE-CHECKS                                |
2026-09-26T04:58:13Z INF +--------------------------------------------------------------------------------------+
2026-09-26T04:58:13Z INF |  COMPONENT         TARGET                     STATUS  DETAILS                        |
2026-09-26T04:58:13Z INF |  DNS Resolution    region1.v2.argotunnel.com  PASS    DNS Resolved successfully      |
2026-09-26T04:58:13Z INF |  DNS Resolution    region2.v2.argotunnel.com  PASS    DNS Resolved successfully      |
2026-09-26T04:58:13Z INF |  UDP Connectivity  region1.v2.argotunnel.com  PASS    QUIC connection successful     |
2026-09-26T04:58:13Z INF |  UDP Connectivity  region2.v2.argotunnel.com  PASS    QUIC connection successful     |
2026-09-26T04:58:13Z INF |  TCP Connectivity  region1.v2.argotunnel.com  PASS    HTTP/2 connection successful   |
2026-09-26T04:58:13Z INF |  TCP Connectivity  region2.v2.argotunnel.com  PASS    HTTP/2 connection successful   |
2026-09-26T04:58:13Z INF |  Cloudflare API    api.cloudflare.com:443     PASS    API is reachable               |
2026-09-26T04:58:13Z INF |                                                                                      |
2026-09-26T04:58:13Z INF |  SUMMARY: Environment is healthy. cloudflared will use 'http2' as primary protocol.  |
2026-09-26T04:58:13Z INF +--------------------------------------------------------------------------------------+
2026-09-26T04:58:13Z INF precheck component="DNS Resolution" details="DNS Resolved successfully" run_id=da43b4ea-9698-4b4d-aa89-7f69097c60c2 status=pass target=region1.v2.argotunnel.com
2026-09-26T04:58:13Z INF precheck component="DNS Resolution" details="DNS Resolved successfully" run_id=da43b4ea-9698-4b4d-aa89-7f69097c60c2 status=pass target=region2.v2.argotunnel.com
2026-09-26T04:58:13Z INF precheck component="UDP Connectivity" details="QUIC connection successful" run_id=da43b4ea-9698-4b4d-aa89-7f69097c60c2 status=pass target=region1.v2.argotunnel.com
2026-09-26T04:58:13Z INF precheck component="UDP Connectivity" details="QUIC connection successful" run_id=da43b4ea-9698-4b4d-aa89-7f69097c60c2 status=pass target=region2.v2.argotunnel.com
2026-09-26T04:58:13Z INF precheck component="TCP Connectivity" details="HTTP/2 connection successful" run_id=da43b4ea-9698-4b4d-aa89-7f69097c60c2 status=pass target=region1.v2.argotunnel.com
2026-09-26T04:58:13Z INF precheck component="TCP Connectivity" details="HTTP/2 connection successful" run_id=da43b4ea-9698-4b4d-aa89-7f69097c60c2 status=pass target=region2.v2.argotunnel.com
2026-09-26T04:58:13Z INF precheck component="Cloudflare API" details="API is reachable" run_id=da43b4ea-9698-4b4d-aa89-7f69097c60c2 status=pass target=api.cloudflare.com:443
2026-09-26T04:58:13Z INF precheck complete hard_fail=false run_id=da43b4ea-9698-4b4d-aa89-7f69097c60c2 suggested_protocol=http2
2026-09-26T04:58:34Z INF Thank you for trying Cloudflare Tunnel. Doing so, without a Cloudflare account, is a quick way to experiment and try it out. However, be aware that these account-less Tunnels have no uptime guarantee, are subject to the Cloudflare Online Services Terms of Use (https://www.cloudflare.com/website-terms/), and Cloudflare reserves the right to investigate your use of Tunnels for violations of such terms. If you intend to use Tunnels in production you should use a pre-created named tunnel by following: https://developers.cloudflare.com/cloudflare-one/connections/connect-apps
2026-09-26T04:58:34Z INF Requesting new quick Tunnel on trycloudflare.com...
2026-09-26T04:58:37Z INF +--------------------------------------------------------------------------------------------+
2026-09-26T04:58:37Z INF |  Your quick Tunnel has been created! Visit it at (it may take some time to be reachable):  |
2026-09-26T04:58:37Z INF |  https://brunswick-voters-michigan-trunk.trycloudflare.com                                 |
2026-09-26T04:58:37Z INF +--------------------------------------------------------------------------------------------+
2026-09-26T04:58:37Z INF Cannot determine default configuration path. No file [config.yml config.yaml] in [~/.cloudflared ~/.cloudflare-warp ~/cloudflare-warp]
2026-09-26T04:58:37Z INF Version 2026.9.3 (Checksum f096265ec2fcbe9bb6e2d64268db167ced3fcbb83d894bdb9e2fcdb26f2ea7e2)
2026-09-26T04:58:37Z INF GOOS: windows, GOVersion: go1.26.8, GoArch: amd64
2026-09-26T04:58:37Z INF Settings: map[ha-connections:1 loglevel:info no-autoupdate:true p:http2 protocol:http2 url:http://127.0.0.1:8790]
2026-09-26T04:58:37Z INF cloudflared will not automatically update on Windows systems.
2026-09-26T04:58:37Z INF Generated Connector ID: 31f8c21b-3dba-454e-882f-a5c914ee2dc2
2026-09-26T04:58:37Z INF Initial protocol http2
2026-09-26T04:58:37Z INF ICMP proxy will use 192.168.4.45 as source for IPv4
2026-09-26T04:58:37Z INF ICMP proxy will use fd86:af15:9504:1:7ed7:57c3:60:d1a8 in zone Ethernet as source for IPv6
2026-09-26T04:58:37Z INF cloudflared does not support loading the system root certificate pool on Windows. Please use --origin-ca-pool <PATH> to specify the path to the certificate pool
2026-09-26T04:58:37Z INF ICMP proxy will use 192.168.4.45 as source for IPv4
2026-09-26T04:58:37Z INF Tunnel connection curve preferences: [X25519MLKEM768 CurveID(65074) CurveP256] connIndex=0 event=0 ip=198.41.192.77
2026-09-26T04:58:37Z INF ICMP proxy will use fd86:af15:9504:1:7ed7:57c3:60:d1a8 in zone Ethernet as source for IPv6
2026-09-26T04:58:37Z INF Starting metrics server on 127.0.0.1:46509/metrics
2026-09-26T04:58:38Z INF Registered tunnel connection connIndex=0 connection=4ee522c9-7293-4f2e-ad87-5c6e63f995e3 event=0 ip=198.41.192.77 location=dfw14 protocol=http2
2026-09-26T04:58:43Z INF +--------------------------------------------------------------------------------------+
2026-09-26T04:58:43Z INF |                               CONNECTIVITY PRE-CHECKS                                |
2026-09-26T04:58:43Z INF +--------------------------------------------------------------------------------------+
2026-09-26T04:58:43Z INF |  COMPONENT         TARGET                     STATUS  DETAILS                        |
2026-09-26T04:58:43Z INF |  DNS Resolution    region1.v2.argotunnel.com  PASS    DNS Resolved successfully      |
2026-09-26T04:58:43Z INF |  DNS Resolution    region2.v2.argotunnel.com  PASS    DNS Resolved successfully      |
2026-09-26T04:58:43Z INF |  UDP Connectivity  region1.v2.argotunnel.com  PASS    QUIC connection successful     |
2026-09-26T04:58:43Z INF |  UDP Connectivity  region2.v2.argotunnel.com  PASS    QUIC connection successful     |
2026-09-26T04:58:43Z INF |  TCP Connectivity  region1.v2.argotunnel.com  PASS    HTTP/2 connection successful   |
2026-09-26T04:58:43Z INF |  TCP Connectivity  region2.v2.argotunnel.com  PASS    HTTP/2 connection successful   |
2026-09-26T04:58:43Z INF |  Cloudflare API    api.cloudflare.com:443     PASS    API is reachable               |
2026-09-26T04:58:43Z INF |                                                                                      |
2026-09-26T04:58:43Z INF |  SUMMARY: Environment is healthy. cloudflared will use 'http2' as primary protocol.  |
2026-09-26T04:58:43Z INF +--------------------------------------------------------------------------------------+
2026-09-26T04:58:43Z INF precheck component="DNS Resolution" details="DNS Resolved successfully" run_id=79a6b996-cf12-4227-8738-3d261a1738a7 status=pass target=region1.v2.argotunnel.com
2026-09-26T04:58:43Z INF precheck component="DNS Resolution" details="DNS Resolved successfully" run_id=79a6b996-cf12-4227-8738-3d261a1738a7 status=pass target=region2.v2.argotunnel.com
2026-09-26T04:58:43Z INF precheck component="UDP Connectivity" details="QUIC connection successful" run_id=79a6b996-cf12-4227-8738-3d261a1738a7 status=pass target=region1.v2.argotunnel.com
2026-09-26T04:58:43Z INF precheck component="UDP Connectivity" details="QUIC connection successful" run_id=79a6b996-cf12-4227-8738-3d261a1738a7 status=pass target=region2.v2.argotunnel.com
2026-09-26T04:58:43Z INF precheck component="TCP Connectivity" details="HTTP/2 connection successful" run_id=79a6b996-cf12-4227-8738-3d261a1738a7 status=pass target=region1.v2.argotunnel.com
2026-09-26T04:58:43Z INF precheck component="TCP Connectivity" details="HTTP/2 connection successful" run_id=79a6b996-cf12-4227-8738-3d261a1738a7 status=pass target=region2.v2.argotunnel.com
2026-09-26T04:58:43Z INF precheck component="Cloudflare API" details="API is reachable" run_id=79a6b996-cf12-4227-8738-3d261a1738a7 status=pass target=api.cloudflare.com:443
2026-09-26T04:58:43Z INF precheck complete hard_fail=false run_id=79a6b996-cf12-4227-8738-3d261a1738a7 suggested_protocol=http2
2026-09-26T04:59:04Z INF Thank you for trying Cloudflare Tunnel. Doing so, without a Cloudflare account, is a quick way to experiment and try it out. However, be aware that these account-less Tunnels have no uptime guarantee, are subject to the Cloudflare Online Services Terms of Use (https://www.cloudflare.com/website-terms/), and Cloudflare reserves the right to investigate your use of Tunnels for violations of such terms. If you intend to use Tunnels in production you should use a pre-created named tunnel by following: https://developers.cloudflare.com/cloudflare-one/connections/connect-apps
2026-09-26T04:59:04Z INF Requesting new quick Tunnel on trycloudflare.com...
2026-09-26T04:59:08Z INF +--------------------------------------------------------------------------------------------+
2026-09-26T04:59:08Z INF |  Your quick Tunnel has been created! Visit it at (it may take some time to be reachable):  |
2026-09-26T04:59:08Z INF |  https://compact-ordinary-photographer-below.trycloudflare.com                             |
2026-09-26T04:59:08Z INF +--------------------------------------------------------------------------------------------+
2026-09-26T04:59:08Z INF Cannot determine default configuration path. No file [config.yml config.yaml] in [~/.cloudflared ~/.cloudflare-warp ~/cloudflare-warp]
2026-09-26T04:59:08Z INF Version 2026.9.3 (Checksum f096265ec2fcbe9bb6e2d64268db167ced3fcbb83d894bdb9e2fcdb26f2ea7e2)
2026-09-26T04:59:08Z INF GOOS: windows, GOVersion: go1.26.8, GoArch: amd64
2026-09-26T04:59:08Z INF Settings: map[ha-connections:1 loglevel:info no-autoupdate:true p:http2 protocol:http2 url:http://127.0.0.1:8790]
2026-09-26T04:59:08Z INF cloudflared will not automatically update on Windows systems.
2026-09-26T04:59:08Z INF Generated Connector ID: 60e94f52-62be-4b9c-abb3-f217183c798b
2026-09-26T04:59:08Z INF Initial protocol http2
2026-09-26T04:59:08Z INF ICMP proxy will use 192.168.4.45 as source for IPv4
2026-09-26T04:59:08Z INF ICMP proxy will use fd86:af15:9504:1:7ed7:57c3:60:d1a8 in zone Ethernet as source for IPv6
2026-09-26T04:59:08Z INF cloudflared does not support loading the system root certificate pool on Windows. Please use --origin-ca-pool <PATH> to specify the path to the certificate pool
2026-09-26T04:59:08Z INF ICMP proxy will use 192.168.4.45 as source for IPv4
2026-09-26T04:59:08Z INF Tunnel connection curve preferences: [X25519MLKEM768 CurveID(65074) CurveP256] connIndex=0 event=0 ip=198.41.192.67
2026-09-26T04:59:08Z INF ICMP proxy will use fd86:af15:9504:1:7ed7:57c3:60:d1a8 in zone Ethernet as source for IPv6
2026-09-26T04:59:08Z INF Starting metrics server on 127.0.0.1:46582/metrics
2026-09-26T04:59:08Z INF Registered tunnel connection connIndex=0 connection=e8530d44-2a16-4711-be76-2431e26a7885 event=0 ip=198.41.192.67 location=dfw05 protocol=http2
2026-09-26T04:59:14Z INF +--------------------------------------------------------------------------------------+
2026-09-26T04:59:14Z INF |                               CONNECTIVITY PRE-CHECKS                                |
2026-09-26T04:59:14Z INF +--------------------------------------------------------------------------------------+
2026-09-26T04:59:14Z INF |  COMPONENT         TARGET                     STATUS  DETAILS                        |
2026-09-26T04:59:14Z INF |  DNS Resolution    region1.v2.argotunnel.com  PASS    DNS Resolved successfully      |
2026-09-26T04:59:14Z INF |  DNS Resolution    region2.v2.argotunnel.com  PASS    DNS Resolved successfully      |
2026-09-26T04:59:14Z INF |  UDP Connectivity  region1.v2.argotunnel.com  PASS    QUIC connection successful     |
2026-09-26T04:59:14Z INF |  UDP Connectivity  region2.v2.argotunnel.com  PASS    QUIC connection successful     |
2026-09-26T04:59:14Z INF |  TCP Connectivity  region1.v2.argotunnel.com  PASS    HTTP/2 connection successful   |
2026-09-26T04:59:14Z INF |  TCP Connectivity  region2.v2.argotunnel.com  PASS    HTTP/2 connection successful   |
2026-09-26T04:59:14Z INF |  Cloudflare API    api.cloudflare.com:443     PASS    API is reachable               |
2026-09-26T04:59:14Z INF |                                                                                      |
2026-09-26T04:59:14Z INF |  SUMMARY: Environment is healthy. cloudflared will use 'http2' as primary protocol.  |
2026-09-26T04:59:14Z INF +--------------------------------------------------------------------------------------+
2026-09-26T04:59:14Z INF precheck component="DNS Resolution" details="DNS Resolved successfully" run_id=330e3743-8ba7-4b57-9a35-950d09a7da05 status=pass target=region1.v2.argotunnel.com
2026-09-26T04:59:14Z INF precheck component="DNS Resolution" details="DNS Resolved successfully" run_id=330e3743-8ba7-4b57-9a35-950d09a7da05 status=pass target=region2.v2.argotunnel.com
2026-09-26T04:59:14Z INF precheck component="UDP Connectivity" details="QUIC connection successful" run_id=330e3743-8ba7-4b57-9a35-950d09a7da05 status=pass target=region1.v2.argotunnel.com
2026-09-26T04:59:14Z INF precheck component="UDP Connectivity" details="QUIC connection successful" run_id=330e3743-8ba7-4b57-9a35-950d09a7da05 status=pass target=region2.v2.argotunnel.com
2026-09-26T04:59:14Z INF precheck component="TCP Connectivity" details="HTTP/2 connection successful" run_id=330e3743-8ba7-4b57-9a35-950d09a7da05 status=pass target=region1.v2.argotunnel.com
2026-09-26T04:59:14Z INF precheck component="TCP Connectivity" details="HTTP/2 connection successful" run_id=330e3743-8ba7-4b57-9a35-950d09a7da05 status=pass target=region2.v2.argotunnel.com
2026-09-26T04:59:14Z INF precheck component="Cloudflare API" details="API is reachable" run_id=330e3743-8ba7-4b57-9a35-950d09a7da05 status=pass target=api.cloudflare.com:443
2026-09-26T04:59:14Z INF precheck complete hard_fail=false run_id=330e3743-8ba7-4b57-9a35-950d09a7da05 suggested_protocol=http2
2026-09-26T04:59:35Z INF Thank you for trying Cloudflare Tunnel. Doing so, without a Cloudflare account, is a quick way to experiment and try it out. However, be aware that these account-less Tunnels have no uptime guarantee, are subject to the Cloudflare Online Services Terms of Use (https://www.cloudflare.com/website-terms/), and Cloudflare reserves the right to investigate your use of Tunnels for violations of such terms. If you intend to use Tunnels in production you should use a pre-created named tunnel by following: https://developers.cloudflare.com/cloudflare-one/connections/connect-apps
2026-09-26T04:59:35Z INF Requesting new quick Tunnel on trycloudflare.com...
2026-09-26T04:59:37Z INF +--------------------------------------------------------------------------------------------+
2026-09-26T04:59:37Z INF |  Your quick Tunnel has been created! Visit it at (it may take some time to be reachable):  |
2026-09-26T04:59:37Z INF |  https://far-featuring-whole-emission.trycloudflare.com                                    |
2026-09-26T04:59:37Z INF +--------------------------------------------------------------------------------------------+
2026-09-26T04:59:37Z INF Cannot determine default configuration path. No file [config.yml config.yaml] in [~/.cloudflared ~/.cloudflare-warp ~/cloudflare-warp]
2026-09-26T04:59:37Z INF Version 2026.9.3 (Checksum f096265ec2fcbe9bb6e2d64268db167ced3fcbb83d894bdb9e2fcdb26f2ea7e2)
2026-09-26T04:59:37Z INF GOOS: windows, GOVersion: go1.26.8, GoArch: amd64
2026-09-26T04:59:37Z INF Settings: map[ha-connections:1 loglevel:info no-autoupdate:true p:http2 protocol:http2 url:http://127.0.0.1:8790]
2026-09-26T04:59:37Z INF cloudflared will not automatically update on Windows systems.
2026-09-26T04:59:37Z INF Generated Connector ID: c980ea11-e695-4c02-b182-42f8945da8a4
2026-09-26T04:59:37Z INF Initial protocol http2
2026-09-26T04:59:37Z INF ICMP proxy will use 192.168.4.45 as source for IPv4
2026-09-26T04:59:37Z INF ICMP proxy will use fd86:af15:9504:1:7ed7:57c3:60:d1a8 in zone Ethernet as source for IPv6
2026-09-26T04:59:37Z INF cloudflared does not support loading the system root certificate pool on Windows. Please use --origin-ca-pool <PATH> to specify the path to the certificate pool
2026-09-26T04:59:37Z INF ICMP proxy will use 192.168.4.45 as source for IPv4
2026-09-26T04:59:37Z INF Tunnel connection curve preferences: [X25519MLKEM768 CurveID(65074) CurveP256] connIndex=0 event=0 ip=198.41.200.193
2026-09-26T04:59:37Z INF ICMP proxy will use fd86:af15:9504:1:7ed7:57c3:60:d1a8 in zone Ethernet as source for IPv6
2026-09-26T04:59:37Z INF Starting metrics server on 127.0.0.1:46657/metrics
2026-09-26T04:59:38Z INF Registered tunnel connection connIndex=0 connection=63bc8e28-131a-426b-889b-4d9685bbcf95 event=0 ip=198.41.200.193 location=mci03 protocol=http2
2026-09-26T04:59:44Z INF +--------------------------------------------------------------------------------------+
2026-09-26T04:59:44Z INF |                               CONNECTIVITY PRE-CHECKS                                |
2026-09-26T04:59:44Z INF +--------------------------------------------------------------------------------------+
2026-09-26T04:59:44Z INF |  COMPONENT         TARGET                     STATUS  DETAILS                        |
2026-09-26T04:59:44Z INF |  DNS Resolution    region1.v2.argotunnel.com  PASS    DNS Resolved successfully      |
2026-09-26T04:59:44Z INF |  DNS Resolution    region2.v2.argotunnel.com  PASS    DNS Resolved successfully      |
2026-09-26T04:59:44Z INF |  UDP Connectivity  region1.v2.argotunnel.com  PASS    QUIC connection successful     |
2026-09-26T04:59:44Z INF |  UDP Connectivity  region2.v2.argotunnel.com  PASS    QUIC connection successful     |
2026-09-26T04:59:44Z INF |  TCP Connectivity  region1.v2.argotunnel.com  PASS    HTTP/2 connection successful   |
2026-09-26T04:59:44Z INF |  TCP Connectivity  region2.v2.argotunnel.com  PASS    HTTP/2 connection successful   |
2026-09-26T04:59:44Z INF |  Cloudflare API    api.cloudflare.com:443     PASS    API is reachable               |
2026-09-26T04:59:44Z INF |                                                                                      |
2026-09-26T04:59:44Z INF |  SUMMARY: Environment is healthy. cloudflared will use 'http2' as primary protocol.  |
2026-09-26T04:59:44Z INF +--------------------------------------------------------------------------------------+
2026-09-26T04:59:44Z INF precheck component="DNS Resolution" details="DNS Resolved successfully" run_id=f8e41b86-3f9b-47c5-9175-1b219e19c5f3 status=pass target=region1.v2.argotunnel.com
2026-09-26T04:59:44Z INF precheck component="DNS Resolution" details="DNS Resolved successfully" run_id=f8e41b86-3f9b-47c5-9175-1b219e19c5f3 status=pass target=region2.v2.argotunnel.com
2026-09-26T04:59:44Z INF precheck component="UDP Connectivity" details="QUIC connection successful" run_id=f8e41b86-3f9b-47c5-9175-1b219e19c5f3 status=pass target=region1.v2.argotunnel.com
2026-09-26T04:59:44Z INF precheck component="UDP Connectivity" details="QUIC connection successful" run_id=f8e41b86-3f9b-47c5-9175-1b219e19c5f3 status=pass target=region2.v2.argotunnel.com
2026-09-26T04:59:44Z INF precheck component="TCP Connectivity" details="HTTP/2 connection successful" run_id=f8e41b86-3f9b-47c5-9175-1b219e19c5f3 status=pass target=region1.v2.argotunnel.com
2026-09-26T04:59:44Z INF precheck component="TCP Connectivity" details="HTTP/2 connection successful" run_id=f8e41b86-3f9b-47c5-9175-1b219e19c5f3 status=pass target=region2.v2.argotunnel.com
2026-09-26T04:59:44Z INF precheck component="Cloudflare API" details="API is reachable" run_id=f8e41b86-3f9b-47c5-9175-1b219e19c5f3 status=pass target=api.cloudflare.com:443
2026-09-26T04:59:44Z INF precheck complete hard_fail=false run_id=f8e41b86-3f9b-47c5-9175-1b219e19c5f3 suggested_protocol=http2
2026-09-26T05:00:05Z INF Thank you for trying Cloudflare Tunnel. Doing so, without a Cloudflare account, is a quick way to experiment and try it out. However, be aware that these account-less Tunnels have no uptime guarantee, are subject to the Cloudflare Online Services Terms of Use (https://www.cloudflare.com/website-terms/), and Cloudflare reserves the right to investigate your use of Tunnels for violations of such terms. If you intend to use Tunnels in production you should use a pre-created named tunnel by following: https://developers.cloudflare.com/cloudflare-one/connections/connect-apps
2026-09-26T05:00:05Z INF Requesting new quick Tunnel on trycloudflare.com...
2026-09-26T05:00:08Z INF +--------------------------------------------------------------------------------------------+
2026-09-26T05:00:08Z INF |  Your quick Tunnel has been created! Visit it at (it may take some time to be reachable):  |
2026-09-26T05:00:08Z INF |  https://arch-territory-rolling-cooling.trycloudflare.com                                  |
2026-09-26T05:00:08Z INF +--------------------------------------------------------------------------------------------+
2026-09-26T05:00:08Z INF Cannot determine default configuration path. No file [config.yml config.yaml] in [~/.cloudflared ~/.cloudflare-warp ~/cloudflare-warp]
2026-09-26T05:00:08Z INF Version 2026.9.3 (Checksum f096265ec2fcbe9bb6e2d64268db167ced3fcbb83d894bdb9e2fcdb26f2ea7e2)
2026-09-26T05:00:08Z INF GOOS: windows, GOVersion: go1.26.8, GoArch: amd64
2026-09-26T05:00:08Z INF Settings: map[ha-connections:1 loglevel:info no-autoupdate:true p:http2 protocol:http2 url:http://127.0.0.1:8790]
2026-09-26T05:00:08Z INF cloudflared will not automatically update on Windows systems.
2026-09-26T05:00:08Z INF Generated Connector ID: 588be7f7-8ebf-45a0-a446-f1483504d57e
2026-09-26T05:00:08Z INF Initial protocol http2
2026-09-26T05:00:08Z INF ICMP proxy will use 192.168.4.45 as source for IPv4
2026-09-26T05:00:08Z INF ICMP proxy will use fd86:af15:9504:1:7ed7:57c3:60:d1a8 in zone Ethernet as source for IPv6
2026-09-26T05:00:08Z INF cloudflared does not support loading the system root certificate pool on Windows. Please use --origin-ca-pool <PATH> to specify the path to the certificate pool
2026-09-26T05:00:08Z INF ICMP proxy will use 192.168.4.45 as source for IPv4
2026-09-26T05:00:08Z INF Tunnel connection curve preferences: [X25519MLKEM768 CurveID(65074) CurveP256] connIndex=0 event=0 ip=198.41.200.43
2026-09-26T05:00:08Z INF ICMP proxy will use fd86:af15:9504:1:7ed7:57c3:60:d1a8 in zone Ethernet as source for IPv6
2026-09-26T05:00:08Z INF Starting metrics server on 127.0.0.1:46739/metrics
2026-09-26T05:00:09Z INF Registered tunnel connection connIndex=0 connection=d61fb2ca-a92b-45e7-b4e7-f432e17deda8 event=0 ip=198.41.200.43 location=mci01 protocol=http2
2026-09-26T05:00:14Z INF +--------------------------------------------------------------------------------------+
2026-09-26T05:00:14Z INF |                               CONNECTIVITY PRE-CHECKS                                |
2026-09-26T05:00:14Z INF +--------------------------------------------------------------------------------------+
2026-09-26T05:00:14Z INF |  COMPONENT         TARGET                     STATUS  DETAILS                        |
2026-09-26T05:00:14Z INF |  DNS Resolution    region1.v2.argotunnel.com  PASS    DNS Resolved successfully      |
2026-09-26T05:00:14Z INF |  DNS Resolution    region2.v2.argotunnel.com  PASS    DNS Resolved successfully      |
2026-09-26T05:00:14Z INF |  UDP Connectivity  region1.v2.argotunnel.com  PASS    QUIC connection successful     |
2026-09-26T05:00:14Z INF |  UDP Connectivity  region2.v2.argotunnel.com  PASS    QUIC connection successful     |
2026-09-26T05:00:14Z INF |  TCP Connectivity  region1.v2.argotunnel.com  PASS    HTTP/2 connection successful   |
2026-09-26T05:00:14Z INF |  TCP Connectivity  region2.v2.argotunnel.com  PASS    HTTP/2 connection successful   |
2026-09-26T05:00:14Z INF |  Cloudflare API    api.cloudflare.com:443     PASS    API is reachable               |
2026-09-26T05:00:14Z INF |                                                                                      |
2026-09-26T05:00:14Z INF |  SUMMARY: Environment is healthy. cloudflared will use 'http2' as primary protocol.  |
2026-09-26T05:00:14Z INF +--------------------------------------------------------------------------------------+
2026-09-26T05:00:14Z INF precheck component="DNS Resolution" details="DNS Resolved successfully" run_id=89c47c41-f9c8-4d73-8979-f54dc4f3e34a status=pass target=region1.v2.argotunnel.com
2026-09-26T05:00:14Z INF precheck component="DNS Resolution" details="DNS Resolved successfully" run_id=89c47c41-f9c8-4d73-8979-f54dc4f3e34a status=pass target=region2.v2.argotunnel.com
2026-09-26T05:00:14Z INF precheck component="UDP Connectivity" details="QUIC connection successful" run_id=89c47c41-f9c8-4d73-8979-f54dc4f3e34a status=pass target=region1.v2.argotunnel.com
2026-09-26T05:00:14Z INF precheck component="UDP Connectivity" details="QUIC connection successful" run_id=89c47c41-f9c8-4d73-8979-f54dc4f3e34a status=pass target=region2.v2.argotunnel.com
2026-09-26T05:00:14Z INF precheck component="TCP Connectivity" details="HTTP/2 connection successful" run_id=89c47c41-f9c8-4d73-8979-f54dc4f3e34a status=pass target=region1.v2.argotunnel.com
2026-09-26T05:00:14Z INF precheck component="TCP Connectivity" details="HTTP/2 connection successful" run_id=89c47c41-f9c8-4d73-8979-f54dc4f3e34a status=pass target=region2.v2.argotunnel.com
2026-09-26T05:00:14Z INF precheck component="Cloudflare API" details="API is reachable" run_id=89c47c41-f9c8-4d73-8979-f54dc4f3e34a status=pass target=api.cloudflare.com:443
2026-09-26T05:00:14Z INF precheck complete hard_fail=false run_id=89c47c41-f9c8-4d73-8979-f54dc4f3e34a suggested_protocol=http2
2026-09-26T05:00:36Z INF Thank you for trying Cloudflare Tunnel. Doing so, without a Cloudflare account, is a quick way to experiment and try it out. However, be aware that these account-less Tunnels have no uptime guarantee, are subject to the Cloudflare Online Services Terms of Use (https://www.cloudflare.com/website-terms/), and Cloudflare reserves the right to investigate your use of Tunnels for violations of such terms. If you intend to use Tunnels in production you should use a pre-created named tunnel by following: https://developers.cloudflare.com/cloudflare-one/connections/connect-apps
2026-09-26T05:00:36Z INF Requesting new quick Tunnel on trycloudflare.com...
2026-09-26T05:00:39Z INF +--------------------------------------------------------------------------------------------+
2026-09-26T05:00:39Z INF |  Your quick Tunnel has been created! Visit it at (it may take some time to be reachable):  |
2026-09-26T05:00:39Z INF |  https://alien-den-patricia-cet.trycloudflare.com                                          |
2026-09-26T05:00:39Z INF +--------------------------------------------------------------------------------------------+
2026-09-26T05:00:39Z INF Cannot determine default configuration path. No file [config.yml config.yaml] in [~/.cloudflared ~/.cloudflare-warp ~/cloudflare-warp]
2026-09-26T05:00:39Z INF Version 2026.9.3 (Checksum f096265ec2fcbe9bb6e2d64268db167ced3fcbb83d894bdb9e2fcdb26f2ea7e2)
2026-09-26T05:00:39Z INF GOOS: windows, GOVersion: go1.26.8, GoArch: amd64
2026-09-26T05:00:39Z INF Settings: map[ha-connections:1 loglevel:info no-autoupdate:true p:http2 protocol:http2 url:http://127.0.0.1:8790]
2026-09-26T05:00:39Z INF cloudflared will not automatically update on Windows systems.
2026-09-26T05:00:39Z INF Generated Connector ID: a856253f-f9aa-49ff-a7be-01f92c0b650c
2026-09-26T05:00:39Z INF Initial protocol http2
2026-09-26T05:00:39Z INF ICMP proxy will use 192.168.4.45 as source for IPv4
2026-09-26T05:00:39Z INF ICMP proxy will use fd86:af15:9504:1:7ed7:57c3:60:d1a8 in zone Ethernet as source for IPv6
2026-09-26T05:00:39Z INF cloudflared does not support loading the system root certificate pool on Windows. Please use --origin-ca-pool <PATH> to specify the path to the certificate pool
2026-09-26T05:00:39Z INF ICMP proxy will use 192.168.4.45 as source for IPv4
2026-09-26T05:00:39Z INF Tunnel connection curve preferences: [X25519MLKEM768 CurveID(65074) CurveP256] connIndex=0 event=0 ip=198.41.200.13
2026-09-26T05:00:39Z INF ICMP proxy will use fd86:af15:9504:1:7ed7:57c3:60:d1a8 in zone Ethernet as source for IPv6
2026-09-26T05:00:39Z INF Starting metrics server on 127.0.0.1:46841/metrics
2026-09-26T05:00:40Z INF Registered tunnel connection connIndex=0 connection=a329d1c4-c192-468b-8be2-0e1d1e72f7cf event=0 ip=198.41.200.13 location=mci01 protocol=http2
2026-09-26T05:00:45Z INF +--------------------------------------------------------------------------------------+
2026-09-26T05:00:45Z INF |                               CONNECTIVITY PRE-CHECKS                                |
2026-09-26T05:00:45Z INF +--------------------------------------------------------------------------------------+
2026-09-26T05:00:45Z INF |  COMPONENT         TARGET                     STATUS  DETAILS                        |
2026-09-26T05:00:45Z INF |  DNS Resolution    region1.v2.argotunnel.com  PASS    DNS Resolved successfully      |
2026-09-26T05:00:45Z INF |  DNS Resolution    region2.v2.argotunnel.com  PASS    DNS Resolved successfully      |
2026-09-26T05:00:45Z INF |  UDP Connectivity  region1.v2.argotunnel.com  PASS    QUIC connection successful     |
2026-09-26T05:00:45Z INF |  UDP Connectivity  region2.v2.argotunnel.com  PASS    QUIC connection successful     |
2026-09-26T05:00:45Z INF |  TCP Connectivity  region1.v2.argotunnel.com  PASS    HTTP/2 connection successful   |
2026-09-26T05:00:45Z INF |  TCP Connectivity  region2.v2.argotunnel.com  PASS    HTTP/2 connection successful   |
2026-09-26T05:00:45Z INF |  Cloudflare API    api.cloudflare.com:443     PASS    API is reachable               |
2026-09-26T05:00:45Z INF |                                                                                      |
2026-09-26T05:00:45Z INF |  SUMMARY: Environment is healthy. cloudflared will use 'http2' as primary protocol.  |
2026-09-26T05:00:45Z INF +--------------------------------------------------------------------------------------+
2026-09-26T05:00:45Z INF precheck component="DNS Resolution" details="DNS Resolved successfully" run_id=83a3161e-9748-4f93-aaed-b52f0ef8653f status=pass target=region1.v2.argotunnel.com
2026-09-26T05:00:45Z INF precheck component="DNS Resolution" details="DNS Resolved successfully" run_id=83a3161e-9748-4f93-aaed-b52f0ef8653f status=pass target=region2.v2.argotunnel.com
2026-09-26T05:00:45Z INF precheck component="UDP Connectivity" details="QUIC connection successful" run_id=83a3161e-9748-4f93-aaed-b52f0ef8653f status=pass target=region1.v2.argotunnel.com
2026-09-26T05:00:45Z INF precheck component="UDP Connectivity" details="QUIC connection successful" run_id=83a3161e-9748-4f93-aaed-b52f0ef8653f status=pass target=region2.v2.argotunnel.com
2026-09-26T05:00:45Z INF precheck component="TCP Connectivity" details="HTTP/2 connection successful" run_id=83a3161e-9748-4f93-aaed-b52f0ef8653f status=pass target=region1.v2.argotunnel.com
2026-09-26T05:00:45Z INF precheck component="TCP Connectivity" details="HTTP/2 connection successful" run_id=83a3161e-9748-4f93-aaed-b52f0ef8653f status=pass target=region2.v2.argotunnel.com
2026-09-26T05:00:45Z INF precheck component="Cloudflare API" details="API is reachable" run_id=83a3161e-9748-4f93-aaed-b52f0ef8653f status=pass target=api.cloudflare.com:443
2026-09-26T05:00:45Z INF precheck complete hard_fail=false run_id=83a3161e-9748-4f93-aaed-b52f0ef8653f suggested_protocol=http2
2026-09-26T05:01:07Z INF Thank you for trying Cloudflare Tunnel. Doing so, without a Cloudflare account, is a quick way to experiment and try it out. However, be aware that these account-less Tunnels have no uptime guarantee, are subject to the Cloudflare Online Services Terms of Use (https://www.cloudflare.com/website-terms/), and Cloudflare reserves the right to investigate your use of Tunnels for violations of such terms. If you intend to use Tunnels in production you should use a pre-created named tunnel by following: https://developers.cloudflare.com/cloudflare-one/connections/connect-apps
2026-09-26T05:01:07Z INF Requesting new quick Tunnel on trycloudflare.com...
2026-09-26T05:01:11Z INF +--------------------------------------------------------------------------------------------+
2026-09-26T05:01:11Z INF |  Your quick Tunnel has been created! Visit it at (it may take some time to be reachable):  |
2026-09-26T05:01:11Z INF |  https://cds-served-relate-decade.trycloudflare.com                                        |
2026-09-26T05:01:11Z INF +--------------------------------------------------------------------------------------------+
2026-09-26T05:01:11Z INF Cannot determine default configuration path. No file [config.yml config.yaml] in [~/.cloudflared ~/.cloudflare-warp ~/cloudflare-warp]
2026-09-26T05:01:11Z INF Version 2026.9.3 (Checksum f096265ec2fcbe9bb6e2d64268db167ced3fcbb83d894bdb9e2fcdb26f2ea7e2)
2026-09-26T05:01:11Z INF GOOS: windows, GOVersion: go1.26.8, GoArch: amd64
2026-09-26T05:01:11Z INF Settings: map[ha-connections:1 loglevel:info no-autoupdate:true p:http2 protocol:http2 url:http://127.0.0.1:8790]
2026-09-26T05:01:11Z INF cloudflared will not automatically update on Windows systems.
2026-09-26T05:01:11Z INF Generated Connector ID: 7ba9d248-2b22-43ff-90db-8c7d28dd6231
2026-09-26T05:01:11Z INF Initial protocol http2
2026-09-26T05:01:11Z INF ICMP proxy will use 192.168.4.45 as source for IPv4
2026-09-26T05:01:11Z INF ICMP proxy will use fd86:af15:9504:1:7ed7:57c3:60:d1a8 in zone Ethernet as source for IPv6
2026-09-26T05:01:11Z INF cloudflared does not support loading the system root certificate pool on Windows. Please use --origin-ca-pool <PATH> to specify the path to the certificate pool
2026-09-26T05:01:11Z INF ICMP proxy will use 192.168.4.45 as source for IPv4
2026-09-26T05:01:11Z INF Tunnel connection curve preferences: [X25519MLKEM768 CurveID(65074) CurveP256] connIndex=0 event=0 ip=198.41.200.73
2026-09-26T05:01:11Z INF ICMP proxy will use fd86:af15:9504:1:7ed7:57c3:60:d1a8 in zone Ethernet as source for IPv6
2026-09-26T05:01:11Z INF Starting metrics server on 127.0.0.1:46932/metrics
2026-09-26T05:01:11Z INF Registered tunnel connection connIndex=0 connection=2aa4aedc-eb4f-4965-b117-79bc896fd278 event=0 ip=198.41.200.73 location=mci01 protocol=http2
2026-09-26T05:01:17Z INF +--------------------------------------------------------------------------------------+
2026-09-26T05:01:17Z INF |                               CONNECTIVITY PRE-CHECKS                                |
2026-09-26T05:01:17Z INF +--------------------------------------------------------------------------------------+
2026-09-26T05:01:17Z INF |  COMPONENT         TARGET                     STATUS  DETAILS                        |
2026-09-26T05:01:17Z INF |  DNS Resolution    region1.v2.argotunnel.com  PASS    DNS Resolved successfully      |
2026-09-26T05:01:17Z INF |  DNS Resolution    region2.v2.argotunnel.com  PASS    DNS Resolved successfully      |
2026-09-26T05:01:17Z INF |  UDP Connectivity  region1.v2.argotunnel.com  PASS    QUIC connection successful     |
2026-09-26T05:01:17Z INF |  UDP Connectivity  region2.v2.argotunnel.com  PASS    QUIC connection successful     |
2026-09-26T05:01:17Z INF |  TCP Connectivity  region1.v2.argotunnel.com  PASS    HTTP/2 connection successful   |
2026-09-26T05:01:17Z INF |  TCP Connectivity  region2.v2.argotunnel.com  PASS    HTTP/2 connection successful   |
2026-09-26T05:01:17Z INF |  Cloudflare API    api.cloudflare.com:443     PASS    API is reachable               |
2026-09-26T05:01:17Z INF |                                                                                      |
2026-09-26T05:01:17Z INF |  SUMMARY: Environment is healthy. cloudflared will use 'http2' as primary protocol.  |
2026-09-26T05:01:17Z INF +--------------------------------------------------------------------------------------+
2026-09-26T05:01:17Z INF precheck component="DNS Resolution" details="DNS Resolved successfully" run_id=c25942df-f751-400b-a493-f5533c8f884c status=pass target=region1.v2.argotunnel.com
2026-09-26T05:01:17Z INF precheck component="DNS Resolution" details="DNS Resolved successfully" run_id=c25942df-f751-400b-a493-f5533c8f884c status=pass target=region2.v2.argotunnel.com
2026-09-26T05:01:17Z INF precheck component="UDP Connectivity" details="QUIC connection successful" run_id=c25942df-f751-400b-a493-f5533c8f884c status=pass target=region1.v2.argotunnel.com
2026-09-26T05:01:17Z INF precheck component="UDP Connectivity" details="QUIC connection successful" run_id=c25942df-f751-400b-a493-f5533c8f884c status=pass target=region2.v2.argotunnel.com
2026-09-26T05:01:17Z INF precheck component="TCP Connectivity" details="HTTP/2 connection successful" run_id=c25942df-f751-400b-a493-f5533c8f884c status=pass target=region1.v2.argotunnel.com
2026-09-26T05:01:17Z INF precheck component="TCP Connectivity" details="HTTP/2 connection successful" run_id=c25942df-f751-400b-a493-f5533c8f884c status=pass target=region2.v2.argotunnel.com
2026-09-26T05:01:17Z INF precheck component="Cloudflare API" details="API is reachable" run_id=c25942df-f751-400b-a493-f5533c8f884c status=pass target=api.cloudflare.com:443
2026-09-26T05:01:17Z INF precheck complete hard_fail=false run_id=c25942df-f751-400b-a493-f5533c8f884c suggested_protocol=http2
2026-09-26T05:01:37Z INF Thank you for trying Cloudflare Tunnel. Doing so, without a Cloudflare account, is a quick way to experiment and try it out. However, be aware that these account-less Tunnels have no uptime guarantee, are subject to the Cloudflare Online Services Terms of Use (https://www.cloudflare.com/website-terms/), and Cloudflare reserves the right to investigate your use of Tunnels for violations of such terms. If you intend to use Tunnels in production you should use a pre-created named tunnel by following: https://developers.cloudflare.com/cloudflare-one/connections/connect-apps
2026-09-26T05:01:37Z INF Requesting new quick Tunnel on trycloudflare.com...
2026-09-26T05:01:40Z INF +--------------------------------------------------------------------------------------------+
2026-09-26T05:01:40Z INF |  Your quick Tunnel has been created! Visit it at (it may take some time to be reachable):  |
2026-09-26T05:01:40Z INF |  https://costa-accordingly-collapse-lie.trycloudflare.com                                  |
2026-09-26T05:01:40Z INF +--------------------------------------------------------------------------------------------+
2026-09-26T05:01:40Z INF Cannot determine default configuration path. No file [config.yml config.yaml] in [~/.cloudflared ~/.cloudflare-warp ~/cloudflare-warp]
2026-09-26T05:01:40Z INF Version 2026.9.3 (Checksum f096265ec2fcbe9bb6e2d64268db167ced3fcbb83d894bdb9e2fcdb26f2ea7e2)
2026-09-26T05:01:40Z INF GOOS: windows, GOVersion: go1.26.8, GoArch: amd64
2026-09-26T05:01:40Z INF Settings: map[ha-connections:1 loglevel:info no-autoupdate:true p:http2 protocol:http2 url:http://127.0.0.1:8790]
2026-09-26T05:01:40Z INF cloudflared will not automatically update on Windows systems.
2026-09-26T05:01:40Z INF Generated Connector ID: 4915d703-c8f4-4eda-ab49-57650fb8e263
2026-09-26T05:01:40Z INF Initial protocol http2
2026-09-26T05:01:40Z INF ICMP proxy will use 192.168.4.45 as source for IPv4
2026-09-26T05:01:40Z INF ICMP proxy will use fd86:af15:9504:1:7ed7:57c3:60:d1a8 in zone Ethernet as source for IPv6
2026-09-26T05:01:40Z INF cloudflared does not support loading the system root certificate pool on Windows. Please use --origin-ca-pool <PATH> to specify the path to the certificate pool
2026-09-26T05:01:40Z INF ICMP proxy will use 192.168.4.45 as source for IPv4
2026-09-26T05:01:40Z INF Tunnel connection curve preferences: [X25519MLKEM768 CurveID(65074) CurveP256] connIndex=0 event=0 ip=198.41.200.53
2026-09-26T05:01:40Z INF ICMP proxy will use fd86:af15:9504:1:7ed7:57c3:60:d1a8 in zone Ethernet as source for IPv6
2026-09-26T05:01:40Z INF Starting metrics server on 127.0.0.1:47022/metrics
2026-09-26T05:01:41Z INF Registered tunnel connection connIndex=0 connection=b26f92af-d61a-438c-800b-45962156a8dd event=0 ip=198.41.200.53 location=mci01 protocol=http2
2026-09-26T05:01:46Z INF +--------------------------------------------------------------------------------------+
2026-09-26T05:01:46Z INF |                               CONNECTIVITY PRE-CHECKS                                |
2026-09-26T05:01:46Z INF +--------------------------------------------------------------------------------------+
2026-09-26T05:01:46Z INF |  COMPONENT         TARGET                     STATUS  DETAILS                        |
2026-09-26T05:01:46Z INF |  DNS Resolution    region1.v2.argotunnel.com  PASS    DNS Resolved successfully      |
2026-09-26T05:01:46Z INF |  DNS Resolution    region2.v2.argotunnel.com  PASS    DNS Resolved successfully      |
2026-09-26T05:01:46Z INF |  UDP Connectivity  region1.v2.argotunnel.com  PASS    QUIC connection successful     |
2026-09-26T05:01:46Z INF |  UDP Connectivity  region2.v2.argotunnel.com  PASS    QUIC connection successful     |
2026-09-26T05:01:46Z INF |  TCP Connectivity  region1.v2.argotunnel.com  PASS    HTTP/2 connection successful   |
2026-09-26T05:01:46Z INF |  TCP Connectivity  region2.v2.argotunnel.com  PASS    HTTP/2 connection successful   |
2026-09-26T05:01:46Z INF |  Cloudflare API    api.cloudflare.com:443     PASS    API is reachable               |
2026-09-26T05:01:46Z INF |                                                                                      |
2026-09-26T05:01:46Z INF |  SUMMARY: Environment is healthy. cloudflared will use 'http2' as primary protocol.  |
2026-09-26T05:01:46Z INF +--------------------------------------------------------------------------------------+
2026-09-26T05:01:46Z INF precheck component="DNS Resolution" details="DNS Resolved successfully" run_id=f4727653-0918-434c-b49f-ecbc2a7a27af status=pass target=region1.v2.argotunnel.com
2026-09-26T05:01:46Z INF precheck component="DNS Resolution" details="DNS Resolved successfully" run_id=f4727653-0918-434c-b49f-ecbc2a7a27af status=pass target=region2.v2.argotunnel.com
2026-09-26T05:01:46Z INF precheck component="UDP Connectivity" details="QUIC connection successful" run_id=f4727653-0918-434c-b49f-ecbc2a7a27af status=pass target=region1.v2.argotunnel.com
2026-09-26T05:01:46Z INF precheck component="UDP Connectivity" details="QUIC connection successful" run_id=f4727653-0918-434c-b49f-ecbc2a7a27af status=pass target=region2.v2.argotunnel.com
2026-09-26T05:01:46Z INF precheck component="TCP Connectivity" details="HTTP/2 connection successful" run_id=f4727653-0918-434c-b49f-ecbc2a7a27af status=pass target=region1.v2.argotunnel.com
2026-09-26T05:01:46Z INF precheck component="TCP Connectivity" details="HTTP/2 connection successful" run_id=f4727653-0918-434c-b49f-ecbc2a7a27af status=pass target=region2.v2.argotunnel.com
2026-09-26T05:01:46Z INF precheck component="Cloudflare API" details="API is reachable" run_id=f4727653-0918-434c-b49f-ecbc2a7a27af status=pass target=api.cloudflare.com:443
2026-09-26T05:01:46Z INF precheck complete hard_fail=false run_id=f4727653-0918-434c-b49f-ecbc2a7a27af suggested_protocol=http2
2026-09-26T05:02:08Z INF Thank you for trying Cloudflare Tunnel. Doing so, without a Cloudflare account, is a quick way to experiment and try it out. However, be aware that these account-less Tunnels have no uptime guarantee, are subject to the Cloudflare Online Services Terms of Use (https://www.cloudflare.com/website-terms/), and Cloudflare reserves the right to investigate your use of Tunnels for violations of such terms. If you intend to use Tunnels in production you should use a pre-created named tunnel by following: https://developers.cloudflare.com/cloudflare-one/connections/connect-apps
2026-09-26T05:02:08Z INF Requesting new quick Tunnel on trycloudflare.com...
2026-09-26T05:02:11Z INF +--------------------------------------------------------------------------------------------+
2026-09-26T05:02:11Z INF |  Your quick Tunnel has been created! Visit it at (it may take some time to be reachable):  |
2026-09-26T05:02:11Z INF |  https://affects-replacing-thumbs-seas.trycloudflare.com                                   |
2026-09-26T05:02:11Z INF +--------------------------------------------------------------------------------------------+
2026-09-26T05:02:11Z INF Cannot determine default configuration path. No file [config.yml config.yaml] in [~/.cloudflared ~/.cloudflare-warp ~/cloudflare-warp]
2026-09-26T05:02:11Z INF Version 2026.9.3 (Checksum f096265ec2fcbe9bb6e2d64268db167ced3fcbb83d894bdb9e2fcdb26f2ea7e2)
2026-09-26T05:02:11Z INF GOOS: windows, GOVersion: go1.26.8, GoArch: amd64
2026-09-26T05:02:11Z INF Settings: map[ha-connections:1 loglevel:info no-autoupdate:true p:http2 protocol:http2 url:http://127.0.0.1:8790]
2026-09-26T05:02:11Z INF cloudflared will not automatically update on Windows systems.
2026-09-26T05:02:11Z INF Generated Connector ID: a08ea88b-e935-4902-8196-3cc2bd39aab4
2026-09-26T05:02:11Z INF Initial protocol http2
2026-09-26T05:02:11Z INF ICMP proxy will use 192.168.4.45 as source for IPv4
2026-09-26T05:02:11Z INF ICMP proxy will use fd86:af15:9504:1:7ed7:57c3:60:d1a8 in zone Ethernet as source for IPv6
2026-09-26T05:02:11Z INF cloudflared does not support loading the system root certificate pool on Windows. Please use --origin-ca-pool <PATH> to specify the path to the certificate pool
2026-09-26T05:02:11Z INF ICMP proxy will use 192.168.4.45 as source for IPv4
2026-09-26T05:02:11Z INF Tunnel connection curve preferences: [X25519MLKEM768 CurveID(65074) CurveP256] connIndex=0 event=0 ip=198.41.200.63
2026-09-26T05:02:11Z INF ICMP proxy will use fd86:af15:9504:1:7ed7:57c3:60:d1a8 in zone Ethernet as source for IPv6
2026-09-26T05:02:11Z INF Starting metrics server on 127.0.0.1:47110/metrics
2026-09-26T05:02:11Z INF Registered tunnel connection connIndex=0 connection=9cd791ec-f023-4c17-958b-d7c26a1bcc50 event=0 ip=198.41.200.63 location=mci03 protocol=http2
2026-09-26T05:02:17Z INF +--------------------------------------------------------------------------------------+
2026-09-26T05:02:17Z INF |                               CONNECTIVITY PRE-CHECKS                                |
2026-09-26T05:02:17Z INF +--------------------------------------------------------------------------------------+
2026-09-26T05:02:17Z INF |  COMPONENT         TARGET                     STATUS  DETAILS                        |
2026-09-26T05:02:17Z INF |  DNS Resolution    region1.v2.argotunnel.com  PASS    DNS Resolved successfully      |
2026-09-26T05:02:17Z INF |  DNS Resolution    region2.v2.argotunnel.com  PASS    DNS Resolved successfully      |
2026-09-26T05:02:17Z INF |  UDP Connectivity  region1.v2.argotunnel.com  PASS    QUIC connection successful     |
2026-09-26T05:02:17Z INF |  UDP Connectivity  region2.v2.argotunnel.com  PASS    QUIC connection successful     |
2026-09-26T05:02:17Z INF |  TCP Connectivity  region1.v2.argotunnel.com  PASS    HTTP/2 connection successful   |
2026-09-26T05:02:17Z INF |  TCP Connectivity  region2.v2.argotunnel.com  PASS    HTTP/2 connection successful   |
2026-09-26T05:02:17Z INF |  Cloudflare API    api.cloudflare.com:443     PASS    API is reachable               |
2026-09-26T05:02:17Z INF |                                                                                      |
2026-09-26T05:02:17Z INF |  SUMMARY: Environment is healthy. cloudflared will use 'http2' as primary protocol.  |
2026-09-26T05:02:17Z INF +--------------------------------------------------------------------------------------+
2026-09-26T05:02:17Z INF precheck component="DNS Resolution" details="DNS Resolved successfully" run_id=7f506da6-15b4-4ec4-9183-f8651746ebd6 status=pass target=region1.v2.argotunnel.com
2026-09-26T05:02:17Z INF precheck component="DNS Resolution" details="DNS Resolved successfully" run_id=7f506da6-15b4-4ec4-9183-f8651746ebd6 status=pass target=region2.v2.argotunnel.com
2026-09-26T05:02:17Z INF precheck component="UDP Connectivity" details="QUIC connection successful" run_id=7f506da6-15b4-4ec4-9183-f8651746ebd6 status=pass target=region1.v2.argotunnel.com
2026-09-26T05:02:17Z INF precheck component="UDP Connectivity" details="QUIC connection successful" run_id=7f506da6-15b4-4ec4-9183-f8651746ebd6 status=pass target=region2.v2.argotunnel.com
2026-09-26T05:02:17Z INF precheck component="TCP Connectivity" details="HTTP/2 connection successful" run_id=7f506da6-15b4-4ec4-9183-f8651746ebd6 status=pass target=region1.v2.argotunnel.com
2026-09-26T05:02:17Z INF precheck component="TCP Connectivity" details="HTTP/2 connection successful" run_id=7f506da6-15b4-4ec4-9183-f8651746ebd6 status=pass target=region2.v2.argotunnel.com
2026-09-26T05:02:17Z INF precheck component="Cloudflare API" details="API is reachable" run_id=7f506da6-15b4-4ec4-9183-f8651746ebd6 status=pass target=api.cloudflare.com:443
2026-09-26T05:02:17Z INF precheck complete hard_fail=false run_id=7f506da6-15b4-4ec4-9183-f8651746ebd6 suggested_protocol=http2
2026-09-26T05:02:38Z INF Thank you for trying Cloudflare Tunnel. Doing so, without a Cloudflare account, is a quick way to experiment and try it out. However, be aware that these account-less Tunnels have no uptime guarantee, are subject to the Cloudflare Online Services Terms of Use (https://www.cloudflare.com/website-terms/), and Cloudflare reserves the right to investigate your use of Tunnels for violations of such terms. If you intend to use Tunnels in production you should use a pre-created named tunnel by following: https://developers.cloudflare.com/cloudflare-one/connections/connect-apps
2026-09-26T05:02:38Z INF Requesting new quick Tunnel on trycloudflare.com...
2026-09-26T05:02:42Z INF +--------------------------------------------------------------------------------------------+
2026-09-26T05:02:42Z INF |  Your quick Tunnel has been created! Visit it at (it may take some time to be reachable):  |
2026-09-26T05:02:42Z INF |  https://investments-everywhere-univ-discussed.trycloudflare.com                           |
2026-09-26T05:02:42Z INF +--------------------------------------------------------------------------------------------+
2026-09-26T05:02:42Z INF Cannot determine default configuration path. No file [config.yml config.yaml] in [~/.cloudflared ~/.cloudflare-warp ~/cloudflare-warp]
2026-09-26T05:02:42Z INF Version 2026.9.3 (Checksum f096265ec2fcbe9bb6e2d64268db167ced3fcbb83d894bdb9e2fcdb26f2ea7e2)
2026-09-26T05:02:42Z INF GOOS: windows, GOVersion: go1.26.8, GoArch: amd64
2026-09-26T05:02:42Z INF Settings: map[ha-connections:1 loglevel:info no-autoupdate:true p:http2 protocol:http2 url:http://127.0.0.1:8790]
2026-09-26T05:02:42Z INF cloudflared will not automatically update on Windows systems.
2026-09-26T05:02:42Z INF Generated Connector ID: dbbcfe78-2c8e-44fc-964b-d5a4d6f00547
2026-09-26T05:02:42Z INF Initial protocol http2
2026-09-26T05:02:42Z INF ICMP proxy will use 192.168.4.45 as source for IPv4
2026-09-26T05:02:42Z INF ICMP proxy will use fd86:af15:9504:1:7ed7:57c3:60:d1a8 in zone Ethernet as source for IPv6
2026-09-26T05:02:42Z INF cloudflared does not support loading the system root certificate pool on Windows. Please use --origin-ca-pool <PATH> to specify the path to the certificate pool
2026-09-26T05:02:42Z INF ICMP proxy will use 192.168.4.45 as source for IPv4
2026-09-26T05:02:42Z INF Tunnel connection curve preferences: [X25519MLKEM768 CurveID(65074) CurveP256] connIndex=0 event=0 ip=198.41.192.37
2026-09-26T05:02:42Z INF ICMP proxy will use fd86:af15:9504:1:7ed7:57c3:60:d1a8 in zone Ethernet as source for IPv6
2026-09-26T05:02:42Z INF Starting metrics server on 127.0.0.1:47208/metrics
2026-09-26T05:02:42Z INF Registered tunnel connection connIndex=0 connection=7c5812ef-19bf-4a7c-9ca9-8f09476c5031 event=0 ip=198.41.192.37 location=dfw14 protocol=http2
2026-09-26T05:02:48Z INF +--------------------------------------------------------------------------------------+
2026-09-26T05:02:48Z INF |                               CONNECTIVITY PRE-CHECKS                                |
2026-09-26T05:02:48Z INF +--------------------------------------------------------------------------------------+
2026-09-26T05:02:48Z INF |  COMPONENT         TARGET                     STATUS  DETAILS                        |
2026-09-26T05:02:48Z INF |  DNS Resolution    region1.v2.argotunnel.com  PASS    DNS Resolved successfully      |
2026-09-26T05:02:48Z INF |  DNS Resolution    region2.v2.argotunnel.com  PASS    DNS Resolved successfully      |
2026-09-26T05:02:48Z INF |  UDP Connectivity  region1.v2.argotunnel.com  PASS    QUIC connection successful     |
2026-09-26T05:02:48Z INF |  UDP Connectivity  region2.v2.argotunnel.com  PASS    QUIC connection successful     |
2026-09-26T05:02:48Z INF |  TCP Connectivity  region1.v2.argotunnel.com  PASS    HTTP/2 connection successful   |
2026-09-26T05:02:48Z INF |  TCP Connectivity  region2.v2.argotunnel.com  PASS    HTTP/2 connection successful   |
2026-09-26T05:02:48Z INF |  Cloudflare API    api.cloudflare.com:443     PASS    API is reachable               |
2026-09-26T05:02:48Z INF |                                                                                      |
2026-09-26T05:02:48Z INF |  SUMMARY: Environment is healthy. cloudflared will use 'http2' as primary protocol.  |
2026-09-26T05:02:48Z INF +--------------------------------------------------------------------------------------+
2026-09-26T05:02:48Z INF precheck component="DNS Resolution" details="DNS Resolved successfully" run_id=d9558702-cbaa-4d31-9265-4e983352ab1b status=pass target=region1.v2.argotunnel.com
2026-09-26T05:02:48Z INF precheck component="DNS Resolution" details="DNS Resolved successfully" run_id=d9558702-cbaa-4d31-9265-4e983352ab1b status=pass target=region2.v2.argotunnel.com
2026-09-26T05:02:48Z INF precheck component="UDP Connectivity" details="QUIC connection successful" run_id=d9558702-cbaa-4d31-9265-4e983352ab1b status=pass target=region1.v2.argotunnel.com
2026-09-26T05:02:48Z INF precheck component="UDP Connectivity" details="QUIC connection successful" run_id=d9558702-cbaa-4d31-9265-4e983352ab1b status=pass target=region2.v2.argotunnel.com
2026-09-26T05:02:48Z INF precheck component="TCP Connectivity" details="HTTP/2 connection successful" run_id=d9558702-cbaa-4d31-9265-4e983352ab1b status=pass target=region1.v2.argotunnel.com
2026-09-26T05:02:48Z INF precheck component="TCP Connectivity" details="HTTP/2 connection successful" run_id=d9558702-cbaa-4d31-9265-4e983352ab1b status=pass target=region2.v2.argotunnel.com
2026-09-26T05:02:48Z INF precheck component="Cloudflare API" details="API is reachable" run_id=d9558702-cbaa-4d31-9265-4e983352ab1b status=pass target=api.cloudflare.com:443
2026-09-26T05:02:48Z INF precheck complete hard_fail=false run_id=d9558702-cbaa-4d31-9265-4e983352ab1b suggested_protocol=http2
2026-09-26T05:03:09Z INF Thank you for trying Cloudflare Tunnel. Doing so, without a Cloudflare account, is a quick way to experiment and try it out. However, be aware that these account-less Tunnels have no uptime guarantee, are subject to the Cloudflare Online Services Terms of Use (https://www.cloudflare.com/website-terms/), and Cloudflare reserves the right to investigate your use of Tunnels for violations of such terms. If you intend to use Tunnels in production you should use a pre-created named tunnel by following: https://developers.cloudflare.com/cloudflare-one/connections/connect-apps
2026-09-26T05:03:09Z INF Requesting new quick Tunnel on trycloudflare.com...
2026-09-26T05:03:12Z INF +--------------------------------------------------------------------------------------------+
2026-09-26T05:03:12Z INF |  Your quick Tunnel has been created! Visit it at (it may take some time to be reachable):  |
2026-09-26T05:03:12Z INF |  https://ampland-wednesday-valid-pee.trycloudflare.com                                     |
2026-09-26T05:03:12Z INF +--------------------------------------------------------------------------------------------+
2026-09-26T05:03:12Z INF Cannot determine default configuration path. No file [config.yml config.yaml] in [~/.cloudflared ~/.cloudflare-warp ~/cloudflare-warp]
2026-09-26T05:03:12Z INF Version 2026.9.3 (Checksum f096265ec2fcbe9bb6e2d64268db167ced3fcbb83d894bdb9e2fcdb26f2ea7e2)
2026-09-26T05:03:12Z INF GOOS: windows, GOVersion: go1.26.8, GoArch: amd64
2026-09-26T05:03:12Z INF Settings: map[ha-connections:1 loglevel:info no-autoupdate:true p:http2 protocol:http2 url:http://127.0.0.1:8790]
2026-09-26T05:03:12Z INF cloudflared will not automatically update on Windows systems.
2026-09-26T05:03:12Z INF Generated Connector ID: 515813eb-4ad0-462a-82d2-9632d575192d
2026-09-26T05:03:12Z INF Initial protocol http2
2026-09-26T05:03:12Z INF ICMP proxy will use 192.168.4.45 as source for IPv4
2026-09-26T05:03:12Z INF ICMP proxy will use fd86:af15:9504:1:7ed7:57c3:60:d1a8 in zone Ethernet as source for IPv6
2026-09-26T05:03:12Z INF cloudflared does not support loading the system root certificate pool on Windows. Please use --origin-ca-pool <PATH> to specify the path to the certificate pool
2026-09-26T05:03:12Z INF ICMP proxy will use 192.168.4.45 as source for IPv4
2026-09-26T05:03:12Z INF Tunnel connection curve preferences: [X25519MLKEM768 CurveID(65074) CurveP256] connIndex=0 event=0 ip=198.41.200.23
2026-09-26T05:03:12Z INF ICMP proxy will use fd86:af15:9504:1:7ed7:57c3:60:d1a8 in zone Ethernet as source for IPv6
2026-09-26T05:03:12Z INF Starting metrics server on 127.0.0.1:47302/metrics
2026-09-26T05:03:13Z INF Registered tunnel connection connIndex=0 connection=9019a9fb-6d6e-443b-8780-3b5e06ff5964 event=0 ip=198.41.200.23 location=mci03 protocol=http2
2026-09-26T05:03:18Z INF +--------------------------------------------------------------------------------------+
2026-09-26T05:03:18Z INF |                               CONNECTIVITY PRE-CHECKS                                |
2026-09-26T05:03:18Z INF +--------------------------------------------------------------------------------------+
2026-09-26T05:03:18Z INF |  COMPONENT         TARGET                     STATUS  DETAILS                        |
2026-09-26T05:03:18Z INF |  DNS Resolution    region1.v2.argotunnel.com  PASS    DNS Resolved successfully      |
2026-09-26T05:03:18Z INF |  DNS Resolution    region2.v2.argotunnel.com  PASS    DNS Resolved successfully      |
2026-09-26T05:03:18Z INF |  UDP Connectivity  region1.v2.argotunnel.com  PASS    QUIC connection successful     |
2026-09-26T05:03:18Z INF |  UDP Connectivity  region2.v2.argotunnel.com  PASS    QUIC connection successful     |
2026-09-26T05:03:18Z INF |  TCP Connectivity  region1.v2.argotunnel.com  PASS    HTTP/2 connection successful   |
2026-09-26T05:03:18Z INF |  TCP Connectivity  region2.v2.argotunnel.com  PASS    HTTP/2 connection successful   |
2026-09-26T05:03:18Z INF |  Cloudflare API    api.cloudflare.com:443     PASS    API is reachable               |
2026-09-26T05:03:18Z INF |                                                                                      |
2026-09-26T05:03:18Z INF |  SUMMARY: Environment is healthy. cloudflared will use 'http2' as primary protocol.  |
2026-09-26T05:03:18Z INF +--------------------------------------------------------------------------------------+
2026-09-26T05:03:18Z INF precheck component="DNS Resolution" details="DNS Resolved successfully" run_id=93ec6fa5-af58-446f-9800-f4091ba8ffae status=pass target=region1.v2.argotunnel.com
2026-09-26T05:03:18Z INF precheck component="DNS Resolution" details="DNS Resolved successfully" run_id=93ec6fa5-af58-446f-9800-f4091ba8ffae status=pass target=region2.v2.argotunnel.com
2026-09-26T05:03:18Z INF precheck component="UDP Connectivity" details="QUIC connection successful" run_id=93ec6fa5-af58-446f-9800-f4091ba8ffae status=pass target=region1.v2.argotunnel.com
2026-09-26T05:03:18Z INF precheck component="UDP Connectivity" details="QUIC connection successful" run_id=93ec6fa5-af58-446f-9800-f4091ba8ffae status=pass target=region2.v2.argotunnel.com
2026-09-26T05:03:18Z INF precheck component="TCP Connectivity" details="HTTP/2 connection successful" run_id=93ec6fa5-af58-446f-9800-f4091ba8ffae status=pass target=region1.v2.argotunnel.com
2026-09-26T05:03:18Z INF precheck component="TCP Connectivity" details="HTTP/2 connection successful" run_id=93ec6fa5-af58-446f-9800-f4091ba8ffae status=pass target=region2.v2.argotunnel.com
2026-09-26T05:03:18Z INF precheck component="Cloudflare API" details="API is reachable" run_id=93ec6fa5-af58-446f-9800-f4091ba8ffae status=pass target=api.cloudflare.com:443
2026-09-26T05:03:18Z INF precheck complete hard_fail=false run_id=93ec6fa5-af58-446f-9800-f4091ba8ffae suggested_protocol=http2
2026-09-26T05:03:40Z INF Thank you for trying Cloudflare Tunnel. Doing so, without a Cloudflare account, is a quick way to experiment and try it out. However, be aware that these account-less Tunnels have no uptime guarantee, are subject to the Cloudflare Online Services Terms of Use (https://www.cloudflare.com/website-terms/), and Cloudflare reserves the right to investigate your use of Tunnels for violations of such terms. If you intend to use Tunnels in production you should use a pre-created named tunnel by following: https://developers.cloudflare.com/cloudflare-one/connections/connect-apps
2026-09-26T05:03:40Z INF Requesting new quick Tunnel on trycloudflare.com...
2026-09-26T05:03:43Z INF +--------------------------------------------------------------------------------------------+
2026-09-26T05:03:43Z INF |  Your quick Tunnel has been created! Visit it at (it may take some time to be reachable):  |
2026-09-26T05:03:43Z INF |  https://heather-interim-education-nested.trycloudflare.com                                |
2026-09-26T05:03:43Z INF +--------------------------------------------------------------------------------------------+
2026-09-26T05:03:43Z INF Cannot determine default configuration path. No file [config.yml config.yaml] in [~/.cloudflared ~/.cloudflare-warp ~/cloudflare-warp]
2026-09-26T05:03:43Z INF Version 2026.9.3 (Checksum f096265ec2fcbe9bb6e2d64268db167ced3fcbb83d894bdb9e2fcdb26f2ea7e2)
2026-09-26T05:03:43Z INF GOOS: windows, GOVersion: go1.26.8, GoArch: amd64
2026-09-26T05:03:43Z INF Settings: map[ha-connections:1 loglevel:info no-autoupdate:true p:http2 protocol:http2 url:http://127.0.0.1:8790]
2026-09-26T05:03:43Z INF cloudflared will not automatically update on Windows systems.
2026-09-26T05:03:43Z INF Generated Connector ID: 5f307be9-2144-4bde-9c85-8b6f1ba4a454
2026-09-26T05:03:43Z INF Initial protocol http2
2026-09-26T05:03:43Z INF ICMP proxy will use 192.168.4.45 as source for IPv4
2026-09-26T05:03:43Z INF ICMP proxy will use fd86:af15:9504:1:7ed7:57c3:60:d1a8 in zone Ethernet as source for IPv6
2026-09-26T05:03:43Z INF cloudflared does not support loading the system root certificate pool on Windows. Please use --origin-ca-pool <PATH> to specify the path to the certificate pool
2026-09-26T05:03:43Z INF ICMP proxy will use 192.168.4.45 as source for IPv4
2026-09-26T05:03:43Z INF Tunnel connection curve preferences: [X25519MLKEM768 CurveID(65074) CurveP256] connIndex=0 event=0 ip=198.41.192.37
2026-09-26T05:03:43Z INF ICMP proxy will use fd86:af15:9504:1:7ed7:57c3:60:d1a8 in zone Ethernet as source for IPv6
2026-09-26T05:03:43Z INF Starting metrics server on 127.0.0.1:47403/metrics
2026-09-26T05:03:44Z INF Registered tunnel connection connIndex=0 connection=ba23e4f9-e008-4df8-8945-95f1ee52466f event=0 ip=198.41.192.37 location=dfw15 protocol=http2
2026-09-26T05:03:49Z INF +--------------------------------------------------------------------------------------+
2026-09-26T05:03:49Z INF |                               CONNECTIVITY PRE-CHECKS                                |
2026-09-26T05:03:49Z INF +--------------------------------------------------------------------------------------+
2026-09-26T05:03:49Z INF |  COMPONENT         TARGET                     STATUS  DETAILS                        |
2026-09-26T05:03:49Z INF |  DNS Resolution    region1.v2.argotunnel.com  PASS    DNS Resolved successfully      |
2026-09-26T05:03:49Z INF |  DNS Resolution    region2.v2.argotunnel.com  PASS    DNS Resolved successfully      |
2026-09-26T05:03:49Z INF |  UDP Connectivity  region1.v2.argotunnel.com  PASS    QUIC connection successful     |
2026-09-26T05:03:49Z INF |  UDP Connectivity  region2.v2.argotunnel.com  PASS    QUIC connection successful     |
2026-09-26T05:03:49Z INF |  TCP Connectivity  region1.v2.argotunnel.com  PASS    HTTP/2 connection successful   |
2026-09-26T05:03:49Z INF |  TCP Connectivity  region2.v2.argotunnel.com  PASS    HTTP/2 connection successful   |
2026-09-26T05:03:49Z INF |  Cloudflare API    api.cloudflare.com:443     PASS    API is reachable               |
2026-09-26T05:03:49Z INF |                                                                                      |
2026-09-26T05:03:49Z INF |  SUMMARY: Environment is healthy. cloudflared will use 'http2' as primary protocol.  |
2026-09-26T05:03:49Z INF +--------------------------------------------------------------------------------------+
2026-09-26T05:03:49Z INF precheck component="DNS Resolution" details="DNS Resolved successfully" run_id=1dd54d8a-a853-4956-af4f-c8010cb29cae status=pass target=region1.v2.argotunnel.com
2026-09-26T05:03:49Z INF precheck component="DNS Resolution" details="DNS Resolved successfully" run_id=1dd54d8a-a853-4956-af4f-c8010cb29cae status=pass target=region2.v2.argotunnel.com
2026-09-26T05:03:49Z INF precheck component="UDP Connectivity" details="QUIC connection successful" run_id=1dd54d8a-a853-4956-af4f-c8010cb29cae status=pass target=region1.v2.argotunnel.com
2026-09-26T05:03:49Z INF precheck component="UDP Connectivity" details="QUIC connection successful" run_id=1dd54d8a-a853-4956-af4f-c8010cb29cae status=pass target=region2.v2.argotunnel.com
2026-09-26T05:03:49Z INF precheck component="TCP Connectivity" details="HTTP/2 connection successful" run_id=1dd54d8a-a853-4956-af4f-c8010cb29cae status=pass target=region1.v2.argotunnel.com
2026-09-26T05:03:49Z INF precheck component="TCP Connectivity" details="HTTP/2 connection successful" run_id=1dd54d8a-a853-4956-af4f-c8010cb29cae status=pass target=region2.v2.argotunnel.com
2026-09-26T05:03:49Z INF precheck component="Cloudflare API" details="API is reachable" run_id=1dd54d8a-a853-4956-af4f-c8010cb29cae status=pass target=api.cloudflare.com:443
2026-09-26T05:03:49Z INF precheck complete hard_fail=false run_id=1dd54d8a-a853-4956-af4f-c8010cb29cae suggested_protocol=http2
