=======================================================================
 MYLES CONSOLE + POPUP FIX v0.7.0
=======================================================================
No manual PowerShell. PineTree is never touched.
Run log: C:\Users\Joshu\AppData\Local\MylesAI\logs\console_popup_fix_v070_20260926_000349.log

=======================================================================
 1. Back up current launcher state
=======================================================================
PASS: backup created at C:\Users\Joshu\AppData\Local\MylesAI\backups\console_popup_fix_v070_20260926_000349

=======================================================================
 2. Remove popup sources and duplicate launchers
=======================================================================
PASS: retired 2 Myles Startup entries, 0 Run entries, 0 scheduled tasks, 1 obsolete processes

=======================================================================
 3. Install the restored Myles console + one hidden supervisor
=======================================================================
PASS: no CMD, PowerShell, or VBS launcher remains in the active Myles startup path
PASS: one hidden pythonw supervisor + one direct Myles console shortcut installed

=======================================================================
 4. Verify Myles + bot remain healthy
=======================================================================

=======================================================================
 REPAIR STOPPED
=======================================================================
Dashboard bridge is not healthy
Backup: C:\Users\Joshu\AppData\Local\MylesAI\backups\console_popup_fix_v070_20260926_000349
Run log: C:\Users\Joshu\AppData\Local\MylesAI\logs\console_popup_fix_v070_20260926_000349.log
