**********************
Windows PowerShell transcript start
Start time: 20260925132655
Username: DESKTOP-CKIIVNP\Joshu
RunAs User: DESKTOP-CKIIVNP\Joshu
Configuration Name: 
Machine: DESKTOP-CKIIVNP (Microsoft Windows NT 10.0.19045.0)
Host Application: powershell.exe -NoLogo -NoProfile -ExecutionPolicy Bypass -File C:\Users\Joshu\OneDrive\Desktop\MYLES_CONTROL_CENTER_V2_1_4_STARTUP_FIX\MYLES_CONTROL_CENTER_V2_1_4_STARTUP_FIX\PATCH.ps1
Process ID: 9460
PSVersion: 5.1.19041.6456
PSEdition: Desktop
PSCompatibleVersions: 1.0, 2.0, 3.0, 4.0, 5.0, 5.1.19041.6456
BuildVersion: 10.0.19041.6456
CLRVersion: 4.0.30319.42000
WSManStackVersion: 3.0
PSRemotingProtocolVersion: 2.3
SerializationVersion: 1.1.0.1
**********************

=======================================================================
 MYLES CONTROL CENTER v2.1.4 - DIRECT STARTUP + PHONE BRIDGE
=======================================================================
GMX Oracle and GitHub source sync already passed. This patch bypasses the nested PowerShell startup hang.
Run log: C:\Users\Joshu\AppData\Local\MylesAI\logs\control_center_v2_1_4_20260925_132655.log

=== Verifying installed Quant v0.2.2 ===

PASS: GMX live data verified: BTC/USD, ETH/USD

=== Starting Myles Quant directly ===
PASS: Quant PID 4768 is running in paper mode; live signing locked=True.

=== Starting authenticated phone bridge ===
--- C:\Users\Joshu\AppData\Local\MylesAI\logs\bridge-start-20260925_132655.out.log ---
--- C:\Users\Joshu\AppData\Local\MylesAI\logs\bridge-start-20260925_132655.err.log ---
Tunnel URL exists but did not pass the authenticated bridge health check.
At C:\Users\Joshu\AppData\Local\MylesAI\dashboard_bridge\start_bridge.ps1:97 char:26
+ ... licReady) { throw "Tunnel URL exists but did not pass the authenticat ...
+                 ~~~~~~~~~~~~~~~~~~~~~~~~~~~~~~~~~~~~~~~~~~~~~~~~~~~~~~~~~
    + CategoryInfo          : OperationStopped: (Tunnel URL exis...e health check.:String) [], RuntimeException
    + FullyQualifiedErrorId : Tunnel URL exists but did not pass the authenticated bridge health check.


=======================================================================
 MYLES CONTROL CENTER v2.1.4 STOPPED ON AN ERROR
=======================================================================
Bridge startup failed with exit code .
At C:\Users\Joshu\OneDrive\Desktop\MYLES_CONTROL_CENTER_V2_1_4_STARTUP_FIX\MYLES_CONTROL_CENTER_V2_1_4_STARTUP_FIX\PATCH.ps1:148 char:9
+         throw "Bridge startup failed with exit code $($bridgeWrapper. ...
+         ~~~~~~~~~~~~~~~~~~~~~~~~~~~~~~~~~~~~~~~~~~~~~~~~~~~~~~~~~~~~~
**********************
Windows PowerShell transcript end
End time: 20260925132753
**********************
