**********************
Windows PowerShell transcript start
Start time: 20260925125446
Username: DESKTOP-CKIIVNP\Joshu
RunAs User: DESKTOP-CKIIVNP\Joshu
Configuration Name: 
Machine: DESKTOP-CKIIVNP (Microsoft Windows NT 10.0.19045.0)
Host Application: powershell.exe -NoLogo -NoProfile -ExecutionPolicy Bypass -File C:\Users\Joshu\OneDrive\Desktop\MYLES_CONTROL_CENTER_V2_1_2_ORACLE_FIX\MYLES_CONTROL_CENTER_V2_1_2_ORACLE_FIX\PATCH.ps1
Process ID: 9292
PSVersion: 5.1.19041.6456
PSEdition: Desktop
PSCompatibleVersions: 1.0, 2.0, 3.0, 4.0, 5.0, 5.1.19041.6456
BuildVersion: 10.0.19041.6456
CLRVersion: 4.0.30319.42000
WSManStackVersion: 3.0
PSRemotingProtocolVersion: 2.3
SerializationVersion: 1.1.0.1
**********************

=======================================================================
 MYLES CONTROL CENTER v2.1.2 - GMX ORACLE + BRIDGE REPAIR
=======================================================================
This incremental patch keeps the working V2 dashboard and repairs only Quant + bridge verification.
Run log: C:\Users\Joshu\AppData\Local\MylesAI\logs\control_center_v2_1_2_20260925_125446.log

=== Backing up only important V2 files ===
PASS: lightweight rollback backup created at C:\Users\Joshu\AppData\Local\MylesAI\backups\control_center_v2_1_2_20260925_125446

=== Installing Myles Quant v0.2.2 GMX Oracle candlestick data layer ===
GMX Oracle live-data verification attempt 1/3...
PASS: GMX Oracle candle data is working. Markets: BTC/USD, ETH/USD

=== Repairing Git identity for Myles-owned repos ===

=== Publishing corrected Quant source ===
PS>TerminatingError(): "git  failed with exit code 1"
**********************
Windows PowerShell transcript end
End time: 20260925125448
**********************
