**********************
Windows PowerShell transcript start
Start time: 20260925133523
Username: DESKTOP-CKIIVNP\Joshu
RunAs User: DESKTOP-CKIIVNP\Joshu
Configuration Name: 
Machine: DESKTOP-CKIIVNP (Microsoft Windows NT 10.0.19045.0)
Host Application: powershell.exe -NoLogo -NoProfile -ExecutionPolicy Bypass -File C:\Users\Joshu\OneDrive\Desktop\MYLES_CONTROL_CENTER_V2_1_5_BRIDGE_FIX\MYLES_CONTROL_CENTER_V2_1_5_BRIDGE_FIX\PATCH.ps1
Process ID: 15232
PSVersion: 5.1.19041.6456
PSEdition: Desktop
PSCompatibleVersions: 1.0, 2.0, 3.0, 4.0, 5.0, 5.1.19041.6456
BuildVersion: 10.0.19041.6456
CLRVersion: 4.0.30319.42000
WSManStackVersion: 3.0
PSRemotingProtocolVersion: 2.3
SerializationVersion: 1.1.0.1
**********************

=======================================================================
 MYLES CONTROL CENTER v2.1.5 - BRIDGE HEALTH + CLOUDFLARE FIX
=======================================================================
Quant v0.2.2 is already working. This patch repairs only the phone bridge verification.
Run log: C:\Users\Joshu\AppData\Local\MylesAI\logs\control_center_v2_1_5_20260925_133523.log

=== Preserving current bridge ===
PASS: bridge rollback files saved at C:\Users\Joshu\AppData\Local\MylesAI\backups\control_center_v2_1_5_20260925_133523

=== Installing bridge health v1.1 ===

=== Restarting local authenticated bridge ===
PASS: local authenticated bridge is healthy on 127.0.0.1:8790 (PID 8684).

=== Starting Cloudflare Quick Tunnel ===
Tunnel URL: https://shaft-delete-toolkit-counties.trycloudflare.com

=== Waiting for public authenticated bridge ===
PASS: public bridge health passed after 1 attempt(s).

=== Publishing bridge endpoint ===




[main 1fe6982] Update Myles dashboard bridge endpoint
 1 file changed, 6 insertions(+)
 create mode 100644 bridge.json
remote: Enumerating objects: 451, done.
remote: Counting objects: 100% (231/231), done.
remote: Compressing objects: 100% (85/85), done.
remote: Total 451 (delta 188), reused 188 (delta 146), pack-reused 220 (from 2)
Receiving objects: 100% (451/451), 49.82 KiB | 1.19 MiB/s, done.
Resolving deltas: 100% (295/295), done.
From https://github.com/JoshuaDuskin/MylesDashboard
 * branch            main       -> FETCH_HEAD
 + 6a60cdd...04c6ead main       -> origin/main  (forced update)
Successfully rebased and updated refs/heads/main.
Enumerating objects: 4, done.
Counting objects: 100% (4/4), done.
Delta compression using up to 12 threads
Compressing objects: 100% (3/3), done.
Writing objects: 100% (3/3), 462 bytes | 462.00 KiB/s, done.
Total 3 (delta 1), reused 0 (delta 0), pack-reused 0 (from 0)
remote: Resolving deltas: 100% (1/1), completed with 1 local object.
To https://github.com/JoshuaDuskin/MylesDashboard.git
   04c6ead..5fc2697  main -> main
PASS: bridge endpoint published to dashboard repo.

=== Testing dashboard -> Myles chat ===
PS>TerminatingError(Invoke-RestMethod): "error code: 502
"
WARNING: phone bridge is online, but Myles chat POST still needs a route/schema fix.
The remote server returned an error: (502) Bad Gateway.

=======================================================================
 MYLES CONTROL CENTER v2.1.5: BRIDGE ONLINE
=======================================================================
Dashboard:   https://joshuaduskin.github.io/MylesDashboard/
Bridge:      https://shaft-delete-toolkit-counties.trycloudflare.com
Pair code:   JYBTJU2Q
Pair expires:2026-09-26T13:35:23
Bridge PID:  8684
Tunnel PID:  3648
GitHub sync: True
Chat POST:   False
Chat error:  The remote server returned an error: (502) Bad Gateway.
Pairing file:C:\Users\Joshu\OneDrive\Desktop\MYLES_DASHBOARD_PAIRING.txt
Run log:     C:\Users\Joshu\AppData\Local\MylesAI\logs\control_center_v2_1_5_20260925_133523.log

**********************
Windows PowerShell transcript end
End time: 20260925133541
**********************
