{"level":"info","time":"2026-09-26T03:45:15Z","message":"Thank you for trying Cloudflare Tunnel. Doing so, without a Cloudflare account, is a quick way to experiment and try it out. However, be aware that these account-less Tunnels have no uptime guarantee, are subject to the Cloudflare Online Services Terms of Use (https://www.cloudflare.com/website-terms/), and Cloudflare reserves the right to investigate your use of Tunnels for violations of such terms. If you intend to use Tunnels in production you should use a pre-created named tunnel by following: https://developers.cloudflare.com/cloudflare-one/connections/connect-apps"}
{"level":"info","time":"2026-09-26T03:45:15Z","message":"Requesting new quick Tunnel on trycloudflare.com..."}
{"level":"info","time":"2026-09-26T03:45:19Z","message":"+--------------------------------------------------------------------------------------------+"}
{"level":"info","time":"2026-09-26T03:45:19Z","message":"|  Your quick Tunnel has been created! Visit it at (it may take some time to be reachable):  |"}
{"level":"info","time":"2026-09-26T03:45:19Z","message":"|  https://brief-senator-cadillac-favors.trycloudflare.com                                   |"}
{"level":"info","time":"2026-09-26T03:45:19Z","message":"+--------------------------------------------------------------------------------------------+"}
{"level":"info","time":"2026-09-26T03:45:19Z","message":"Cannot determine default configuration path. No file [config.yml config.yaml] in [~/.cloudflared ~/.cloudflare-warp ~/cloudflare-warp]"}
{"level":"info","time":"2026-09-26T03:45:19Z","message":"Version 2026.9.3 (Checksum f096265ec2fcbe9bb6e2d64268db167ced3fcbb83d894bdb9e2fcdb26f2ea7e2)"}
{"level":"info","time":"2026-09-26T03:45:19Z","message":"GOOS: windows, GOVersion: go1.26.8, GoArch: amd64"}
{"level":"info","time":"2026-09-26T03:45:19Z","message":"Settings: map[ha-connections:1 logfile:C:\\Users\\Joshu\\AppData\\Local\\MylesAI\\logs\\dashboard_tunnel.log loglevel:info no-autoupdate:true protocol:quic url:http://127.0.0.1:8790]"}
{"level":"info","time":"2026-09-26T03:45:19Z","message":"cloudflared will not automatically update on Windows systems."}
{"level":"info","time":"2026-09-26T03:45:19Z","message":"Generated Connector ID: b40a5933-910c-45f4-9026-021bba6b3c64"}
{"level":"info","time":"2026-09-26T03:45:19Z","message":"Initial protocol quic"}
{"level":"info","time":"2026-09-26T03:45:19Z","message":"ICMP proxy will use 192.168.4.45 as source for IPv4"}
{"level":"info","time":"2026-09-26T03:45:19Z","message":"ICMP proxy will use fd86:af15:9504:1:7ed7:57c3:60:d1a8 in zone Ethernet as source for IPv6"}
{"level":"info","time":"2026-09-26T03:45:19Z","message":"cloudflared does not support loading the system root certificate pool on Windows. Please use --origin-ca-pool <PATH> to specify the path to the certificate pool"}
{"level":"info","time":"2026-09-26T03:45:19Z","message":"ICMP proxy will use 192.168.4.45 as source for IPv4"}
{"level":"info","event":0,"ip":"198.41.200.63","connIndex":0,"time":"2026-09-26T03:45:19Z","message":"Tunnel connection curve preferences: [X25519MLKEM768 CurveID(65074) CurveP256]"}
{"level":"info","time":"2026-09-26T03:45:19Z","message":"ICMP proxy will use fd86:af15:9504:1:7ed7:57c3:60:d1a8 in zone Ethernet as source for IPv6"}
{"level":"info","time":"2026-09-26T03:45:19Z","message":"Starting metrics server on 127.0.0.1:20241/metrics"}
{"level":"info","event":0,"connection":"5764b1ba-5eb3-4efa-8714-5cd18881b9ac","connIndex":0,"location":"mci03","ip":"198.41.200.63","protocol":"quic","time":"2026-09-26T03:45:19Z","message":"Registered tunnel connection"}
{"level":"info","time":"2026-09-26T03:45:25Z","message":"+-------------------------------------------------------------------------------------+"}
{"level":"info","time":"2026-09-26T03:45:25Z","message":"|                               CONNECTIVITY PRE-CHECKS                               |"}
{"level":"info","time":"2026-09-26T03:45:25Z","message":"+-------------------------------------------------------------------------------------+"}
{"level":"info","time":"2026-09-26T03:45:25Z","message":"|  COMPONENT         TARGET                     STATUS  DETAILS                       |"}
{"level":"info","time":"2026-09-26T03:45:25Z","message":"|  DNS Resolution    region1.v2.argotunnel.com  PASS    DNS Resolved successfully     |"}
{"level":"info","time":"2026-09-26T03:45:25Z","message":"|  DNS Resolution    region2.v2.argotunnel.com  PASS    DNS Resolved successfully     |"}
{"level":"info","time":"2026-09-26T03:45:25Z","message":"|  UDP Connectivity  region1.v2.argotunnel.com  PASS    QUIC connection successful    |"}
{"level":"info","time":"2026-09-26T03:45:25Z","message":"|  UDP Connectivity  region2.v2.argotunnel.com  PASS    QUIC connection successful    |"}
{"level":"info","time":"2026-09-26T03:45:25Z","message":"|  TCP Connectivity  region1.v2.argotunnel.com  PASS    HTTP/2 connection successful  |"}
{"level":"info","time":"2026-09-26T03:45:25Z","message":"|  TCP Connectivity  region2.v2.argotunnel.com  PASS    HTTP/2 connection successful  |"}
{"level":"info","time":"2026-09-26T03:45:25Z","message":"|  Cloudflare API    api.cloudflare.com:443     PASS    API is reachable              |"}
{"level":"info","time":"2026-09-26T03:45:25Z","message":"|                                                                                     |"}
{"level":"info","time":"2026-09-26T03:45:25Z","message":"|  SUMMARY: Environment is healthy. cloudflared will use 'quic' as primary protocol.  |"}
{"level":"info","time":"2026-09-26T03:45:25Z","message":"+-------------------------------------------------------------------------------------+"}
{"level":"info","run_id":"20f7f78b-9ea9-49db-bb4b-086f3c88ac0d","component":"DNS Resolution","target":"region1.v2.argotunnel.com","status":"pass","details":"DNS Resolved successfully","time":"2026-09-26T03:45:25Z","message":"precheck"}
{"level":"info","run_id":"20f7f78b-9ea9-49db-bb4b-086f3c88ac0d","component":"DNS Resolution","target":"region2.v2.argotunnel.com","status":"pass","details":"DNS Resolved successfully","time":"2026-09-26T03:45:25Z","message":"precheck"}
{"level":"info","run_id":"20f7f78b-9ea9-49db-bb4b-086f3c88ac0d","component":"UDP Connectivity","target":"region1.v2.argotunnel.com","status":"pass","details":"QUIC connection successful","time":"2026-09-26T03:45:25Z","message":"precheck"}
{"level":"info","run_id":"20f7f78b-9ea9-49db-bb4b-086f3c88ac0d","component":"UDP Connectivity","target":"region2.v2.argotunnel.com","status":"pass","details":"QUIC connection successful","time":"2026-09-26T03:45:25Z","message":"precheck"}
{"level":"info","run_id":"20f7f78b-9ea9-49db-bb4b-086f3c88ac0d","component":"TCP Connectivity","target":"region1.v2.argotunnel.com","status":"pass","details":"HTTP/2 connection successful","time":"2026-09-26T03:45:25Z","message":"precheck"}
{"level":"info","run_id":"20f7f78b-9ea9-49db-bb4b-086f3c88ac0d","component":"TCP Connectivity","target":"region2.v2.argotunnel.com","status":"pass","details":"HTTP/2 connection successful","time":"2026-09-26T03:45:25Z","message":"precheck"}
{"level":"info","run_id":"20f7f78b-9ea9-49db-bb4b-086f3c88ac0d","component":"Cloudflare API","target":"api.cloudflare.com:443","status":"pass","details":"API is reachable","time":"2026-09-26T03:45:25Z","message":"precheck"}
{"level":"info","run_id":"20f7f78b-9ea9-49db-bb4b-086f3c88ac0d","hard_fail":false,"suggested_protocol":"quic","time":"2026-09-26T03:45:25Z","message":"precheck complete"}
