**********************
Windows PowerShell transcript start
Start time: 20260925183019
Username: DESKTOP-CKIIVNP\Joshu
RunAs User: DESKTOP-CKIIVNP\Joshu
Configuration Name: 
Machine: DESKTOP-CKIIVNP (Microsoft Windows NT 10.0.19045.0)
Host Application: powershell.exe -NoLogo -NoProfile -ExecutionPolicy Bypass -File C:\Users\Joshu\OneDrive\Desktop\MYLES_LEGACY_REPO_CLEANUP_V0_5_6\MYLES_LEGACY_REPO_CLEANUP_V0_5_6\PATCH.ps1
Process ID: 7580
PSVersion: 5.1.19041.6456
PSEdition: Desktop
PSCompatibleVersions: 1.0, 2.0, 3.0, 4.0, 5.0, 5.1.19041.6456
BuildVersion: 10.0.19041.6456
CLRVersion: 4.0.30319.42000
WSManStackVersion: 3.0
PSRemotingProtocolVersion: 2.3
SerializationVersion: 1.1.0.1
**********************

=======================================================================
 MYLES v0.5.6 - LEGACY REPOSITORY CLEANUP ONLY
=======================================================================
No runtime changes. No dashboard rebuild. No Quant changes. This only retires the eight old Myles dashboard/status repositories.
Run log: C:\Users\Joshu\AppData\Local\MylesAI\logs\legacy_repo_cleanup_v0_5_6_20260925_183019.log

=== Retiring legacy repositories ===
Processing Myles-ControlCenter...
PASS: Myles-ControlCenter redirects to the canonical Control Center.
Processing MylesLiveStatus...
PASS: MylesLiveStatus redirects to the canonical Control Center.
Processing M83-dashboard...
PASS: M83-dashboard redirects to the canonical Control Center.
Processing my-dashboard...
PASS: my-dashboard redirects to the canonical Control Center.
Processing progress-dashboard...
PASS: progress-dashboard redirects to the canonical Control Center.
Processing myles-dashboard...
PASS: myles-dashboard redirects to the canonical Control Center.
Processing Myles-AI-Dashboard...
PASS: Myles-AI-Dashboard redirects to the canonical Control Center.
Processing Myles-Ecosystem...
PASS: Myles-Ecosystem redirects to the canonical Control Center.

=======================================================================
 MYLES v0.5.6: LEGACY CLEANUP FINISHED
=======================================================================
Legacy redirects: 8/8
Canonical UI:     JoshuaDuskin/MylesDashboard
Quant source:      JoshuaDuskin/trading-dashboard
Runtime policy:    unchanged / already hard-locked
Quant / GMX:       untouched
Phone bridge:      untouched
PineTree:          untouched
Run log:           C:\Users\Joshu\AppData\Local\MylesAI\logs\legacy_repo_cleanup_v0_5_6_20260925_183019.log
**********************
Windows PowerShell transcript end
End time: 20260925183143
**********************
