**********************
Windows PowerShell transcript start
Start time: 20260925174442
Username: DESKTOP-CKIIVNP\Joshu
RunAs User: DESKTOP-CKIIVNP\Joshu
Configuration Name: 
Machine: DESKTOP-CKIIVNP (Microsoft Windows NT 10.0.19045.0)
Host Application: powershell.exe -NoLogo -NoProfile -ExecutionPolicy Bypass -File C:\Users\Joshu\OneDrive\Desktop\MYLES_OWNER_CONSOLE_V0_5_1_POLISH_LOCK\MYLES_OWNER_CONSOLE_V0_5_1_POLISH_LOCK\PATCH.ps1
Process ID: 9776
PSVersion: 5.1.19041.6456
PSEdition: Desktop
PSCompatibleVersions: 1.0, 2.0, 3.0, 4.0, 5.0, 5.1.19041.6456
BuildVersion: 10.0.19041.6456
CLRVersion: 4.0.30319.42000
WSManStackVersion: 3.0
PSRemotingProtocolVersion: 2.3
SerializationVersion: 1.1.0.1
**********************

=======================================================================
 MYLES OWNER CONSOLE v0.5.1 - POLISH + OWNER LOCK
=======================================================================
Compacts Tasks/Activity, simplifies Auto Bot/Research/Funding, locks the dashboard from autonomous self-edits, and makes Myles speak in first person.
Run log: C:\Users\Joshu\AppData\Local\MylesAI\logs\owner_console_v0_5_1_20260925_174442.log

=== Backing up dashboard + Myles core ===
PASS: rollback folder C:\Users\Joshu\AppData\Local\MylesAI\backups\owner_console_v0_5_1_20260925_174442

=== Updating owner-facing dashboard ===
remote: Enumerating objects: 12, done.
remote: Counting objects: 100% (12/12), done.
remote: Compressing objects: 100% (6/6), done.
remote: Total 10 (delta 2), reused 10 (delta 2), pack-reused 0 (from 0)
Unpacking objects: 100% (10/10), 6.31 KiB | 208.00 KiB/s, done.
From https://github.com/JoshuaDuskin/MylesDashboard
 * branch            main       -> FETCH_HEAD
   a3c8a43..67de861  main       -> origin/main
Already on 'main'
Your branch is behind 'origin/main' by 3 commits, and can be fast-forwarded.
  (use "git pull" to update your local branch)
HEAD is now at 67de861 Update progress dashboard



warning: in the working copy of 'AGENTS.md', LF will be replaced by CRLF the next time Git touches it
warning: in the working copy of 'index.html', LF will be replaced by CRLF the next time Git touches it
warning: in the working copy of '.githooks/pre-commit', LF will be replaced by CRLF the next time Git touches it
warning: in the working copy of '.githooks/pre-push', LF will be replaced by CRLF the next time Git touches it

[main 10cc7d8] Polish owner console and lock autonomous dashboard edits
 4 files changed, 83 insertions(+), 138 deletions(-)
 create mode 100644 .githooks/pre-commit
 create mode 100644 .githooks/pre-push
From https://github.com/JoshuaDuskin/MylesDashboard
 * branch            main       -> FETCH_HEAD
Current branch main is up to date.
Enumerating objects: 9, done.
Counting objects: 100% (9/9), done.
Delta compression using up to 12 threads
Compressing objects: 100% (6/6), done.
Writing objects: 100% (6/6), 6.05 KiB | 1.51 MiB/s, done.
Total 6 (delta 1), reused 0 (delta 0), pack-reused 0 (from 0)
remote: Resolving deltas: 100% (1/1), completed with 1 local object.
To https://github.com/JoshuaDuskin/MylesDashboard.git
   67de861..10cc7d8  main -> main
PASS: compact owner console published and local dashboard Git writes are owner-locked.

=== Patching Myles first-person voice + continuous dashboard lock ===
PS>TerminatingError(python.exe): "The running command stopped because the preference variable "ErrorActionPreference" or common parameter is set to Stop: Could not install the per-cycle dashboard lock; no runtime changes were applied."

=======================================================================
 MYLES OWNER CONSOLE v0.5.1 STOPPED
=======================================================================
Could not install the per-cycle dashboard lock; no runtime changes were applied.
At C:\Users\Joshu\OneDrive\Desktop\MYLES_OWNER_CONSOLE_V0_5_1_POLISH_LOCK\MYLES_OWNER_CONSOLE_V0_5_1_POLISH_LOCK\PATCH.ps1:106 char:22
+     $patchOutput = @(& $Py $patcher $Root $Backup 2>&1)
+                      ~~~~~~~~~~~~~~~~~~~~~~~~~~~~~~~~~
**********************
Windows PowerShell transcript end
End time: 20260925174450
**********************
