[2026-09-26T19:34:20.223738] pressure=87.8% llama_mb=8335 model_unloaded=True priority_lowered=0
[2026-09-26T19:49:45.719956] pressure=87.5% llama_mb=9168 model_unloaded=True priority_lowered=0
[2026-09-26T19:57:38.628020] pressure=65.9% llama_mb=5409 model_unloaded=True priority_lowered=0
[2026-09-26T20:05:31.409621] cpu=18.1% memory=74.5% llama_mb=6700 model_unloaded=True background_priority_tuned=19
[2026-09-26T20:07:36.338446] cpu=19.0% memory=45.0% llama_mb=1812 model_unloaded=True background_priority_tuned=19
[2026-09-26T20:10:42.985013] cpu=12.4% memory=48.9% llama_mb=2492 model_unloaded=True background_priority_tuned=19
[2026-09-26T20:13:49.956472] cpu=15.4% memory=47.6% llama_mb=2237 model_unloaded=True background_priority_tuned=19
[2026-09-26T20:17:59.360977] cpu=21.7% memory=47.6% llama_mb=2418 model_unloaded=True background_priority_tuned=19
[2026-09-26T20:20:03.816909] cpu=17.4% memory=44.7% llama_mb=1940 model_unloaded=True background_priority_tuned=19
[2026-09-26T20:24:12.563639] cpu=12.6% memory=46.1% llama_mb=2226 model_unloaded=True background_priority_tuned=19
[2026-09-26T20:27:19.149400] cpu=17.8% memory=46.3% llama_mb=2232 model_unloaded=True background_priority_tuned=19
[2026-09-26T20:29:23.568940] cpu=15.1% memory=45.4% llama_mb=2176 model_unloaded=True background_priority_tuned=19
[2026-09-26T20:31:27.941283] cpu=14.5% memory=46.0% llama_mb=2258 model_unloaded=True background_priority_tuned=19
[2026-09-26T20:34:34.424406] cpu=14.9% memory=48.3% llama_mb=2556 model_unloaded=True background_priority_tuned=19
[2026-09-26T20:37:41.618987] cpu=11.6% memory=48.2% llama_mb=2227 model_unloaded=True background_priority_tuned=19
[2026-09-26T20:40:32.511329] cpu=12.1% memory=47.4% llama_mb=2002 model_unloaded=True background_priority_tuned=19
[2026-09-26T20:42:37.345415] cpu=12.7% memory=47.8% llama_mb=2044 model_unloaded=True background_priority_tuned=19
[2026-09-26T20:44:42.093597] cpu=19.0% memory=49.9% llama_mb=2303 model_unloaded=True background_priority_tuned=19
[2026-09-26T20:47:51.001375] cpu=17.2% memory=52.2% llama_mb=2593 model_unloaded=True background_priority_tuned=19
[2026-09-26T20:49:56.069498] cpu=25.8% memory=47.7% llama_mb=1915 model_unloaded=True background_priority_tuned=19
[2026-09-26T20:52:00.929458] cpu=28.0% memory=52.7% llama_mb=2728 model_unloaded=True background_priority_tuned=19
[2026-09-26T20:55:08.148360] cpu=30.1% memory=52.6% llama_mb=2087 model_unloaded=True background_priority_tuned=19
[2026-09-26T20:57:58.219365] game_mode=False cpu=14.3% memory=45.8% llama_mb=2569 model_unloaded=True background_priority_tuned=19
[2026-09-26T20:59:00.388907] game_mode=False cpu=11.2% memory=47.6% llama_mb=2925 model_unloaded=True background_priority_tuned=19
[2026-09-26T20:59:31.221401] game_mode=True cpu=1.9% memory=50.9% llama_mb=3471 model_unloaded=True background_priority_tuned=19
[2026-09-26T21:00:02.075537] game_mode=True cpu=1.3% memory=29.6% llama_mb=0 model_unloaded=False background_priority_tuned=19
[2026-09-26T21:00:32.938740] game_mode=True cpu=1.3% memory=29.6% llama_mb=0 model_unloaded=False background_priority_tuned=19
[2026-09-26T21:01:03.760649] game_mode=True cpu=1.9% memory=29.3% llama_mb=0 model_unloaded=False background_priority_tuned=19
[2026-09-26T21:01:34.554538] game_mode=True cpu=4.8% memory=29.2% llama_mb=0 model_unloaded=False background_priority_tuned=19
[2026-09-26T21:02:05.526409] game_mode=True cpu=2.1% memory=29.2% llama_mb=0 model_unloaded=False background_priority_tuned=19
[2026-09-26T21:02:36.554076] game_mode=True cpu=3.8% memory=37.2% llama_mb=0 model_unloaded=False background_priority_tuned=19
[2026-09-26T21:03:07.504898] game_mode=True cpu=3.8% memory=35.3% llama_mb=0 model_unloaded=False background_priority_tuned=19
[2026-09-26T21:03:38.395832] game_mode=True cpu=4.5% memory=35.4% llama_mb=0 model_unloaded=False background_priority_tuned=19
[2026-09-26T21:04:09.272890] game_mode=True cpu=1.4% memory=34.5% llama_mb=0 model_unloaded=False background_priority_tuned=19
[2026-09-26T21:04:40.170500] game_mode=True cpu=1.3% memory=34.9% llama_mb=0 model_unloaded=False background_priority_tuned=19
[2026-09-26T21:05:11.116120] game_mode=True cpu=3.8% memory=34.4% llama_mb=0 model_unloaded=False background_priority_tuned=19
[2026-09-26T21:05:41.982514] game_mode=True cpu=7.1% memory=34.8% llama_mb=0 model_unloaded=False background_priority_tuned=19
[2026-09-26T21:06:12.835601] game_mode=True cpu=5.3% memory=33.9% llama_mb=0 model_unloaded=False background_priority_tuned=19
[2026-09-26T21:06:43.713832] game_mode=True cpu=2.6% memory=34.5% llama_mb=0 model_unloaded=False background_priority_tuned=19
[2026-09-26T21:07:14.568895] game_mode=True cpu=3.0% memory=35.5% llama_mb=0 model_unloaded=False background_priority_tuned=19
[2026-09-26T21:07:45.434779] game_mode=True cpu=1.4% memory=35.8% llama_mb=0 model_unloaded=False background_priority_tuned=19
[2026-09-26T21:08:16.384340] game_mode=True cpu=1.9% memory=36.2% llama_mb=0 model_unloaded=False background_priority_tuned=19
[2026-09-26T21:08:59.985301] game_mode=True cpu=7.3% memory=35.5% llama_mb=0 model_unloaded=False background_priority_tuned=19
[2026-09-26T21:09:30.851919] game_mode=True cpu=3.0% memory=36.4% llama_mb=0 model_unloaded=False background_priority_tuned=19
[2026-09-26T21:10:01.736884] game_mode=True cpu=3.9% memory=35.7% llama_mb=0 model_unloaded=False background_priority_tuned=19
[2026-09-26T21:10:32.554407] game_mode=True cpu=1.3% memory=29.5% llama_mb=0 model_unloaded=False background_priority_tuned=19
[2026-09-26T21:11:03.514673] game_mode=True cpu=12.2% memory=33.4% llama_mb=0 model_unloaded=False background_priority_tuned=19
[2026-09-26T21:11:35.178975] game_mode=True cpu=15.5% memory=34.6% llama_mb=0 model_unloaded=False background_priority_tuned=19
[2026-09-26T21:12:07.900285] game_mode=True cpu=89.2% memory=58.6% llama_mb=1097 model_unloaded=False background_priority_tuned=19
[2026-09-26T21:12:39.522604] game_mode=True cpu=13.1% memory=71.2% llama_mb=1169 model_unloaded=False background_priority_tuned=19
[2026-09-26T21:13:10.614996] game_mode=True cpu=1.3% memory=40.3% llama_mb=1169 model_unloaded=False background_priority_tuned=19
[2026-09-26T21:13:41.602220] game_mode=True cpu=1.8% memory=43.4% llama_mb=1169 model_unloaded=False background_priority_tuned=19
[2026-09-26T21:14:12.639253] game_mode=True cpu=10.3% memory=48.1% llama_mb=1169 model_unloaded=False background_priority_tuned=19
[2026-09-26T21:14:43.680737] game_mode=True cpu=4.4% memory=47.1% llama_mb=1169 model_unloaded=False background_priority_tuned=19
[2026-09-26T21:15:14.843462] game_mode=True cpu=1.3% memory=47.5% llama_mb=1169 model_unloaded=False background_priority_tuned=19
[2026-09-26T21:15:45.853933] game_mode=True cpu=4.1% memory=46.7% llama_mb=1161 model_unloaded=False background_priority_tuned=19
[2026-09-26T21:16:16.886116] game_mode=True cpu=3.8% memory=45.8% llama_mb=1161 model_unloaded=False background_priority_tuned=19
[2026-09-26T21:16:47.851623] game_mode=True cpu=3.0% memory=45.3% llama_mb=1161 model_unloaded=False background_priority_tuned=19
[2026-09-26T21:17:18.814029] game_mode=True cpu=1.4% memory=46.1% llama_mb=1161 model_unloaded=False background_priority_tuned=19
[2026-09-26T21:17:49.887887] game_mode=True cpu=3.4% memory=45.3% llama_mb=1161 model_unloaded=False background_priority_tuned=19
[2026-09-26T21:18:20.827551] game_mode=True cpu=11.9% memory=45.9% llama_mb=1161 model_unloaded=False background_priority_tuned=19
[2026-09-26T21:18:51.895407] game_mode=True cpu=2.7% memory=46.4% llama_mb=1161 model_unloaded=False background_priority_tuned=19
[2026-09-26T21:19:22.900477] game_mode=True cpu=7.8% memory=46.3% llama_mb=1161 model_unloaded=False background_priority_tuned=19
[2026-09-26T21:19:53.879234] game_mode=True cpu=3.2% memory=44.3% llama_mb=1123 model_unloaded=False background_priority_tuned=19
[2026-09-26T21:20:24.894949] game_mode=True cpu=3.2% memory=44.3% llama_mb=1123 model_unloaded=False background_priority_tuned=19
[2026-09-26T21:20:55.988553] game_mode=True cpu=9.6% memory=44.7% llama_mb=1123 model_unloaded=False background_priority_tuned=19
[2026-09-26T21:21:26.949527] game_mode=True cpu=4.3% memory=44.0% llama_mb=1123 model_unloaded=False background_priority_tuned=19
[2026-09-26T21:21:57.901785] game_mode=True cpu=7.0% memory=37.6% llama_mb=0 model_unloaded=False background_priority_tuned=19
[2026-09-26T21:22:28.793958] game_mode=True cpu=4.8% memory=38.2% llama_mb=0 model_unloaded=False background_priority_tuned=19
[2026-09-26T21:23:00.926504] game_mode=True cpu=4.8% memory=37.5% llama_mb=0 model_unloaded=False background_priority_tuned=19
[2026-09-26T21:23:31.862317] game_mode=True cpu=4.5% memory=38.2% llama_mb=0 model_unloaded=False background_priority_tuned=19
[2026-09-26T21:24:02.769153] game_mode=True cpu=17.7% memory=37.9% llama_mb=0 model_unloaded=False background_priority_tuned=19
[2026-09-26T21:24:33.717728] game_mode=True cpu=10.8% memory=39.7% llama_mb=0 model_unloaded=False background_priority_tuned=19
[2026-09-26T21:25:04.566845] game_mode=True cpu=10.3% memory=31.5% llama_mb=0 model_unloaded=False background_priority_tuned=19
[2026-09-26T21:25:35.524301] game_mode=True cpu=1.3% memory=31.4% llama_mb=0 model_unloaded=False background_priority_tuned=19
[2026-09-26T21:26:06.528091] game_mode=True cpu=5.9% memory=31.3% llama_mb=0 model_unloaded=False background_priority_tuned=19
[2026-09-26T21:26:37.365895] game_mode=True cpu=1.9% memory=31.4% llama_mb=0 model_unloaded=False background_priority_tuned=19
[2026-09-26T21:27:08.459313] game_mode=True cpu=14.7% memory=40.2% llama_mb=0 model_unloaded=False background_priority_tuned=19
[2026-09-26T21:27:39.400437] game_mode=True cpu=3.4% memory=39.6% llama_mb=0 model_unloaded=False background_priority_tuned=19
[2026-09-26T21:28:09.375816] game_mode=True cpu=0.0% memory=38.7% llama_mb=0 model_unloaded=False background_priority_tuned=19
[2026-09-26T21:28:40.590002] game_mode=True cpu=17.7% memory=38.6% llama_mb=0 model_unloaded=False background_priority_tuned=18
[2026-09-26T21:29:11.486873] game_mode=True cpu=3.9% memory=37.7% llama_mb=0 model_unloaded=False background_priority_tuned=18
[2026-09-26T21:29:42.356390] game_mode=True cpu=1.3% memory=37.6% llama_mb=0 model_unloaded=False background_priority_tuned=18
[2026-09-26T21:30:13.369727] game_mode=True cpu=3.6% memory=38.4% llama_mb=0 model_unloaded=False background_priority_tuned=18
[2026-09-26T21:30:44.273403] game_mode=True cpu=4.7% memory=38.1% llama_mb=0 model_unloaded=False background_priority_tuned=18
[2026-09-26T21:31:15.151430] game_mode=True cpu=5.2% memory=38.1% llama_mb=0 model_unloaded=False background_priority_tuned=18
[2026-09-26T21:31:46.105557] game_mode=True cpu=2.0% memory=38.4% llama_mb=0 model_unloaded=False background_priority_tuned=18
[2026-09-26T21:32:39.321496] game_mode=True cpu=5.5% memory=38.2% llama_mb=0 model_unloaded=False background_priority_tuned=18
[2026-09-26T21:33:10.205297] game_mode=True cpu=10.8% memory=38.6% llama_mb=0 model_unloaded=False background_priority_tuned=18
[2026-09-26T21:33:41.053508] game_mode=True cpu=3.2% memory=38.5% llama_mb=0 model_unloaded=False background_priority_tuned=18
[2026-09-26T21:34:11.902237] game_mode=True cpu=6.4% memory=39.0% llama_mb=0 model_unloaded=False background_priority_tuned=18
[2026-09-26T21:34:42.770994] game_mode=True cpu=3.3% memory=38.8% llama_mb=0 model_unloaded=False background_priority_tuned=18
[2026-09-26T21:35:13.715846] game_mode=True cpu=11.6% memory=38.7% llama_mb=0 model_unloaded=False background_priority_tuned=18
[2026-09-26T21:35:44.632920] game_mode=True cpu=1.3% memory=38.2% llama_mb=0 model_unloaded=False background_priority_tuned=18
[2026-09-26T21:36:15.483772] game_mode=True cpu=12.3% memory=38.7% llama_mb=0 model_unloaded=False background_priority_tuned=18
[2026-09-26T21:36:46.318739] game_mode=True cpu=3.4% memory=38.6% llama_mb=0 model_unloaded=False background_priority_tuned=18
[2026-09-26T21:37:17.223530] game_mode=True cpu=1.3% memory=39.4% llama_mb=0 model_unloaded=False background_priority_tuned=18
[2026-09-26T21:37:59.046111] game_mode=True cpu=0.7% memory=39.3% llama_mb=0 model_unloaded=False background_priority_tuned=18
[2026-09-26T21:38:29.930963] game_mode=True cpu=1.4% memory=37.9% llama_mb=0 model_unloaded=False background_priority_tuned=18
[2026-09-26T21:39:00.817215] game_mode=True cpu=4.7% memory=39.1% llama_mb=0 model_unloaded=False background_priority_tuned=18
[2026-09-26T21:39:31.702022] game_mode=True cpu=3.4% memory=38.8% llama_mb=0 model_unloaded=False background_priority_tuned=18
[2026-09-26T21:40:02.592605] game_mode=True cpu=1.3% memory=38.8% llama_mb=0 model_unloaded=False background_priority_tuned=18
[2026-09-26T21:40:33.434310] game_mode=True cpu=5.1% memory=38.7% llama_mb=0 model_unloaded=False background_priority_tuned=18
[2026-09-26T21:41:04.300564] game_mode=True cpu=5.1% memory=38.7% llama_mb=0 model_unloaded=False background_priority_tuned=18
[2026-09-26T21:41:35.181456] game_mode=True cpu=7.5% memory=38.5% llama_mb=0 model_unloaded=False background_priority_tuned=18
[2026-09-26T21:42:06.049516] game_mode=True cpu=6.1% memory=38.5% llama_mb=0 model_unloaded=False background_priority_tuned=18
[2026-09-26T21:42:36.865527] game_mode=True cpu=7.2% memory=38.6% llama_mb=0 model_unloaded=False background_priority_tuned=18
[2026-09-26T21:43:07.766092] game_mode=True cpu=5.1% memory=38.5% llama_mb=0 model_unloaded=False background_priority_tuned=18
[2026-09-26T21:43:38.788133] game_mode=True cpu=7.3% memory=38.7% llama_mb=0 model_unloaded=False background_priority_tuned=18
[2026-09-26T21:44:09.776920] game_mode=True cpu=4.5% memory=40.2% llama_mb=0 model_unloaded=False background_priority_tuned=18
[2026-09-26T21:44:39.323058] game_mode=True cpu=7.1% memory=38.7% llama_mb=0 model_unloaded=False background_priority_tuned=18
[2026-09-26T21:45:10.262119] game_mode=True cpu=5.6% memory=40.0% llama_mb=0 model_unloaded=False background_priority_tuned=18
[2026-09-26T21:45:41.149389] game_mode=True cpu=3.2% memory=38.6% llama_mb=0 model_unloaded=False background_priority_tuned=18
[2026-09-26T21:46:12.015822] game_mode=True cpu=5.3% memory=38.5% llama_mb=0 model_unloaded=False background_priority_tuned=18
[2026-09-26T21:46:42.863480] game_mode=True cpu=9.5% memory=39.0% llama_mb=0 model_unloaded=False background_priority_tuned=18
[2026-09-26T21:47:13.698409] game_mode=True cpu=9.6% memory=38.3% llama_mb=0 model_unloaded=False background_priority_tuned=18
[2026-09-26T21:47:44.511072] game_mode=True cpu=12.1% memory=38.7% llama_mb=0 model_unloaded=False background_priority_tuned=18
[2026-09-26T21:48:15.448102] game_mode=True cpu=1.2% memory=39.0% llama_mb=0 model_unloaded=False background_priority_tuned=18
[2026-09-26T21:48:46.351347] game_mode=True cpu=5.7% memory=38.5% llama_mb=0 model_unloaded=False background_priority_tuned=18
[2026-09-26T21:49:33.438511] game_mode=True cpu=0.6% memory=38.4% llama_mb=0 model_unloaded=False background_priority_tuned=18
[2026-09-26T21:50:04.479426] game_mode=True cpu=8.6% memory=39.3% llama_mb=0 model_unloaded=False background_priority_tuned=18
[2026-09-26T21:50:35.507734] game_mode=True cpu=3.9% memory=39.1% llama_mb=0 model_unloaded=False background_priority_tuned=18
[2026-09-26T21:51:06.396103] game_mode=True cpu=8.3% memory=39.1% llama_mb=0 model_unloaded=False background_priority_tuned=18
[2026-09-26T21:51:37.354985] game_mode=True cpu=23.1% memory=40.0% llama_mb=0 model_unloaded=False background_priority_tuned=18
[2026-09-26T21:52:08.160507] game_mode=True cpu=4.4% memory=38.7% llama_mb=0 model_unloaded=False background_priority_tuned=18
[2026-09-26T21:52:39.135035] game_mode=True cpu=13.3% memory=39.4% llama_mb=0 model_unloaded=False background_priority_tuned=18
[2026-09-26T21:53:30.947358] game_mode=True cpu=0.7% memory=39.1% llama_mb=0 model_unloaded=False background_priority_tuned=18
[2026-09-26T21:54:01.835676] game_mode=True cpu=3.4% memory=39.1% llama_mb=0 model_unloaded=False background_priority_tuned=18
[2026-09-26T21:54:32.675125] game_mode=True cpu=3.7% memory=39.5% llama_mb=0 model_unloaded=False background_priority_tuned=18
[2026-09-26T21:55:03.463605] game_mode=True cpu=1.3% memory=31.6% llama_mb=0 model_unloaded=False background_priority_tuned=18
[2026-09-26T21:57:07.863889] game_mode=False cpu=14.4% memory=46.6% llama_mb=2427 model_unloaded=True background_priority_tuned=18
[2026-09-26T21:58:10.625509] game_mode=False cpu=26.0% memory=49.6% llama_mb=1864 model_unloaded=True background_priority_tuned=18
[2026-09-26T21:59:13.167080] game_mode=False cpu=13.2% memory=49.9% llama_mb=2241 model_unloaded=True background_priority_tuned=18
[2026-09-26T22:01:57.236226] game_mode=False cpu=13.9% memory=50.4% llama_mb=2239 model_unloaded=True background_priority_tuned=18
[2026-09-26T22:04:02.874711] game_mode=False cpu=18.2% memory=48.9% llama_mb=1943 model_unloaded=True background_priority_tuned=18
[2026-09-26T22:07:10.499135] game_mode=False cpu=16.2% memory=53.2% llama_mb=2662 model_unloaded=True background_priority_tuned=18
[2026-09-26T22:11:21.454757] game_mode=False cpu=25.9% memory=53.6% llama_mb=2708 model_unloaded=True background_priority_tuned=18
[2026-09-26T22:13:11.928670] game_mode=False cpu=13.5% memory=49.5% llama_mb=1960 model_unloaded=True background_priority_tuned=18
[2026-09-26T22:16:19.391885] game_mode=False cpu=13.6% memory=42.2% llama_mb=1975 model_unloaded=True background_priority_tuned=18
[2026-09-26T22:17:21.659709] game_mode=False cpu=15.0% memory=45.7% llama_mb=2523 model_unloaded=True background_priority_tuned=18
[2026-09-26T22:18:23.918593] game_mode=False cpu=15.4% memory=44.1% llama_mb=2283 model_unloaded=True background_priority_tuned=18
[2026-09-26T22:20:29.798930] game_mode=False cpu=21.5% memory=52.2% llama_mb=2324 model_unloaded=True background_priority_tuned=18
[2026-09-26T22:22:04.415058] game_mode=False cpu=22.4% memory=50.6% llama_mb=2072 model_unloaded=True background_priority_tuned=18
[2026-09-26T22:24:10.020918] game_mode=False cpu=15.9% memory=50.7% llama_mb=2174 model_unloaded=True background_priority_tuned=18
[2026-09-26T22:25:12.493124] game_mode=False cpu=25.0% memory=48.5% llama_mb=1803 model_unloaded=True background_priority_tuned=18
[2026-09-26T22:27:17.642361] game_mode=False cpu=17.3% memory=51.0% llama_mb=2193 model_unloaded=True background_priority_tuned=18
[2026-09-26T22:28:19.846245] game_mode=False cpu=13.7% memory=48.8% llama_mb=2969 model_unloaded=True background_priority_tuned=18
[2026-09-26T22:30:24.492920] game_mode=False cpu=17.8% memory=41.9% llama_mb=2091 model_unloaded=True background_priority_tuned=18
[2026-09-26T22:31:26.749660] game_mode=False cpu=10.7% memory=46.9% llama_mb=2675 model_unloaded=True background_priority_tuned=18
[2026-09-26T22:33:31.426913] game_mode=False cpu=12.9% memory=42.5% llama_mb=2004 model_unloaded=True background_priority_tuned=18
[2026-09-26T22:35:35.863726] game_mode=False cpu=14.7% memory=41.4% llama_mb=1825 model_unloaded=True background_priority_tuned=18
[2026-09-26T22:37:40.096427] game_mode=False cpu=16.4% memory=43.1% llama_mb=2098 model_unloaded=True background_priority_tuned=18
[2026-09-26T22:39:44.320539] game_mode=False cpu=17.1% memory=45.7% llama_mb=2512 model_unloaded=True background_priority_tuned=18
[2026-09-26T22:41:48.949546] game_mode=False cpu=13.6% memory=42.2% llama_mb=1962 model_unloaded=True background_priority_tuned=18
[2026-09-26T22:43:53.103978] game_mode=False cpu=19.2% memory=42.4% llama_mb=1993 model_unloaded=True background_priority_tuned=18
[2026-09-26T22:46:59.340738] game_mode=False cpu=22.2% memory=43.9% llama_mb=2131 model_unloaded=True background_priority_tuned=18
[2026-09-26T22:49:03.560825] game_mode=False cpu=19.1% memory=42.3% llama_mb=1998 model_unloaded=True background_priority_tuned=18
[2026-09-26T22:52:09.961448] game_mode=False cpu=24.1% memory=44.3% llama_mb=2307 model_unloaded=True background_priority_tuned=18
[2026-09-26T22:54:14.158330] game_mode=False cpu=12.2% memory=44.6% llama_mb=2354 model_unloaded=True background_priority_tuned=18
[2026-09-26T22:56:18.622554] game_mode=False cpu=12.4% memory=41.7% llama_mb=1877 model_unloaded=True background_priority_tuned=18
[2026-09-26T22:59:25.008399] game_mode=False cpu=17.8% memory=43.1% llama_mb=2045 model_unloaded=True background_priority_tuned=18
[2026-09-26T23:02:32.015745] game_mode=False cpu=13.4% memory=42.8% llama_mb=1933 model_unloaded=True background_priority_tuned=18
[2026-09-26T23:04:36.577689] game_mode=False cpu=15.0% memory=43.5% llama_mb=2011 model_unloaded=True background_priority_tuned=18
[2026-09-26T23:07:43.255341] game_mode=False cpu=11.3% memory=43.1% llama_mb=2054 model_unloaded=True background_priority_tuned=18
[2026-09-26T23:25:19.912000] game_mode=False cpu=3.6% memory=43.3% llama_mb=2014 model_unloaded=True background_priority_tuned=18
