----------------------------------------
Exception occurred during processing of request from ('127.0.0.1', 43890)
Traceback (most recent call last):
  File "C:\Users\Joshu\AppData\Roaming\uv\python\cpython-3.12-windows-x86_64-none\Lib\socketserver.py", line 697, in process_request_thread
    self.finish_request(request, client_address)
  File "C:\Users\Joshu\AppData\Roaming\uv\python\cpython-3.12-windows-x86_64-none\Lib\socketserver.py", line 362, in finish_request
    self.RequestHandlerClass(request, client_address, self)
  File "C:\Users\Joshu\AppData\Roaming\uv\python\cpython-3.12-windows-x86_64-none\Lib\socketserver.py", line 766, in __init__
    self.handle()
  File "C:\Users\Joshu\AppData\Roaming\uv\python\cpython-3.12-windows-x86_64-none\Lib\http\server.py", line 440, in handle
    self.handle_one_request()
  File "C:\Users\Joshu\AppData\Roaming\uv\python\cpython-3.12-windows-x86_64-none\Lib\http\server.py", line 428, in handle_one_request
    method()
  File "C:\Users\Joshu\AppData\Local\MylesAI\bin\public_gateway_v074.py", line 236, in do_POST
    return self.proxy()
           ^^^^^^^^^^^^
  File "C:\Users\Joshu\AppData\Local\MylesAI\bin\public_gateway_v074.py", line 228, in proxy
    self.send_json(status, raw, response_headers.get("Content-Type", "application/json"))
  File "C:\Users\Joshu\AppData\Local\MylesAI\bin\public_gateway_v074.py", line 175, in send_json
    self.wfile.write(raw)
  File "C:\Users\Joshu\AppData\Roaming\uv\python\cpython-3.12-windows-x86_64-none\Lib\socketserver.py", line 845, in write
    self._sock.sendall(b)
ConnectionAbortedError: [WinError 10053] An established connection was aborted by the software in your host machine
----------------------------------------
----------------------------------------
Exception occurred during processing of request from ('127.0.0.1', 47735)
Traceback (most recent call last):
  File "C:\Users\Joshu\AppData\Roaming\uv\python\cpython-3.12-windows-x86_64-none\Lib\socketserver.py", line 697, in process_request_thread
    self.finish_request(request, client_address)
  File "C:\Users\Joshu\AppData\Roaming\uv\python\cpython-3.12-windows-x86_64-none\Lib\socketserver.py", line 362, in finish_request
    self.RequestHandlerClass(request, client_address, self)
  File "C:\Users\Joshu\AppData\Roaming\uv\python\cpython-3.12-windows-x86_64-none\Lib\socketserver.py", line 766, in __init__
    self.handle()
  File "C:\Users\Joshu\AppData\Roaming\uv\python\cpython-3.12-windows-x86_64-none\Lib\http\server.py", line 440, in handle
    self.handle_one_request()
  File "C:\Users\Joshu\AppData\Roaming\uv\python\cpython-3.12-windows-x86_64-none\Lib\http\server.py", line 428, in handle_one_request
    method()
  File "C:\Users\Joshu\AppData\Local\MylesAI\bin\public_gateway_v074.py", line 232, in do_GET
    return self.public_status()
           ^^^^^^^^^^^^^^^^^^^^
  File "C:\Users\Joshu\AppData\Local\MylesAI\bin\public_gateway_v074.py", line 209, in public_status
    self.send_json(status, raw, response_headers.get("Content-Type", "application/json"))
  File "C:\Users\Joshu\AppData\Local\MylesAI\bin\public_gateway_v074.py", line 175, in send_json
    self.wfile.write(raw)
  File "C:\Users\Joshu\AppData\Roaming\uv\python\cpython-3.12-windows-x86_64-none\Lib\socketserver.py", line 845, in write
    self._sock.sendall(b)
ConnectionAbortedError: [WinError 10053] An established connection was aborted by the software in your host machine
----------------------------------------
----------------------------------------
Exception occurred during processing of request from ('127.0.0.1', 52508)
Traceback (most recent call last):
  File "C:\Users\Joshu\AppData\Roaming\uv\python\cpython-3.12-windows-x86_64-none\Lib\socketserver.py", line 697, in process_request_thread
    self.finish_request(request, client_address)
  File "C:\Users\Joshu\AppData\Roaming\uv\python\cpython-3.12-windows-x86_64-none\Lib\socketserver.py", line 362, in finish_request
    self.RequestHandlerClass(request, client_address, self)
  File "C:\Users\Joshu\AppData\Roaming\uv\python\cpython-3.12-windows-x86_64-none\Lib\socketserver.py", line 766, in __init__
    self.handle()
  File "C:\Users\Joshu\AppData\Roaming\uv\python\cpython-3.12-windows-x86_64-none\Lib\http\server.py", line 440, in handle
    self.handle_one_request()
  File "C:\Users\Joshu\AppData\Roaming\uv\python\cpython-3.12-windows-x86_64-none\Lib\http\server.py", line 428, in handle_one_request
    method()
  File "C:\Users\Joshu\AppData\Local\MylesAI\bin\public_gateway_v074.py", line 232, in do_GET
    return self.public_status()
           ^^^^^^^^^^^^^^^^^^^^
  File "C:\Users\Joshu\AppData\Local\MylesAI\bin\public_gateway_v074.py", line 209, in public_status
    self.send_json(status, raw, response_headers.get("Content-Type", "application/json"))
  File "C:\Users\Joshu\AppData\Local\MylesAI\bin\public_gateway_v074.py", line 175, in send_json
    self.wfile.write(raw)
  File "C:\Users\Joshu\AppData\Roaming\uv\python\cpython-3.12-windows-x86_64-none\Lib\socketserver.py", line 845, in write
    self._sock.sendall(b)
ConnectionAbortedError: [WinError 10053] An established connection was aborted by the software in your host machine
----------------------------------------
----------------------------------------
Exception occurred during processing of request from ('127.0.0.1', 58104)
Traceback (most recent call last):
  File "C:\Users\Joshu\AppData\Roaming\uv\python\cpython-3.12-windows-x86_64-none\Lib\socketserver.py", line 697, in process_request_thread
    self.finish_request(request, client_address)
  File "C:\Users\Joshu\AppData\Roaming\uv\python\cpython-3.12-windows-x86_64-none\Lib\socketserver.py", line 362, in finish_request
    self.RequestHandlerClass(request, client_address, self)
  File "C:\Users\Joshu\AppData\Roaming\uv\python\cpython-3.12-windows-x86_64-none\Lib\socketserver.py", line 766, in __init__
    self.handle()
  File "C:\Users\Joshu\AppData\Roaming\uv\python\cpython-3.12-windows-x86_64-none\Lib\http\server.py", line 440, in handle
    self.handle_one_request()
  File "C:\Users\Joshu\AppData\Roaming\uv\python\cpython-3.12-windows-x86_64-none\Lib\http\server.py", line 428, in handle_one_request
    method()
  File "C:\Users\Joshu\AppData\Local\MylesAI\bin\public_gateway_v074.py", line 236, in do_POST
    return self.proxy()
           ^^^^^^^^^^^^
  File "C:\Users\Joshu\AppData\Local\MylesAI\bin\public_gateway_v074.py", line 228, in proxy
    self.send_json(status, raw, response_headers.get("Content-Type", "application/json"))
  File "C:\Users\Joshu\AppData\Local\MylesAI\bin\public_gateway_v074.py", line 175, in send_json
    self.wfile.write(raw)
  File "C:\Users\Joshu\AppData\Roaming\uv\python\cpython-3.12-windows-x86_64-none\Lib\socketserver.py", line 845, in write
    self._sock.sendall(b)
ConnectionAbortedError: [WinError 10053] An established connection was aborted by the software in your host machine
----------------------------------------
----------------------------------------
Exception occurred during processing of request from ('127.0.0.1', 65424)
Traceback (most recent call last):
  File "C:\Users\Joshu\AppData\Roaming\uv\python\cpython-3.12-windows-x86_64-none\Lib\socketserver.py", line 697, in process_request_thread
    self.finish_request(request, client_address)
  File "C:\Users\Joshu\AppData\Roaming\uv\python\cpython-3.12-windows-x86_64-none\Lib\socketserver.py", line 362, in finish_request
    self.RequestHandlerClass(request, client_address, self)
  File "C:\Users\Joshu\AppData\Roaming\uv\python\cpython-3.12-windows-x86_64-none\Lib\socketserver.py", line 766, in __init__
    self.handle()
  File "C:\Users\Joshu\AppData\Roaming\uv\python\cpython-3.12-windows-x86_64-none\Lib\http\server.py", line 440, in handle
    self.handle_one_request()
  File "C:\Users\Joshu\AppData\Roaming\uv\python\cpython-3.12-windows-x86_64-none\Lib\http\server.py", line 428, in handle_one_request
    method()
  File "C:\Users\Joshu\AppData\Local\MylesAI\bin\public_gateway_v074.py", line 236, in do_POST
    return self.proxy()
           ^^^^^^^^^^^^
  File "C:\Users\Joshu\AppData\Local\MylesAI\bin\public_gateway_v074.py", line 228, in proxy
    self.send_json(status, raw, response_headers.get("Content-Type", "application/json"))
  File "C:\Users\Joshu\AppData\Local\MylesAI\bin\public_gateway_v074.py", line 175, in send_json
    self.wfile.write(raw)
  File "C:\Users\Joshu\AppData\Roaming\uv\python\cpython-3.12-windows-x86_64-none\Lib\socketserver.py", line 845, in write
    self._sock.sendall(b)
ConnectionAbortedError: [WinError 10053] An established connection was aborted by the software in your host machine
----------------------------------------
----------------------------------------
Exception occurred during processing of request from ('127.0.0.1', 14463)
Traceback (most recent call last):
  File "C:\Users\Joshu\AppData\Roaming\uv\python\cpython-3.12-windows-x86_64-none\Lib\socketserver.py", line 697, in process_request_thread
    self.finish_request(request, client_address)
  File "C:\Users\Joshu\AppData\Roaming\uv\python\cpython-3.12-windows-x86_64-none\Lib\socketserver.py", line 362, in finish_request
    self.RequestHandlerClass(request, client_address, self)
  File "C:\Users\Joshu\AppData\Roaming\uv\python\cpython-3.12-windows-x86_64-none\Lib\socketserver.py", line 766, in __init__
    self.handle()
  File "C:\Users\Joshu\AppData\Roaming\uv\python\cpython-3.12-windows-x86_64-none\Lib\http\server.py", line 440, in handle
    self.handle_one_request()
  File "C:\Users\Joshu\AppData\Roaming\uv\python\cpython-3.12-windows-x86_64-none\Lib\http\server.py", line 428, in handle_one_request
    method()
  File "C:\Users\Joshu\AppData\Local\MylesAI\bin\public_gateway_v074.py", line 232, in do_GET
    return self.public_status()
           ^^^^^^^^^^^^^^^^^^^^
  File "C:\Users\Joshu\AppData\Local\MylesAI\bin\public_gateway_v074.py", line 209, in public_status
    self.send_json(status, raw, response_headers.get("Content-Type", "application/json"))
  File "C:\Users\Joshu\AppData\Local\MylesAI\bin\public_gateway_v074.py", line 175, in send_json
    self.wfile.write(raw)
  File "C:\Users\Joshu\AppData\Roaming\uv\python\cpython-3.12-windows-x86_64-none\Lib\socketserver.py", line 845, in write
    self._sock.sendall(b)
ConnectionAbortedError: [WinError 10053] An established connection was aborted by the software in your host machine
----------------------------------------
----------------------------------------
Exception occurred during processing of request from ('127.0.0.1', 23491)
Traceback (most recent call last):
  File "C:\Users\Joshu\AppData\Roaming\uv\python\cpython-3.12-windows-x86_64-none\Lib\socketserver.py", line 697, in process_request_thread
    self.finish_request(request, client_address)
  File "C:\Users\Joshu\AppData\Roaming\uv\python\cpython-3.12-windows-x86_64-none\Lib\socketserver.py", line 362, in finish_request
    self.RequestHandlerClass(request, client_address, self)
  File "C:\Users\Joshu\AppData\Roaming\uv\python\cpython-3.12-windows-x86_64-none\Lib\socketserver.py", line 766, in __init__
    self.handle()
  File "C:\Users\Joshu\AppData\Roaming\uv\python\cpython-3.12-windows-x86_64-none\Lib\http\server.py", line 440, in handle
    self.handle_one_request()
  File "C:\Users\Joshu\AppData\Roaming\uv\python\cpython-3.12-windows-x86_64-none\Lib\http\server.py", line 428, in handle_one_request
    method()
  File "C:\Users\Joshu\AppData\Local\MylesAI\bin\public_gateway_v074.py", line 232, in do_GET
    return self.public_status()
           ^^^^^^^^^^^^^^^^^^^^
  File "C:\Users\Joshu\AppData\Local\MylesAI\bin\public_gateway_v074.py", line 209, in public_status
    self.send_json(status, raw, response_headers.get("Content-Type", "application/json"))
  File "C:\Users\Joshu\AppData\Local\MylesAI\bin\public_gateway_v074.py", line 175, in send_json
    self.wfile.write(raw)
  File "C:\Users\Joshu\AppData\Roaming\uv\python\cpython-3.12-windows-x86_64-none\Lib\socketserver.py", line 845, in write
    self._sock.sendall(b)
ConnectionAbortedError: [WinError 10053] An established connection was aborted by the software in your host machine
----------------------------------------
----------------------------------------
----------------------------------------
Exception occurred during processing of request from ('127.0.0.1', 46702)
Exception occurred during processing of request from ('127.0.0.1', 46696)
Traceback (most recent call last):
Traceback (most recent call last):
  File "C:\Users\Joshu\AppData\Roaming\uv\python\cpython-3.12-windows-x86_64-none\Lib\socketserver.py", line 697, in process_request_thread
    self.finish_request(request, client_address)
  File "C:\Users\Joshu\AppData\Roaming\uv\python\cpython-3.12-windows-x86_64-none\Lib\socketserver.py", line 362, in finish_request
    self.RequestHandlerClass(request, client_address, self)
  File "C:\Users\Joshu\AppData\Roaming\uv\python\cpython-3.12-windows-x86_64-none\Lib\socketserver.py", line 766, in __init__
    self.handle()
  File "C:\Users\Joshu\AppData\Roaming\uv\python\cpython-3.12-windows-x86_64-none\Lib\socketserver.py", line 697, in process_request_thread
    self.finish_request(request, client_address)
  File "C:\Users\Joshu\AppData\Roaming\uv\python\cpython-3.12-windows-x86_64-none\Lib\http\server.py", line 440, in handle
    self.handle_one_request()
  File "C:\Users\Joshu\AppData\Roaming\uv\python\cpython-3.12-windows-x86_64-none\Lib\socketserver.py", line 362, in finish_request
    self.RequestHandlerClass(request, client_address, self)
  File "C:\Users\Joshu\AppData\Roaming\uv\python\cpython-3.12-windows-x86_64-none\Lib\http\server.py", line 428, in handle_one_request
    method()
  File "C:\Users\Joshu\AppData\Roaming\uv\python\cpython-3.12-windows-x86_64-none\Lib\socketserver.py", line 766, in __init__
    self.handle()
  File "C:\Users\Joshu\AppData\Local\MylesAI\bin\public_gateway_v074.py", line 236, in do_POST
    return self.proxy()
           ^^^^^^^^^^^^
  File "C:\Users\Joshu\AppData\Roaming\uv\python\cpython-3.12-windows-x86_64-none\Lib\http\server.py", line 440, in handle
    self.handle_one_request()
  File "C:\Users\Joshu\AppData\Local\MylesAI\bin\public_gateway_v074.py", line 228, in proxy
    self.send_json(status, raw, response_headers.get("Content-Type", "application/json"))
  File "C:\Users\Joshu\AppData\Roaming\uv\python\cpython-3.12-windows-x86_64-none\Lib\http\server.py", line 428, in handle_one_request
    method()
  File "C:\Users\Joshu\AppData\Local\MylesAI\bin\public_gateway_v074.py", line 175, in send_json
    self.wfile.write(raw)
  File "C:\Users\Joshu\AppData\Local\MylesAI\bin\public_gateway_v074.py", line 236, in do_POST
    return self.proxy()
           ^^^^^^^^^^^^
  File "C:\Users\Joshu\AppData\Roaming\uv\python\cpython-3.12-windows-x86_64-none\Lib\socketserver.py", line 845, in write
    self._sock.sendall(b)
  File "C:\Users\Joshu\AppData\Local\MylesAI\bin\public_gateway_v074.py", line 228, in proxy
    self.send_json(status, raw, response_headers.get("Content-Type", "application/json"))
ConnectionAbortedError: [WinError 10053] An established connection was aborted by the software in your host machine
----------------------------------------
  File "C:\Users\Joshu\AppData\Local\MylesAI\bin\public_gateway_v074.py", line 175, in send_json
    self.wfile.write(raw)
  File "C:\Users\Joshu\AppData\Roaming\uv\python\cpython-3.12-windows-x86_64-none\Lib\socketserver.py", line 845, in write
    self._sock.sendall(b)
ConnectionAbortedError: [WinError 10053] An established connection was aborted by the software in your host machine
----------------------------------------
----------------------------------------
Exception occurred during processing of request from ('127.0.0.1', 50746)
Traceback (most recent call last):
  File "C:\Users\Joshu\AppData\Roaming\uv\python\cpython-3.12-windows-x86_64-none\Lib\socketserver.py", line 697, in process_request_thread
    self.finish_request(request, client_address)
  File "C:\Users\Joshu\AppData\Roaming\uv\python\cpython-3.12-windows-x86_64-none\Lib\socketserver.py", line 362, in finish_request
    self.RequestHandlerClass(request, client_address, self)
  File "C:\Users\Joshu\AppData\Roaming\uv\python\cpython-3.12-windows-x86_64-none\Lib\socketserver.py", line 766, in __init__
    self.handle()
  File "C:\Users\Joshu\AppData\Roaming\uv\python\cpython-3.12-windows-x86_64-none\Lib\http\server.py", line 440, in handle
    self.handle_one_request()
  File "C:\Users\Joshu\AppData\Roaming\uv\python\cpython-3.12-windows-x86_64-none\Lib\http\server.py", line 428, in handle_one_request
    method()
  File "C:\Users\Joshu\AppData\Local\MylesAI\bin\public_gateway_v074.py", line 236, in do_POST
    return self.proxy()
           ^^^^^^^^^^^^
  File "C:\Users\Joshu\AppData\Local\MylesAI\bin\public_gateway_v074.py", line 228, in proxy
    self.send_json(status, raw, response_headers.get("Content-Type", "application/json"))
  File "C:\Users\Joshu\AppData\Local\MylesAI\bin\public_gateway_v074.py", line 175, in send_json
    self.wfile.write(raw)
  File "C:\Users\Joshu\AppData\Roaming\uv\python\cpython-3.12-windows-x86_64-none\Lib\socketserver.py", line 845, in write
    self._sock.sendall(b)
ConnectionAbortedError: [WinError 10053] An established connection was aborted by the software in your host machine
----------------------------------------
----------------------------------------
Exception occurred during processing of request from ('127.0.0.1', 52831)
Traceback (most recent call last):
  File "C:\Users\Joshu\AppData\Roaming\uv\python\cpython-3.12-windows-x86_64-none\Lib\socketserver.py", line 697, in process_request_thread
    self.finish_request(request, client_address)
  File "C:\Users\Joshu\AppData\Roaming\uv\python\cpython-3.12-windows-x86_64-none\Lib\socketserver.py", line 362, in finish_request
    self.RequestHandlerClass(request, client_address, self)
  File "C:\Users\Joshu\AppData\Roaming\uv\python\cpython-3.12-windows-x86_64-none\Lib\socketserver.py", line 766, in __init__
    self.handle()
  File "C:\Users\Joshu\AppData\Roaming\uv\python\cpython-3.12-windows-x86_64-none\Lib\http\server.py", line 440, in handle
    self.handle_one_request()
  File "C:\Users\Joshu\AppData\Roaming\uv\python\cpython-3.12-windows-x86_64-none\Lib\http\server.py", line 428, in handle_one_request
    method()
  File "C:\Users\Joshu\AppData\Local\MylesAI\bin\public_gateway_v074.py", line 236, in do_POST
    return self.proxy()
           ^^^^^^^^^^^^
  File "C:\Users\Joshu\AppData\Local\MylesAI\bin\public_gateway_v074.py", line 228, in proxy
    self.send_json(status, raw, response_headers.get("Content-Type", "application/json"))
  File "C:\Users\Joshu\AppData\Local\MylesAI\bin\public_gateway_v074.py", line 175, in send_json
    self.wfile.write(raw)
  File "C:\Users\Joshu\AppData\Roaming\uv\python\cpython-3.12-windows-x86_64-none\Lib\socketserver.py", line 845, in write
    self._sock.sendall(b)
ConnectionAbortedError: [WinError 10053] An established connection was aborted by the software in your host machine
----------------------------------------
----------------------------------------
Exception occurred during processing of request from ('127.0.0.1', 63054)
Traceback (most recent call last):
  File "C:\Users\Joshu\AppData\Roaming\uv\python\cpython-3.12-windows-x86_64-none\Lib\socketserver.py", line 697, in process_request_thread
    self.finish_request(request, client_address)
  File "C:\Users\Joshu\AppData\Roaming\uv\python\cpython-3.12-windows-x86_64-none\Lib\socketserver.py", line 362, in finish_request
    self.RequestHandlerClass(request, client_address, self)
  File "C:\Users\Joshu\AppData\Roaming\uv\python\cpython-3.12-windows-x86_64-none\Lib\socketserver.py", line 766, in __init__
    self.handle()
  File "C:\Users\Joshu\AppData\Roaming\uv\python\cpython-3.12-windows-x86_64-none\Lib\http\server.py", line 440, in handle
    self.handle_one_request()
  File "C:\Users\Joshu\AppData\Roaming\uv\python\cpython-3.12-windows-x86_64-none\Lib\http\server.py", line 428, in handle_one_request
    method()
  File "C:\Users\Joshu\AppData\Local\MylesAI\bin\public_gateway_v074.py", line 236, in do_POST
    return self.proxy()
           ^^^^^^^^^^^^
  File "C:\Users\Joshu\AppData\Local\MylesAI\bin\public_gateway_v074.py", line 228, in proxy
    self.send_json(status, raw, response_headers.get("Content-Type", "application/json"))
  File "C:\Users\Joshu\AppData\Local\MylesAI\bin\public_gateway_v074.py", line 175, in send_json
    self.wfile.write(raw)
  File "C:\Users\Joshu\AppData\Roaming\uv\python\cpython-3.12-windows-x86_64-none\Lib\socketserver.py", line 845, in write
    self._sock.sendall(b)
ConnectionAbortedError: [WinError 10053] An established connection was aborted by the software in your host machine
----------------------------------------
----------------------------------------
Exception occurred during processing of request from ('127.0.0.1', 65145)
Traceback (most recent call last):
  File "C:\Users\Joshu\AppData\Roaming\uv\python\cpython-3.12-windows-x86_64-none\Lib\socketserver.py", line 697, in process_request_thread
    self.finish_request(request, client_address)
  File "C:\Users\Joshu\AppData\Roaming\uv\python\cpython-3.12-windows-x86_64-none\Lib\socketserver.py", line 362, in finish_request
    self.RequestHandlerClass(request, client_address, self)
  File "C:\Users\Joshu\AppData\Roaming\uv\python\cpython-3.12-windows-x86_64-none\Lib\socketserver.py", line 766, in __init__
    self.handle()
  File "C:\Users\Joshu\AppData\Roaming\uv\python\cpython-3.12-windows-x86_64-none\Lib\http\server.py", line 440, in handle
    self.handle_one_request()
  File "C:\Users\Joshu\AppData\Roaming\uv\python\cpython-3.12-windows-x86_64-none\Lib\http\server.py", line 428, in handle_one_request
    method()
  File "C:\Users\Joshu\AppData\Local\MylesAI\bin\public_gateway_v074.py", line 232, in do_GET
    return self.public_status()
           ^^^^^^^^^^^^^^^^^^^^
  File "C:\Users\Joshu\AppData\Local\MylesAI\bin\public_gateway_v074.py", line 209, in public_status
    self.send_json(status, raw, response_headers.get("Content-Type", "application/json"))
  File "C:\Users\Joshu\AppData\Local\MylesAI\bin\public_gateway_v074.py", line 175, in send_json
    self.wfile.write(raw)
  File "C:\Users\Joshu\AppData\Roaming\uv\python\cpython-3.12-windows-x86_64-none\Lib\socketserver.py", line 845, in write
    self._sock.sendall(b)
ConnectionAbortedError: [WinError 10053] An established connection was aborted by the software in your host machine
----------------------------------------
----------------------------------------
Exception occurred during processing of request from ('127.0.0.1', 1104)
Traceback (most recent call last):
  File "C:\Users\Joshu\AppData\Roaming\uv\python\cpython-3.12-windows-x86_64-none\Lib\socketserver.py", line 697, in process_request_thread
    self.finish_request(request, client_address)
  File "C:\Users\Joshu\AppData\Roaming\uv\python\cpython-3.12-windows-x86_64-none\Lib\socketserver.py", line 362, in finish_request
    self.RequestHandlerClass(request, client_address, self)
  File "C:\Users\Joshu\AppData\Roaming\uv\python\cpython-3.12-windows-x86_64-none\Lib\socketserver.py", line 766, in __init__
    self.handle()
  File "C:\Users\Joshu\AppData\Roaming\uv\python\cpython-3.12-windows-x86_64-none\Lib\http\server.py", line 440, in handle
    self.handle_one_request()
  File "C:\Users\Joshu\AppData\Roaming\uv\python\cpython-3.12-windows-x86_64-none\Lib\http\server.py", line 428, in handle_one_request
    method()
  File "C:\Users\Joshu\AppData\Local\MylesAI\bin\public_gateway_v074.py", line 236, in do_POST
    return self.proxy()
           ^^^^^^^^^^^^
  File "C:\Users\Joshu\AppData\Local\MylesAI\bin\public_gateway_v074.py", line 228, in proxy
    self.send_json(status, raw, response_headers.get("Content-Type", "application/json"))
  File "C:\Users\Joshu\AppData\Local\MylesAI\bin\public_gateway_v074.py", line 175, in send_json
    self.wfile.write(raw)
  File "C:\Users\Joshu\AppData\Roaming\uv\python\cpython-3.12-windows-x86_64-none\Lib\socketserver.py", line 845, in write
    self._sock.sendall(b)
ConnectionAbortedError: [WinError 10053] An established connection was aborted by the software in your host machine
----------------------------------------
----------------------------------------
Exception occurred during processing of request from ('127.0.0.1', 1560)
Traceback (most recent call last):
  File "C:\Users\Joshu\AppData\Roaming\uv\python\cpython-3.12-windows-x86_64-none\Lib\socketserver.py", line 697, in process_request_thread
    self.finish_request(request, client_address)
  File "C:\Users\Joshu\AppData\Roaming\uv\python\cpython-3.12-windows-x86_64-none\Lib\socketserver.py", line 362, in finish_request
    self.RequestHandlerClass(request, client_address, self)
  File "C:\Users\Joshu\AppData\Roaming\uv\python\cpython-3.12-windows-x86_64-none\Lib\socketserver.py", line 766, in __init__
    self.handle()
  File "C:\Users\Joshu\AppData\Roaming\uv\python\cpython-3.12-windows-x86_64-none\Lib\http\server.py", line 440, in handle
    self.handle_one_request()
  File "C:\Users\Joshu\AppData\Roaming\uv\python\cpython-3.12-windows-x86_64-none\Lib\http\server.py", line 428, in handle_one_request
    method()
  File "C:\Users\Joshu\AppData\Local\MylesAI\bin\public_gateway_v074.py", line 236, in do_POST
    return self.proxy()
           ^^^^^^^^^^^^
  File "C:\Users\Joshu\AppData\Local\MylesAI\bin\public_gateway_v074.py", line 228, in proxy
    self.send_json(status, raw, response_headers.get("Content-Type", "application/json"))
  File "C:\Users\Joshu\AppData\Local\MylesAI\bin\public_gateway_v074.py", line 175, in send_json
    self.wfile.write(raw)
  File "C:\Users\Joshu\AppData\Roaming\uv\python\cpython-3.12-windows-x86_64-none\Lib\socketserver.py", line 845, in write
    self._sock.sendall(b)
ConnectionAbortedError: [WinError 10053] An established connection was aborted by the software in your host machine
----------------------------------------
----------------------------------------
Exception occurred during processing of request from ('127.0.0.1', 1798)
Traceback (most recent call last):
  File "C:\Users\Joshu\AppData\Roaming\uv\python\cpython-3.12-windows-x86_64-none\Lib\socketserver.py", line 697, in process_request_thread
    self.finish_request(request, client_address)
  File "C:\Users\Joshu\AppData\Roaming\uv\python\cpython-3.12-windows-x86_64-none\Lib\socketserver.py", line 362, in finish_request
    self.RequestHandlerClass(request, client_address, self)
  File "C:\Users\Joshu\AppData\Roaming\uv\python\cpython-3.12-windows-x86_64-none\Lib\socketserver.py", line 766, in __init__
    self.handle()
  File "C:\Users\Joshu\AppData\Roaming\uv\python\cpython-3.12-windows-x86_64-none\Lib\http\server.py", line 440, in handle
    self.handle_one_request()
  File "C:\Users\Joshu\AppData\Roaming\uv\python\cpython-3.12-windows-x86_64-none\Lib\http\server.py", line 428, in handle_one_request
    method()
  File "C:\Users\Joshu\AppData\Local\MylesAI\bin\public_gateway_v074.py", line 236, in do_POST
    return self.proxy()
           ^^^^^^^^^^^^
  File "C:\Users\Joshu\AppData\Local\MylesAI\bin\public_gateway_v074.py", line 228, in proxy
    self.send_json(status, raw, response_headers.get("Content-Type", "application/json"))
  File "C:\Users\Joshu\AppData\Local\MylesAI\bin\public_gateway_v074.py", line 175, in send_json
    self.wfile.write(raw)
  File "C:\Users\Joshu\AppData\Roaming\uv\python\cpython-3.12-windows-x86_64-none\Lib\socketserver.py", line 845, in write
    self._sock.sendall(b)
ConnectionAbortedError: [WinError 10053] An established connection was aborted by the software in your host machine
----------------------------------------
----------------------------------------
Exception occurred during processing of request from ('127.0.0.1', 2322)
Traceback (most recent call last):
  File "C:\Users\Joshu\AppData\Roaming\uv\python\cpython-3.12-windows-x86_64-none\Lib\socketserver.py", line 697, in process_request_thread
    self.finish_request(request, client_address)
  File "C:\Users\Joshu\AppData\Roaming\uv\python\cpython-3.12-windows-x86_64-none\Lib\socketserver.py", line 362, in finish_request
    self.RequestHandlerClass(request, client_address, self)
  File "C:\Users\Joshu\AppData\Roaming\uv\python\cpython-3.12-windows-x86_64-none\Lib\socketserver.py", line 766, in __init__
    self.handle()
  File "C:\Users\Joshu\AppData\Roaming\uv\python\cpython-3.12-windows-x86_64-none\Lib\http\server.py", line 440, in handle
    self.handle_one_request()
  File "C:\Users\Joshu\AppData\Roaming\uv\python\cpython-3.12-windows-x86_64-none\Lib\http\server.py", line 428, in handle_one_request
    method()
  File "C:\Users\Joshu\AppData\Local\MylesAI\bin\public_gateway_v074.py", line 236, in do_POST
    return self.proxy()
           ^^^^^^^^^^^^
  File "C:\Users\Joshu\AppData\Local\MylesAI\bin\public_gateway_v074.py", line 228, in proxy
    self.send_json(status, raw, response_headers.get("Content-Type", "application/json"))
  File "C:\Users\Joshu\AppData\Local\MylesAI\bin\public_gateway_v074.py", line 175, in send_json
    self.wfile.write(raw)
  File "C:\Users\Joshu\AppData\Roaming\uv\python\cpython-3.12-windows-x86_64-none\Lib\socketserver.py", line 845, in write
    self._sock.sendall(b)
ConnectionAbortedError: [WinError 10053] An established connection was aborted by the software in your host machine
----------------------------------------
