**********************
Windows PowerShell transcript start
Start time: 20260925164519
Username: DESKTOP-CKIIVNP\Joshu
RunAs User: DESKTOP-CKIIVNP\Joshu
Configuration Name: 
Machine: DESKTOP-CKIIVNP (Microsoft Windows NT 10.0.19045.0)
Host Application: powershell.exe -NoLogo -NoProfile -ExecutionPolicy Bypass -File C:\Users\Joshu\OneDrive\Desktop\MYLES_QUANT_V0_4_0_SIMPLE_TRADER\myles_quant_v040\PATCH.ps1
Process ID: 10316
PSVersion: 5.1.19041.6456
PSEdition: Desktop
PSCompatibleVersions: 1.0, 2.0, 3.0, 4.0, 5.0, 5.1.19041.6456
BuildVersion: 10.0.19041.6456
CLRVersion: 4.0.30319.42000
WSManStackVersion: 3.0
PSRemotingProtocolVersion: 2.3
SerializationVersion: 1.1.0.1
**********************

=======================================================================
 MYLES QUANT v0.4.0 - SIMPLE TRADE TICKET + AUTO BOT
=======================================================================
This upgrade does NOT enable live trading or signing.
It adds a simple manual paper trade ticket and simpler Auto Bot controls. Live trading remains locked.
Run log: C:\Users\Joshu\AppData\Local\MylesAI\logs\quant_v0_4_0_upgrade_20260925_164519.log

=== Creating rollback backup ===
PASS: rollback backup created at C:\Users\Joshu\AppData\Local\MylesAI\backups\quant_v0_4_0_20260925_164519

=== Stopping only Quant + dashboard bridge ===
PASS: Myles core and Cloudflare tunnel were left alone.

=== Installing Myles Quant v0.4.0 ===
PASS: current simulated forward-paper account preserved; v0.4 adds manual paper controls without resetting it.

PASS: P&L, risk sizing, stop/target and live-lock math invariants passed.
Running real GMX validation across configured markets...
{"ok":true,"generated_at":"2026-09-25T21:45:25.512Z","equity":9983.46,"pnl":-16.54,"positions":2,"backtests":10,"markets
":["BTC/USD","ETH/USD","SOL/USD","XRP/USD","TAO/USD"],"errors":{}}
PASS: v0.4.0 telemetry published. GMX marks available: BTC/USD, ETH/USD, SOL/USD, XRP/USD, TAO/USD

=== Installing authenticated Quant controls in the tower bridge ===

PASS: bridge v1.6 supports config, validation, manual paper orders, paper reset and emergency-stop routes.

=== Updating the canonical dark dashboard ===
remote: Enumerating objects: 42, done.
remote: Counting objects: 100% (15/15), done.
remote: Compressing objects: 100% (11/11), done.
remote: Total 42 (delta 4), reused 14 (delta 4), pack-reused 27 (from 1)
Unpacking objects: 100% (42/42), 6.26 KiB | 66.00 KiB/s, done.
From https://github.com/JoshuaDuskin/MylesDashboard
 * branch            main       -> FETCH_HEAD
 + c171b6d...7c99fe9 main       -> origin/main  (forced update)
Enumerating objects: 488, done.
Counting objects: 100% (488/488), done.
Delta compression using up to 12 threads
Compressing objects: 100% (483/483), done.
Writing objects: 100% (488/488), done.
Total 488 (delta 149), reused 0 (delta 0), pack-reused 0 (from 0)
Already on 'main'
Your branch and 'origin/main' have diverged,
and have 155 and 14 different commits each, respectively.
  (use "git pull" if you want to integrate the remote branch with yours)
HEAD is now at 7c99fe9 Update Myles runtime status


warning: in the working copy of 'index.html', LF will be replaced by CRLF the next time Git touches it
warning: in the working copy of 'AGENTS.md', LF will be replaced by CRLF the next time Git touches it

Enumerating objects: 943, done.
Counting objects: 100% (943/943), done.
Delta compression using up to 12 threads
Compressing objects: 100% (494/494), done.
Writing objects: 100% (943/943), done.
Total 943 (delta 450), reused 933 (delta 444), pack-reused 0 (from 0)
[main e8f18f0] Add Myles Quant v0.4 simple trade controls
 2 files changed, 496 insertions(+), 39 deletions(-)
 create mode 100644 AGENTS.md
From https://github.com/JoshuaDuskin/MylesDashboard
 * branch            main       -> FETCH_HEAD
Current branch main is up to date.
Enumerating objects: 6, done.
Counting objects: 100% (6/6), done.
Delta compression using up to 12 threads
Compressing objects: 100% (4/4), done.
Writing objects: 100% (4/4), 28.58 KiB | 28.58 MiB/s, done.
Total 4 (delta 0), reused 4 (delta 0), pack-reused 0 (from 0)
To https://github.com/JoshuaDuskin/MylesDashboard.git
   7c99fe9..e8f18f0  main -> main
PASS: trading controls published to the canonical Control Center.

=== Publishing Quant v0.3 source repo ===
From https://github.com/JoshuaDuskin/trading-dashboard
 * branch            main       -> FETCH_HEAD
Already on 'main'
Your branch is up to date with 'origin/main'.
HEAD is now at 0977f54 Upgrade Myles Quant to v0.3.0


warning: in the working copy of 'README.md', LF will be replaced by CRLF the next time Git touches it
warning: in the working copy of 'package.json', LF will be replaced by CRLF the next time Git touches it
warning: in the working copy of 'quant_config.example.json', LF will be replaced by CRLF the next time Git touches it
warning: in the working copy of 'quant_service.mjs', LF will be replaced by CRLF the next time Git touches it

[main 375c8a8] Upgrade Myles Quant to v0.4.0
 4 files changed, 147 insertions(+), 41 deletions(-)
From https://github.com/JoshuaDuskin/trading-dashboard
 * branch            main       -> FETCH_HEAD
Current branch main is up to date.
Enumerating objects: 11, done.
Counting objects: 100% (11/11), done.
Delta compression using up to 12 threads
Compressing objects: 100% (6/6), done.
Writing objects: 100% (6/6), 3.43 KiB | 3.43 MiB/s, done.
Total 6 (delta 3), reused 0 (delta 0), pack-reused 0 (from 0)
remote: Resolving deltas: 100% (3/3), completed with 3 local objects.
To https://github.com/JoshuaDuskin/trading-dashboard.git
   0977f54..375c8a8  main -> main
PASS: trading-dashboard source updated.

=== Starting persistent Quant v0.4.0 ===
PASS: Quant PID 12584 is running; live signing locked=True.

=== Restarting authenticated bridge on the same phone tunnel ===
PASS: bridge v1.6 PID 13984 is live and Quant controls are authenticated.

=======================================================================
 MYLES QUANT v0.4.0: COMPLETE
=======================================================================
Dashboard:      https://joshuaduskin.github.io/MylesDashboard/
Account:        SIMULATED FORWARD PAPER (preserved)
Markets:        BTC/USD, ETH/USD, SOL/USD, XRP/USD, TAO/USD
Controls:       Trade tab -> asset/Long-Short/margin/leverage/stop/target; Auto Bot -> simple settings
Validation:     base backtest + stressed costs + walk-forward + math invariants
Emergency stop:available for PAPER positions
Live money:     LOCKED
Signing:        DISABLED
Run log:        C:\Users\Joshu\AppData\Local\MylesAI\logs\quant_v0_4_0_upgrade_20260925_164519.log

Refresh the dashboard on your phone. Use Trade -> Trade for manual paper orders and Trade -> Auto Bot for automatic paper settings.
**********************
Windows PowerShell transcript end
End time: 20260925164538
**********************
