**********************
Windows PowerShell transcript start
Start time: 20260925205035
Username: DESKTOP-CKIIVNP\Joshu
RunAs User: DESKTOP-CKIIVNP\Joshu
Configuration Name: 
Machine: DESKTOP-CKIIVNP (Microsoft Windows NT 10.0.19045.0)
Host Application: powershell.exe -NoLogo -NoProfile -ExecutionPolicy Bypass -File C:\Users\Joshu\OneDrive\Desktop\MYLES_QUANT_V0_6_0_GMX_LIVE\myles_quant_v060_final\PATCH.ps1
Process ID: 12276
PSVersion: 5.1.19041.6456
PSEdition: Desktop
PSCompatibleVersions: 1.0, 2.0, 3.0, 4.0, 5.0, 5.1.19041.6456
BuildVersion: 10.0.19041.6456
CLRVersion: 4.0.30319.42000
WSManStackVersion: 3.0
PSRemotingProtocolVersion: 2.3
SerializationVersion: 1.1.0.1
**********************

=======================================================================
 MYLES QUANT v0.6.0 - OWNER-GATED GMX LIVE EXECUTION
=======================================================================
Installs real GMX execution infrastructure. It does NOT arm live trading, enable live Auto, or move funds.
Run log: C:\Users\Joshu\AppData\Local\MylesAI\logs\quant_v0_6_0_upgrade_20260925_205035.log

=== Creating rollback backup ===
PASS: rollback backup created at C:\Users\Joshu\AppData\Local\MylesAI\backups\quant_v0_6_0_20260925_205035

=== Stopping only Quant + live adapter + dashboard bridge ===
PASS: Myles core and Cloudflare tunnel were left alone.

=== Installing Quant v0.6.0 + GMX SDK v2 ===

changed 3 packages in 26s


PS>TerminatingError(node.exe): "The running command stopped because the preference variable "ErrorActionPreference" or common parameter is set to Stop: node:internal/modules/esm/resolve:271"

=======================================================================
 MYLES QUANT v0.6.0 STOPPED
=======================================================================
node:internal/modules/esm/resolve:271
At C:\Users\Joshu\OneDrive\Desktop\MYLES_QUANT_V0_6_0_GMX_LIVE\myles_quant_v060_final\PATCH.ps1:104 char:21
+         $liveSelf = & $Node gmx_live.mjs --self-test 2>&1
+                     ~~~~~~~~~~~~~~~~~~~~~~~~~~~~~~~~~~~~~
**********************
Windows PowerShell transcript end
End time: 20260925205104
**********************
