[2026-09-25T23:18:10.450014] supervisor started
[2026-09-25T23:18:10.491023] quant restart requested
[2026-09-25T23:18:10.500234] gmx restart requested
[2026-09-25T23:18:10.541425] tunnel restart requested
[2026-09-25T23:18:18.425603] bridge.json refresh ok: https://mud-spirit-sending-purposes.trycloudflare.com
[2026-09-25T23:18:48.510689] quant restart requested
[2026-09-25T23:18:48.514689] gmx restart requested
[2026-09-25T23:18:48.555698] tunnel restart requested
[2026-09-25T23:19:20.655413] core restart requested
[2026-09-25T23:19:20.662414] quant restart requested
[2026-09-25T23:19:20.666415] gmx restart requested
[2026-09-25T23:19:22.710421] bridge restart requested
[2026-09-25T23:19:55.768424] core restart requested
[2026-09-25T23:19:55.777426] quant restart requested
[2026-09-25T23:19:55.781427] gmx restart requested
[2026-09-25T23:19:57.826388] bridge restart requested
[2026-09-25T23:20:28.580953] quant restart requested
[2026-09-25T23:20:28.585955] gmx restart requested
[2026-09-25T23:21:01.037270] core restart requested
[2026-09-25T23:21:01.046263] quant restart requested
[2026-09-25T23:21:01.050262] gmx restart requested
[2026-09-25T23:21:03.086521] bridge restart requested
[2026-09-25T23:21:35.859629] core restart requested
[2026-09-25T23:21:35.865630] quant restart requested
[2026-09-25T23:21:35.869633] gmx restart requested
[2026-09-25T23:21:37.902102] bridge restart requested
[2026-09-25T23:22:08.862360] quant restart requested
[2026-09-25T23:22:08.866362] gmx restart requested
[2026-09-25T23:22:41.122164] core restart requested
[2026-09-25T23:22:41.130168] quant restart requested
[2026-09-25T23:22:41.135168] gmx restart requested
[2026-09-25T23:22:43.176504] bridge restart requested
[2026-09-25T23:22:45.374438] tunnel restart requested
[2026-09-25T23:23:17.481958] core restart requested
[2026-09-25T23:23:17.489961] quant restart requested
[2026-09-25T23:23:17.494527] gmx restart requested
[2026-09-25T23:23:19.546835] bridge restart requested
[2026-09-25T23:23:52.301146] core restart requested
[2026-09-25T23:23:52.315149] quant restart requested
[2026-09-25T23:23:52.321149] gmx restart requested
[2026-09-25T23:23:54.367970] bridge restart requested
