[2026-09-26T09:46:13.059188] supervisor started
[2026-09-26T09:46:15.674735] core restart requested
[2026-09-26T09:46:19.810568] bridge restart requested
[2026-09-26T09:55:11.105961] supervisor started
[2026-09-26T09:55:13.669591] core restart requested
[2026-09-26T09:55:17.272406] bridge restart requested
[2026-09-26T09:55:54.904279] core restart requested
[2026-09-26T09:55:58.422160] bridge restart requested
[2026-09-26T09:56:32.187768] core restart requested
[2026-09-26T09:56:36.272642] bridge restart requested
[2026-09-26T09:57:09.617095] core restart requested
[2026-09-26T09:57:13.322870] bridge restart requested
[2026-09-26T09:57:58.201996] core restart requested
[2026-09-26T09:58:01.749715] bridge restart requested
[2026-09-26T09:58:46.868352] core restart requested
[2026-09-26T09:58:50.353019] bridge restart requested
[2026-09-26T09:59:23.785749] core restart requested
[2026-09-26T09:59:27.227060] bridge restart requested
[2026-09-26T10:01:03.550850] core restart requested
[2026-09-26T10:01:07.045395] bridge restart requested
[2026-09-26T10:01:52.131457] core restart requested
[2026-09-26T10:01:55.603375] bridge restart requested
[2026-09-26T10:02:28.898093] core restart requested
[2026-09-26T10:02:32.305923] bridge restart requested
[2026-09-26T10:03:05.781490] core restart requested
[2026-09-26T10:03:09.246444] bridge restart requested
[2026-09-26T10:03:48.572904] core restart requested
[2026-09-26T10:04:22.443666] core restart requested
[2026-09-26T10:04:25.841733] bridge restart requested
[2026-09-26T10:05:10.632722] core restart requested
[2026-09-26T10:05:14.661636] bridge restart requested
[2026-09-26T10:05:59.982422] core restart requested
[2026-09-26T10:06:03.834549] bridge restart requested
[2026-09-26T10:06:48.405041] core restart requested
[2026-09-26T10:06:51.905478] bridge restart requested
[2026-09-26T10:07:36.668226] core restart requested
[2026-09-26T10:07:40.114050] bridge restart requested
[2026-09-26T10:08:13.471158] core restart requested
[2026-09-26T10:08:16.927297] bridge restart requested
[2026-09-26T10:08:50.523819] core restart requested
[2026-09-26T10:08:53.903189] bridge restart requested
[2026-09-26T10:09:33.243480] core restart requested
[2026-09-26T10:10:39.023266] core restart requested
[2026-09-26T10:10:42.645052] bridge restart requested
[2026-09-26T10:11:47.478035] core restart requested
[2026-09-26T10:11:50.991343] bridge restart requested
[2026-09-26T11:27:06.548335] supervisor started
[2026-09-26T11:27:09.130504] core restart requested
[2026-09-26T11:27:12.897039] bridge restart requested
[2026-09-26T11:42:28.572602] supervisor started
[2026-09-26T11:42:31.643746] core restart requested
[2026-09-26T11:42:35.411532] bridge restart requested
[2026-09-26T11:43:12.151624] core restart requested
[2026-09-26T11:43:15.836499] bridge restart requested
[2026-09-26T12:15:54.312220] supervisor started
[2026-09-26T12:15:57.028170] core restart requested
[2026-09-26T12:16:01.498089] bridge restart requested
[2026-09-26T12:16:04.446944] public gateway restart requested
[2026-09-26T12:17:09.879539] core restart requested
[2026-09-26T12:17:13.674198] bridge restart requested
[2026-09-26T12:23:55.323902] supervisor started
[2026-09-26T12:23:57.932653] core restart requested
[2026-09-26T12:24:01.801083] bridge restart requested
[2026-09-26T12:24:04.271854] public gateway restart requested
[2026-09-26T12:35:04.597361] supervisor started
[2026-09-26T12:44:39.298113] supervisor started
[2026-09-26T12:44:41.822846] core restart requested
[2026-09-26T12:44:45.523381] bridge restart requested
[2026-09-26T12:44:48.023974] public gateway restart requested
[2026-09-26T12:47:59.237951] core restart requested
[2026-09-26T12:48:02.487708] bridge restart requested
[2026-09-26T12:48:07.147260] supervisor started
[2026-09-26T12:48:09.769689] core restart requested
[2026-09-26T12:48:13.370984] bridge restart requested
[2026-09-26T12:48:15.900758] public gateway restart requested
[2026-09-26T12:55:08.025753] supervisor started
[2026-09-26T13:01:03.175039] supervisor started
[2026-09-26T13:10:40.677473] supervisor started
[2026-09-26T13:10:43.182198] core restart requested
[2026-09-26T13:10:46.744934] bridge restart requested
[2026-09-26T13:10:49.204201] public gateway restart requested
[2026-09-26T14:01:01.365492] supervisor started
[2026-09-26T14:21:42.709489] supervisor started
[2026-09-26T14:25:46.998031] supervisor started
[2026-09-26T14:31:13.260423] supervisor started
[2026-09-26T14:41:24.527185] supervisor started
[2026-09-26T14:45:06.198274] bridge restart requested
[2026-09-26T14:53:48.924691] supervisor started
[2026-09-26T15:06:43.729599] supervisor started
[2026-09-26T15:12:13.863023] supervisor started
[2026-09-26T15:26:35.209519] supervisor started
[2026-09-26T16:03:47.198965] supervisor started
[2026-09-26T16:04:34.010923] supervisor started
[2026-09-26T16:21:15.047532] supervisor started
[2026-09-26T16:22:46.060486] supervisor started
[2026-09-26T16:57:59.839256] supervisor started
[2026-09-26T18:17:11.424734] supervisor started
[2026-09-26T18:26:18.671611] supervisor started
[2026-09-26T18:28:32.702641] supervisor started
[2026-09-26T18:39:04.946583] supervisor started
[2026-09-26T18:52:46.948803] supervisor started
[2026-09-26T18:54:11.949631] supervisor started
[2026-09-26T19:17:00.234244] supervisor started
[2026-09-26T19:34:18.776362] supervisor started
[2026-09-26T19:57:37.033733] supervisor started
[2026-09-26T20:05:29.696534] supervisor started
[2026-09-26T20:38:25.882903] supervisor started
[2026-09-26T20:56:54.297998] supervisor started
[2026-09-26T20:59:31.221903] game mode active: heavy model work is paused and background processes are at idle priority
[2026-09-26T21:04:40.170500] game mode active: heavy model work is paused and background processes are at idle priority
[2026-09-26T21:08:59.026151] supervisor started
[2026-09-26T21:08:59.985301] game mode active: heavy model work is paused and background processes are at idle priority
[2026-09-26T21:14:12.639253] game mode active: heavy model work is paused and background processes are at idle priority
[2026-09-26T21:19:22.900477] game mode active: heavy model work is paused and background processes are at idle priority
[2026-09-26T21:22:59.927069] supervisor started
[2026-09-26T21:23:00.926504] game mode active: heavy model work is paused and background processes are at idle priority
[2026-09-26T21:28:08.329070] supervisor started
[2026-09-26T21:28:09.375816] game mode active: heavy model work is paused and background processes are at idle priority
[2026-09-26T21:32:38.321361] supervisor started
[2026-09-26T21:32:39.321496] game mode active: heavy model work is paused and background processes are at idle priority
[2026-09-26T21:37:58.042916] supervisor started
[2026-09-26T21:37:59.046111] game mode active: heavy model work is paused and background processes are at idle priority
[2026-09-26T21:43:07.766092] game mode active: heavy model work is paused and background processes are at idle priority
[2026-09-26T21:44:38.347804] supervisor started
[2026-09-26T21:44:39.323058] game mode active: heavy model work is paused and background processes are at idle priority
[2026-09-26T21:49:32.454029] supervisor started
[2026-09-26T21:49:33.438511] game mode active: heavy model work is paused and background processes are at idle priority
[2026-09-26T21:53:30.003364] supervisor started
[2026-09-26T21:53:30.947358] game mode active: heavy model work is paused and background processes are at idle priority
[2026-09-26T22:01:55.204746] supervisor started
[2026-09-26T22:12:07.125048] supervisor started
[2026-09-26T22:22:02.528782] supervisor started
[2026-09-26T23:41:34.667432] supervisor started
