[2026-09-25T23:24:27.378111] supervisor started
[2026-09-25T23:24:29.442109] core restart requested
[2026-09-25T23:24:29.451110] quant restart requested
[2026-09-25T23:24:29.459112] gmx restart requested
[2026-09-25T23:24:31.520211] bridge restart requested
[2026-09-25T23:25:04.372673] core restart requested
[2026-09-25T23:25:04.379674] quant restart requested
[2026-09-25T23:25:04.384675] gmx restart requested
[2026-09-25T23:25:06.435477] bridge restart requested
[2026-09-25T23:25:39.512938] core restart requested
[2026-09-25T23:25:39.519938] quant restart requested
[2026-09-25T23:25:39.524939] gmx restart requested
[2026-09-25T23:25:41.575766] bridge restart requested
[2026-09-25T23:26:14.354823] core restart requested
[2026-09-25T23:26:14.361825] quant restart requested
[2026-09-25T23:26:14.365826] gmx restart requested
[2026-09-25T23:26:16.417615] bridge restart requested
[2026-09-25T23:26:49.375612] core restart requested
[2026-09-25T23:26:49.382614] quant restart requested
[2026-09-25T23:26:49.386615] gmx restart requested
[2026-09-25T23:26:51.437279] bridge restart requested
[2026-09-25T23:27:24.212330] core restart requested
[2026-09-25T23:27:24.218332] quant restart requested
[2026-09-25T23:27:24.222334] gmx restart requested
[2026-09-25T23:27:26.274050] bridge restart requested
[2026-09-25T23:27:59.272813] core restart requested
[2026-09-25T23:27:59.279815] quant restart requested
[2026-09-25T23:27:59.284815] gmx restart requested
[2026-09-25T23:28:01.330907] bridge restart requested
[2026-09-25T23:28:32.098010] quant restart requested
[2026-09-25T23:28:32.102011] gmx restart requested
[2026-09-25T23:29:02.582056] quant restart requested
[2026-09-25T23:29:02.586056] gmx restart requested
[2026-09-25T23:29:32.859992] quant restart requested
[2026-09-25T23:29:32.863993] gmx restart requested
[2026-09-25T23:30:03.367331] quant restart requested
[2026-09-25T23:30:03.367331] gmx restart requested
[2026-09-25T23:30:33.632617] quant restart requested
[2026-09-25T23:30:33.632617] gmx restart requested
[2026-09-25T23:31:04.061799] quant restart requested
[2026-09-25T23:31:04.066386] gmx restart requested
[2026-09-25T23:31:34.298667] quant restart requested
[2026-09-25T23:31:34.298667] gmx restart requested
[2026-09-25T23:32:04.743766] quant restart requested
[2026-09-25T23:32:04.743766] gmx restart requested
[2026-09-25T23:32:36.995494] core restart requested
[2026-09-25T23:32:37.002496] quant restart requested
[2026-09-25T23:32:37.007495] gmx restart requested
[2026-09-25T23:32:39.047632] bridge restart requested
[2026-09-25T23:33:12.046522] core restart requested
[2026-09-25T23:33:12.055524] quant restart requested
[2026-09-25T23:33:12.060600] gmx restart requested
[2026-09-25T23:33:14.109428] bridge restart requested
[2026-09-25T23:33:44.913465] quant restart requested
[2026-09-25T23:33:44.917465] gmx restart requested
[2026-09-25T23:34:17.486078] core restart requested
[2026-09-25T23:34:17.495084] quant restart requested
[2026-09-25T23:34:17.502687] gmx restart requested
[2026-09-25T23:34:19.538704] bridge restart requested
[2026-09-25T23:34:52.308974] core restart requested
[2026-09-25T23:34:52.319978] quant restart requested
[2026-09-25T23:34:52.325977] gmx restart requested
[2026-09-25T23:34:54.367219] bridge restart requested
[2026-09-25T23:35:25.371162] quant restart requested
[2026-09-25T23:35:25.375337] gmx restart requested
[2026-09-25T23:35:55.663515] quant restart requested
[2026-09-25T23:35:55.667516] gmx restart requested
[2026-09-25T23:36:26.136824] quant restart requested
[2026-09-25T23:36:26.140824] gmx restart requested
[2026-09-25T23:36:56.399416] quant restart requested
[2026-09-25T23:36:56.404417] gmx restart requested
[2026-09-25T23:37:26.887250] quant restart requested
[2026-09-25T23:37:26.890250] gmx restart requested
[2026-09-25T23:37:57.135166] quant restart requested
[2026-09-25T23:37:57.139167] gmx restart requested
[2026-09-25T23:38:27.581447] quant restart requested
[2026-09-25T23:38:27.585448] gmx restart requested
[2026-09-25T23:38:29.601156] bridge restart requested
[2026-09-25T23:39:06.407043] core restart requested
[2026-09-25T23:39:06.414045] quant restart requested
[2026-09-25T23:39:06.417046] gmx restart requested
[2026-09-25T23:39:08.465046] bridge restart requested
[2026-09-25T23:39:39.442335] quant restart requested
[2026-09-25T23:39:39.446336] gmx restart requested
[2026-09-25T23:40:09.719374] quant restart requested
[2026-09-25T23:40:09.724376] gmx restart requested
[2026-09-25T23:40:40.258841] quant restart requested
[2026-09-25T23:40:40.263842] gmx restart requested
[2026-09-25T23:41:10.531561] quant restart requested
[2026-09-25T23:41:10.535562] gmx restart requested
[2026-09-25T23:41:43.043461] core restart requested
[2026-09-25T23:41:43.050462] quant restart requested
[2026-09-25T23:41:43.055463] gmx restart requested
[2026-09-25T23:41:45.092602] bridge restart requested
[2026-09-25T23:42:17.889948] core restart requested
[2026-09-25T23:42:17.898949] quant restart requested
[2026-09-25T23:42:17.903953] gmx restart requested
[2026-09-25T23:42:19.932618] bridge restart requested
[2026-09-25T23:42:50.894120] quant restart requested
[2026-09-25T23:42:50.898119] gmx restart requested
[2026-09-25T23:43:21.197514] quant restart requested
[2026-09-25T23:43:21.202515] gmx restart requested
[2026-09-25T23:43:51.673226] quant restart requested
[2026-09-25T23:43:51.677228] gmx restart requested
[2026-09-25T23:44:21.928312] quant restart requested
[2026-09-25T23:44:21.933313] gmx restart requested
[2026-09-25T23:44:52.407241] quant restart requested
[2026-09-25T23:44:52.413243] gmx restart requested
[2026-09-25T23:45:22.672271] quant restart requested
[2026-09-25T23:45:22.672271] gmx restart requested
[2026-09-25T23:45:53.180156] quant restart requested
[2026-09-25T23:45:53.180156] gmx restart requested
[2026-09-25T23:46:23.427012] quant restart requested
[2026-09-25T23:46:23.442641] gmx restart requested
[2026-09-25T23:46:53.902011] quant restart requested
[2026-09-25T23:46:53.902011] gmx restart requested
[2026-09-25T23:47:24.138464] quant restart requested
[2026-09-25T23:47:24.138464] gmx restart requested
[2026-09-25T23:47:54.597899] quant restart requested
[2026-09-25T23:47:54.597899] gmx restart requested
[2026-09-25T23:48:24.868625] quant restart requested
[2026-09-25T23:48:24.868625] gmx restart requested
[2026-09-25T23:48:55.343041] quant restart requested
[2026-09-25T23:48:55.343041] gmx restart requested
[2026-09-25T23:49:25.585515] quant restart requested
[2026-09-25T23:49:25.585515] gmx restart requested
[2026-09-25T23:49:56.074755] quant restart requested
[2026-09-25T23:49:56.079343] gmx restart requested
[2026-09-25T23:50:26.333207] quant restart requested
[2026-09-25T23:50:26.333207] gmx restart requested
[2026-09-25T23:50:56.900433] quant restart requested
[2026-09-25T23:50:56.905863] gmx restart requested
[2026-09-25T23:51:27.204077] quant restart requested
[2026-09-25T23:51:27.204077] gmx restart requested
[2026-09-25T23:51:57.656230] quant restart requested
[2026-09-25T23:51:57.659647] gmx restart requested
[2026-09-25T23:52:28.185457] quant restart requested
[2026-09-25T23:52:28.201085] gmx restart requested
[2026-09-25T23:52:58.717291] quant restart requested
[2026-09-25T23:52:58.717291] gmx restart requested
[2026-09-25T23:53:29.001304] quant restart requested
[2026-09-25T23:53:29.001304] gmx restart requested
[2026-09-25T23:53:59.481362] quant restart requested
[2026-09-25T23:53:59.485830] gmx restart requested
[2026-09-25T23:54:29.782403] quant restart requested
[2026-09-25T23:54:29.782403] gmx restart requested
[2026-09-25T23:55:00.248870] quant restart requested
[2026-09-25T23:55:00.248870] gmx restart requested
[2026-09-25T23:55:30.480445] quant restart requested
[2026-09-25T23:55:30.480445] gmx restart requested
[2026-09-25T23:56:01.002401] quant restart requested
[2026-09-25T23:56:01.014058] gmx restart requested
[2026-09-25T23:56:31.279458] quant restart requested
[2026-09-25T23:56:31.279458] gmx restart requested
[2026-09-25T23:56:31.905670] tunnel restart requested
[2026-09-25T23:57:01.976112] quant restart requested
[2026-09-25T23:57:01.976112] gmx restart requested
[2026-09-25T23:57:02.345017] tunnel restart requested
[2026-09-25T23:57:32.426940] quant restart requested
[2026-09-25T23:57:32.426940] gmx restart requested
[2026-09-25T23:57:32.960415] tunnel restart requested
[2026-09-25T23:58:03.021181] quant restart requested
[2026-09-25T23:58:03.036810] gmx restart requested
[2026-09-25T23:58:03.460042] tunnel restart requested
[2026-09-25T23:58:33.539460] quant restart requested
[2026-09-25T23:58:33.543747] gmx restart requested
[2026-09-25T23:58:34.075268] tunnel restart requested
[2026-09-25T23:59:04.144212] quant restart requested
[2026-09-25T23:59:04.144927] gmx restart requested
[2026-09-25T23:59:04.525929] tunnel restart requested
[2026-09-25T23:59:34.590560] quant restart requested
[2026-09-25T23:59:34.594704] gmx restart requested
[2026-09-25T23:59:35.244439] tunnel restart requested
[2026-09-26T00:00:05.319666] quant restart requested
[2026-09-26T00:00:05.322666] gmx restart requested
[2026-09-26T00:00:05.688598] tunnel restart requested
[2026-09-26T00:00:35.912233] quant restart requested
[2026-09-26T00:00:35.918235] gmx restart requested
[2026-09-26T00:00:36.465244] tunnel restart requested
[2026-09-26T00:01:06.614390] quant restart requested
[2026-09-26T00:01:06.618390] gmx restart requested
[2026-09-26T00:01:06.981423] tunnel restart requested
[2026-09-26T00:01:37.048987] quant restart requested
[2026-09-26T00:01:37.051988] gmx restart requested
[2026-09-26T00:01:37.723607] tunnel restart requested
[2026-09-26T00:02:07.796639] quant restart requested
[2026-09-26T00:02:07.800638] gmx restart requested
[2026-09-26T00:02:08.159376] tunnel restart requested
[2026-09-26T00:02:38.245128] quant restart requested
[2026-09-26T00:02:38.249128] gmx restart requested
[2026-09-26T00:02:38.827501] tunnel restart requested
[2026-09-26T00:03:08.925227] quant restart requested
[2026-09-26T00:03:08.928225] gmx restart requested
[2026-09-26T00:03:09.331630] tunnel restart requested
[2026-09-26T00:03:39.404888] quant restart requested
[2026-09-26T00:03:39.410890] gmx restart requested
[2026-09-26T00:03:39.937727] tunnel restart requested
