=======================================================================
 MYLES STABILITY REPAIR v0.6.9
=======================================================================
One click. No manual PowerShell. PineTree is never touched.
Run log: C:\Users\Joshu\AppData\Local\MylesAI\logs\stability_repair_v069_20260925_235551.log

=======================================================================
 1. Back up current Myles launch/runtime configuration
=======================================================================
PASS: backup created at C:\Users\Joshu\AppData\Local\MylesAI\backups\stability_repair_v069_20260925_235551

=======================================================================
 2. Install stable background + console components
=======================================================================
PASS: installed hidden supervisor, public read gateway, and restored classic owner console

=======================================================================
 3. Normalize Myles + trading services
=======================================================================
PASS: Myles v9.7.0 healthy / PID 19848
PASS: Quant 0.6.2 / running / paper
PASS: GMX 0.6.2 / armed=False / auto=False
PASS: private bridge 8790 + public read gateway 8791 healthy

=======================================================================
 4. Restore GitHub dashboard live status connection
=======================================================================
PASS: tunnel URL created: https://ranger-fortune-risks-sheets.trycloudflare.com
PASS: cloudflared registered its tunnel connection
PASS: canonical dashboard published + verified at 527713f21f3e84dfbfc5e28a3b79f8626dd56514

=======================================================================
 5. Eliminate random empty PowerShell/CMD popups
=======================================================================
PASS: old duplicate Startup launchers retired
PASS: one hidden supervisor remains; background services no longer use visible CMD/PowerShell launchers
PASS: one visible Myles console shortcut installed: C:\Users\Joshu\AppData\Roaming\Microsoft\Windows\Start Menu\Programs\Startup\Myles.lnk

=======================================================================
 6. Final state
=======================================================================
MYLES: ONLINE
QUANT BOT: RUNNING / PAPER
GMX LIVE: DISARMED / SAFE
DASHBOARD: LIVE STATUS NO LONGER DEPENDS ON PHONE PAIRING
CHAT/CONTROL: remains private; existing browser token is preserved
RECOVERY: current dashboard pair code copied to clipboard in case chat needs one re-pair
WINDOWS: duplicate Startup entries removed; one clean visible console + hidden background supervisor
PineTree: UNTOUCHED

=======================================================================
 MYLES + BOT STABILITY REPAIR: COMPLETE
=======================================================================
