=======================================================================
 MYLES STACK RECOVERY v0.7.1
=======================================================================
One click. No manual PowerShell. PineTree is never touched.
Run log: C:\Users\Joshu\AppData\Local\MylesAI\logs\stack_recovery_v071_20260926_001258.log

=======================================================================
 1. Back up current Myles runtime + launchers
=======================================================================
PASS: backup created at C:\Users\Joshu\AppData\Local\MylesAI\backups\stack_recovery_v071_20260926_001258

=======================================================================
 2. Restore Myles core + Quant bot
=======================================================================
PASS: Myles v9.7.0 healthy / PID 3636
PASS: Quant v0.6.2 / running / paper
PASS: GMX v0.6.2 / armed=False / auto=False

=======================================================================
 3. Restore the local dashboard bridge
=======================================================================
PASS: authenticated bridge healthy / v1.8

=======================================================================
 4. Restore dashboard public status path
=======================================================================
PASS: private read gateway healthy on 127.0.0.1:8791
PASS: cloudflared = C:\Program Files (x86)\cloudflared\cloudflared.exe
PASS: public tunnel created: https://truth-audience-impression-resistant.trycloudflare.com
PASS: tunnel registered with Cloudflare

=======================================================================
 5. Restore GitHub dashboard live endpoint
=======================================================================
PASS: bridge.json published and verified on JoshuaDuskin/MylesDashboard
PASS: dashboard HTML/design was not replaced

=======================================================================
 6. Restore the better Myles console + stop popup launchers
=======================================================================
PASS: one direct Myles console shortcut installed
PASS: one hidden pythonw supervisor installed
PASS: no active Myles CMD/PowerShell/VBS startup wrappers remain

=======================================================================
 7. Final verification
=======================================================================
MYLES: ONLINE
QUANT BOT: RUNNING / PAPER
GMX LIVE: DISARMED / SAFE
DASHBOARD: LIVE ENDPOINT PUBLISHED
POPUPS: ACTIVE MYLES SHELL WRAPPERS REMOVED
PineTree: UNTOUCHED

=======================================================================
 MYLES STACK RECOVERY: COMPLETE
=======================================================================
The dashboard may need one hard refresh while GitHub Pages updates.
